Archive member included because of file (symbol)

c:/program files (x86)/atmel/studio/7.0/toolchain/arm/arm-gnu-toolchain/bin/../lib/gcc/arm-none-eabi/4.9.3/../../../../arm-none-eabi/lib/armv7e-m\libc.a(lib_a-exit.o)
                              c:/program files (x86)/atmel/studio/7.0/toolchain/arm/arm-gnu-toolchain/bin/../lib/gcc/arm-none-eabi/4.9.3/../../../../arm-none-eabi/lib/armv7e-m/crt0.o (exit)
c:/program files (x86)/atmel/studio/7.0/toolchain/arm/arm-gnu-toolchain/bin/../lib/gcc/arm-none-eabi/4.9.3/../../../../arm-none-eabi/lib/armv7e-m\libc.a(lib_a-impure.o)
                              c:/program files (x86)/atmel/studio/7.0/toolchain/arm/arm-gnu-toolchain/bin/../lib/gcc/arm-none-eabi/4.9.3/../../../../arm-none-eabi/lib/armv7e-m\libc.a(lib_a-exit.o) (_global_impure_ptr)
c:/program files (x86)/atmel/studio/7.0/toolchain/arm/arm-gnu-toolchain/bin/../lib/gcc/arm-none-eabi/4.9.3/../../../../arm-none-eabi/lib/armv7e-m\libc.a(lib_a-init.o)
                              c:/program files (x86)/atmel/studio/7.0/toolchain/arm/arm-gnu-toolchain/bin/../lib/gcc/arm-none-eabi/4.9.3/../../../../arm-none-eabi/lib/armv7e-m/crt0.o (__libc_init_array)
c:/program files (x86)/atmel/studio/7.0/toolchain/arm/arm-gnu-toolchain/bin/../lib/gcc/arm-none-eabi/4.9.3/../../../../arm-none-eabi/lib/armv7e-m\libc.a(lib_a-iprintf.o)
                              src/ASF/sam/utils/syscalls/gcc/syscalls.o (iprintf)
c:/program files (x86)/atmel/studio/7.0/toolchain/arm/arm-gnu-toolchain/bin/../lib/gcc/arm-none-eabi/4.9.3/../../../../arm-none-eabi/lib/armv7e-m\libc.a(lib_a-memset.o)
                              c:/program files (x86)/atmel/studio/7.0/toolchain/arm/arm-gnu-toolchain/bin/../lib/gcc/arm-none-eabi/4.9.3/../../../../arm-none-eabi/lib/armv7e-m/crt0.o (memset)
c:/program files (x86)/atmel/studio/7.0/toolchain/arm/arm-gnu-toolchain/bin/../lib/gcc/arm-none-eabi/4.9.3/../../../../arm-none-eabi/lib/armv7e-m\libc.a(lib_a-setbuf.o)
                              src/ili93xx_example.o (setbuf)
c:/program files (x86)/atmel/studio/7.0/toolchain/arm/arm-gnu-toolchain/bin/../lib/gcc/arm-none-eabi/4.9.3/../../../../arm-none-eabi/lib/armv7e-m\libc.a(lib_a-setvbuf.o)
                              c:/program files (x86)/atmel/studio/7.0/toolchain/arm/arm-gnu-toolchain/bin/../lib/gcc/arm-none-eabi/4.9.3/../../../../arm-none-eabi/lib/armv7e-m\libc.a(lib_a-setbuf.o) (setvbuf)
c:/program files (x86)/atmel/studio/7.0/toolchain/arm/arm-gnu-toolchain/bin/../lib/gcc/arm-none-eabi/4.9.3/../../../../arm-none-eabi/lib/armv7e-m\libc.a(lib_a-snprintf.o)
                              src/ili93xx_example.o (snprintf)
c:/program files (x86)/atmel/studio/7.0/toolchain/arm/arm-gnu-toolchain/bin/../lib/gcc/arm-none-eabi/4.9.3/../../../../arm-none-eabi/lib/armv7e-m\libc.a(lib_a-svfprintf.o)
                              c:/program files (x86)/atmel/studio/7.0/toolchain/arm/arm-gnu-toolchain/bin/../lib/gcc/arm-none-eabi/4.9.3/../../../../arm-none-eabi/lib/armv7e-m\libc.a(lib_a-snprintf.o) (_svfprintf_r)
c:/program files (x86)/atmel/studio/7.0/toolchain/arm/arm-gnu-toolchain/bin/../lib/gcc/arm-none-eabi/4.9.3/../../../../arm-none-eabi/lib/armv7e-m\libc.a(lib_a-vfiprintf.o)
                              c:/program files (x86)/atmel/studio/7.0/toolchain/arm/arm-gnu-toolchain/bin/../lib/gcc/arm-none-eabi/4.9.3/../../../../arm-none-eabi/lib/armv7e-m\libc.a(lib_a-iprintf.o) (_vfiprintf_r)
c:/program files (x86)/atmel/studio/7.0/toolchain/arm/arm-gnu-toolchain/bin/../lib/gcc/arm-none-eabi/4.9.3/../../../../arm-none-eabi/lib/armv7e-m\libc.a(lib_a-wsetup.o)
                              c:/program files (x86)/atmel/studio/7.0/toolchain/arm/arm-gnu-toolchain/bin/../lib/gcc/arm-none-eabi/4.9.3/../../../../arm-none-eabi/lib/armv7e-m\libc.a(lib_a-vfiprintf.o) (__swsetup_r)
c:/program files (x86)/atmel/studio/7.0/toolchain/arm/arm-gnu-toolchain/bin/../lib/gcc/arm-none-eabi/4.9.3/../../../../arm-none-eabi/lib/armv7e-m\libc.a(lib_a-__call_atexit.o)
                              c:/program files (x86)/atmel/studio/7.0/toolchain/arm/arm-gnu-toolchain/bin/../lib/gcc/arm-none-eabi/4.9.3/../../../../arm-none-eabi/lib/armv7e-m\libc.a(lib_a-exit.o) (__call_exitprocs)
c:/program files (x86)/atmel/studio/7.0/toolchain/arm/arm-gnu-toolchain/bin/../lib/gcc/arm-none-eabi/4.9.3/../../../../arm-none-eabi/lib/armv7e-m\libc.a(lib_a-atexit.o)
                              c:/program files (x86)/atmel/studio/7.0/toolchain/arm/arm-gnu-toolchain/bin/../lib/gcc/arm-none-eabi/4.9.3/../../../../arm-none-eabi/lib/armv7e-m\libc.a(lib_a-__call_atexit.o) (atexit)
c:/program files (x86)/atmel/studio/7.0/toolchain/arm/arm-gnu-toolchain/bin/../lib/gcc/arm-none-eabi/4.9.3/../../../../arm-none-eabi/lib/armv7e-m\libc.a(lib_a-dtoa.o)
                              c:/program files (x86)/atmel/studio/7.0/toolchain/arm/arm-gnu-toolchain/bin/../lib/gcc/arm-none-eabi/4.9.3/../../../../arm-none-eabi/lib/armv7e-m\libc.a(lib_a-svfprintf.o) (_dtoa_r)
[...]
Memory Configuration

Name             Origin             Length             Attributes
rom              0x00400000         0x00200000         xr
ram              0x20000000         0x00028000         xrw
*default*        0x00000000         0xffffffff

Linker script and memory map

LOAD c:/program files (x86)/atmel/studio/7.0/toolchain/arm/arm-gnu-toolchain/bin/../lib/gcc/arm-none-eabi/4.9.3/armv7e-m/crti.o
LOAD c:/program files (x86)/atmel/studio/7.0/toolchain/arm/arm-gnu-toolchain/bin/../lib/gcc/arm-none-eabi/4.9.3/armv7e-m/crtbegin.o
LOAD c:/program files (x86)/atmel/studio/7.0/toolchain/arm/arm-gnu-toolchain/bin/../lib/gcc/arm-none-eabi/4.9.3/../../../../arm-none-eabi/lib/armv7e-m/crt0.o
LOAD src/ASF/sam/drivers/tc/tc.o
LOAD src/ASF/common/services/clock/sam4s/sysclk.o
LOAD src/ASF/common/services/serial/usart_serial.o
LOAD src/ASF/common/utils/interrupt/interrupt_sam_nvic.o
LOAD src/ASF/common/utils/stdio/read.o
LOAD src/ASF/common/utils/stdio/write.o
LOAD src/ASF/sam/boards/sam4s_ek2/init.o
LOAD src/ASF/sam/boards/sam4s_ek2/led.o
LOAD src/ASF/sam/components/display/aat31xx/aat31xx.o
LOAD src/ASF/sam/components/display/ili93xx/ili93xx.o
LOAD src/ASF/sam/drivers/ebi/smc/smc.o
LOAD src/ASF/sam/drivers/pio/pio.o
LOAD src/ASF/sam/drivers/pio/pio_handler.o
LOAD src/ASF/sam/drivers/pmc/pmc.o
LOAD src/ASF/sam/drivers/pmc/sleep.o
LOAD src/ASF/sam/drivers/uart/uart.o
LOAD src/ASF/sam/drivers/usart/usart.o
LOAD src/ASF/sam/utils/cmsis/sam4s/source/templates/gcc/startup_sam4s.o
LOAD src/ASF/sam/utils/cmsis/sam4s/source/templates/system_sam4s.o
LOAD src/ASF/sam/utils/syscalls/gcc/syscalls.o
LOAD src/ili93xx_example.o
START GROUP
LOAD ../src/ASF/thirdparty/CMSIS/Lib/GCC\libarm_cortexM4l_math.a
LOAD c:/program files (x86)/atmel/studio/7.0/toolchain/arm/arm-gnu-toolchain/bin/../lib/gcc/arm-none-eabi/4.9.3/../../../../arm-none-eabi/lib/armv7e-m\libm.a
END GROUP
START GROUP
LOAD c:/program files (x86)/atmel/studio/7.0/toolchain/arm/arm-gnu-toolchain/bin/../lib/gcc/arm-none-eabi/4.9.3/armv7e-m\libgcc.a
LOAD c:/program files (x86)/atmel/studio/7.0/toolchain/arm/arm-gnu-toolchain/bin/../lib/gcc/arm-none-eabi/4.9.3/../../../../arm-none-eabi/lib/armv7e-m\libc.a
END GROUP
LOAD c:/program files (x86)/atmel/studio/7.0/toolchain/arm/arm-gnu-toolchain/bin/../lib/gcc/arm-none-eabi/4.9.3/armv7e-m/crtend.o
LOAD c:/program files (x86)/atmel/studio/7.0/toolchain/arm/arm-gnu-toolchain/bin/../lib/gcc/arm-none-eabi/4.9.3/armv7e-m/crtn.o
                0x00003000                __stack_size__ = DEFINED (__stack_size__)?__stack_size__:0x3000
                0x20027ffc                __ram_end__ = ((ORIGIN (ram) + 0x28000) - 0x4)

.text           0x00400000     0x7794
                0x00400000                . = ALIGN (0x4)
                0x00400000                _sfixed = .
 *(.vectors .vectors.*)
 .vectors       0x00400000       0xcc src/ASF/sam/utils/cmsis/sam4s/source/templates/gcc/startup_sam4s.o
                0x00400000                exception_table
 *(.text .text.* .gnu.linkonce.t.*)
 .text          0x004000cc       0x5c c:/program files (x86)/atmel/studio/7.0/toolchain/arm/arm-gnu-toolchain/bin/../lib/gcc/arm-none-eabi/4.9.3/armv7e-m/crtbegin.o
 .text.tc_init  0x00400128       0x1c src/ASF/sam/drivers/tc/tc.o
                0x00400128                tc_init
 .text.tc_start
                0x00400144        0x8 src/ASF/sam/drivers/tc/tc.o
                0x00400144                tc_start
 .text.tc_write_rc
                0x0040014c        0x8 src/ASF/sam/drivers/tc/tc.o
                0x0040014c                tc_write_rc
 .text.tc_enable_interrupt
                0x00400154        0x8 src/ASF/sam/drivers/tc/tc.o
                0x00400154                tc_enable_interrupt
 .text.tc_get_status
                0x0040015c        0x8 src/ASF/sam/drivers/tc/tc.o
                0x0040015c                tc_get_status
 .text.sysclk_init
                0x00400164       0x64 src/ASF/common/services/clock/sam4s/sysclk.o
                0x00400164                sysclk_init
 .text._read    0x004001c8       0x3c src/ASF/common/utils/stdio/read.o
                0x004001c8                _read
 .text._write   0x00400204       0x50 src/ASF/common/utils/stdio/write.o
                0x00400204                _write
 .text.board_init
                0x00400254       0xb8 src/ASF/sam/boards/sam4s_ek2/init.o
                0x00400254                board_init
 .text.aat31xx_set_backlight
                0x0040030c       0x5c src/ASF/sam/components/display/aat31xx/aat31xx.o
                0x0040030c                aat31xx_set_backlight
 .text.aat31xx_disable_backlight
                0x00400368       0x24 src/ASF/sam/components/display/aat31xx/aat31xx.o
                0x00400368                aat31xx_disable_backlight
 .text.ili93xx_write_ram_prepare
                0x0040038c       0x30 src/ASF/sam/components/display/ili93xx/ili93xx.o
 .text.ili93xx_write_ram
                0x004003bc       0x18 src/ASF/sam/components/display/ili93xx/ili93xx.o
 .text.ili93xx_write_ram_buffer
                0x004003d4       0x60 src/ASF/sam/components/display/ili93xx/ili93xx.o
 .text.ili93xx_write_register_word
                0x00400434       0x18 src/ASF/sam/components/display/ili93xx/ili93xx.o
 .text.ili93xx_write_register
                0x0040044c       0x2c src/ASF/sam/components/display/ili93xx/ili93xx.o
 .text.ili93xx_delay
                0x00400478       0x38 src/ASF/sam/components/display/ili93xx/ili93xx.o
 .text.ili93xx_check_box_coordinates
                0x004004b0       0x60 src/ASF/sam/components/display/ili93xx/ili93xx.o
 .text.ili93xx_device_type_identify
                0x00400510       0x7c src/ASF/sam/components/display/ili93xx/ili93xx.o
                0x00400510                ili93xx_device_type_identify
 .text.ili93xx_display_on
                0x0040058c       0x34 src/ASF/sam/components/display/ili93xx/ili93xx.o
                0x0040058c                ili93xx_display_on
 .text.ili93xx_set_foreground_color
                0x004005c0       0x18 src/ASF/sam/components/display/ili93xx/ili93xx.o
                0x004005c0                ili93xx_set_foreground_color
 .text.ili93xx_set_window
                0x004005d8       0xa4 src/ASF/sam/components/display/ili93xx/ili93xx.o
                0x004005d8                ili93xx_set_window
 .text.ili93xx_set_cursor_position
                0x0040067c       0x24 src/ASF/sam/components/display/ili93xx/ili93xx.o
                0x0040067c                ili93xx_set_cursor_position
 .text.ili93xx_init
                0x004006a0      0x2e4 src/ASF/sam/components/display/ili93xx/ili93xx.o
                0x004006a0                ili93xx_init
 .text.ili93xx_draw_pixel
                0x00400984       0x7c src/ASF/sam/components/display/ili93xx/ili93xx.o
                0x00400984                ili93xx_draw_pixel
 .text.ili93xx_draw_filled_rectangle
                0x00400a00       0xc4 src/ASF/sam/components/display/ili93xx/ili93xx.o
                0x00400a00                ili93xx_draw_filled_rectangle
 .text.ili93xx_draw_line
                0x00400ac4       0xcc src/ASF/sam/components/display/ili93xx/ili93xx.o
                0x00400ac4                ili93xx_draw_line
 .text.ili93xx_draw_string
                0x00400b90       0xac src/ASF/sam/components/display/ili93xx/ili93xx.o
                0x00400b90                ili93xx_draw_string
 .text.smc_set_setup_timing
                0x00400c3c        0x8 src/ASF/sam/drivers/ebi/smc/smc.o
                0x00400c3c                smc_set_setup_timing
 .text.smc_set_pulse_timing
                0x00400c44        0x8 src/ASF/sam/drivers/ebi/smc/smc.o
                0x00400c44                smc_set_pulse_timing
 .text.smc_set_cycle_timing
                0x00400c4c        0x8 src/ASF/sam/drivers/ebi/smc/smc.o
                0x00400c4c                smc_set_cycle_timing
 .text.smc_set_mode
                0x00400c54        0x8 src/ASF/sam/drivers/ebi/smc/smc.o
                0x00400c54                smc_set_mode
 .text.pio_set_debounce_filter
                0x00400c5c       0x1c src/ASF/sam/drivers/pio/pio.o
                0x00400c5c                pio_set_debounce_filter
 .text.pio_set_peripheral
                0x00400c78       0x94 src/ASF/sam/drivers/pio/pio.o
                0x00400c78                pio_set_peripheral
 .text.pio_set_input
                0x00400d0c       0x34 src/ASF/sam/drivers/pio/pio.o
                0x00400d0c                pio_set_input
 .text.pio_set_output
                0x00400d40       0x28 src/ASF/sam/drivers/pio/pio.o
                0x00400d40                pio_set_output
 .text.pio_configure_interrupt
                0x00400d68       0x30 src/ASF/sam/drivers/pio/pio.o
                0x00400d68                pio_configure_interrupt
 .text.pio_enable_interrupt
                0x00400d98        0x8 src/ASF/sam/drivers/pio/pio.o
                0x00400d98                pio_enable_interrupt
 .text.pio_get_interrupt_status
                0x00400da0        0x4 src/ASF/sam/drivers/pio/pio.o
                0x00400da0                pio_get_interrupt_status
 .text.pio_get_interrupt_mask
                0x00400da4        0x4 src/ASF/sam/drivers/pio/pio.o
                0x00400da4                pio_get_interrupt_mask
 .text.pio_configure_pin
                0x00400da8      0x124 src/ASF/sam/drivers/pio/pio.o
                0x00400da8                pio_configure_pin
 .text.pio_configure_pin_group
                0x00400ecc       0xdc src/ASF/sam/drivers/pio/pio.o
                0x00400ecc                pio_configure_pin_group
 .text.pio_handler_process
                0x00400fa8       0x68 src/ASF/sam/drivers/pio/pio_handler.o
                0x00400fa8                pio_handler_process
 .text.pio_handler_set
                0x00401010       0x40 src/ASF/sam/drivers/pio/pio_handler.o
                0x00401010                pio_handler_set
 .text.PIOA_Handler
                0x00401050       0x14 src/ASF/sam/drivers/pio/pio_handler.o
                0x00401050                PIOA_Handler
 .text.PIOB_Handler
                0x00401064       0x14 src/ASF/sam/drivers/pio/pio_handler.o
                0x00401064                PIOB_Handler
 .text.PIOC_Handler
                0x00401078       0x14 src/ASF/sam/drivers/pio/pio_handler.o
                0x00401078                PIOC_Handler
 .text.pmc_switch_mck_to_pllack
                0x0040108c       0x68 src/ASF/sam/drivers/pmc/pmc.o
                0x0040108c                pmc_switch_mck_to_pllack
 .text.pmc_switch_mainck_to_xtal
                0x004010f4       0x54 src/ASF/sam/drivers/pmc/pmc.o
                0x004010f4                pmc_switch_mainck_to_xtal
 .text.pmc_osc_is_ready_mainck
                0x00401148       0x10 src/ASF/sam/drivers/pmc/pmc.o
                0x00401148                pmc_osc_is_ready_mainck
 .text.pmc_disable_pllack
                0x00401158       0x10 src/ASF/sam/drivers/pmc/pmc.o
                0x00401158                pmc_disable_pllack
 .text.pmc_is_locked_pllack
                0x00401168       0x10 src/ASF/sam/drivers/pmc/pmc.o
                0x00401168                pmc_is_locked_pllack
 .text.pmc_disable_pllbck
                0x00401178        0xc src/ASF/sam/drivers/pmc/pmc.o
                0x00401178                pmc_disable_pllbck
 .text.pmc_enable_periph_clk
                0x00401184       0x54 src/ASF/sam/drivers/pmc/pmc.o
                0x00401184                pmc_enable_periph_clk
 .text.pmc_set_flash_in_wait_mode
                0x004011d8        0xc src/ASF/sam/drivers/pmc/pmc.o
                0x004011d8                pmc_set_flash_in_wait_mode
 .text.pmc_enable_waitmode
                0x004011e4       0x50 src/ASF/sam/drivers/pmc/pmc.o
                0x004011e4                pmc_enable_waitmode
 .text.pmc_sleep
                0x00401234      0x2b4 src/ASF/sam/drivers/pmc/sleep.o
                0x00401234                pmc_sleep
 .text.uart_init
                0x004014e8       0x38 src/ASF/sam/drivers/uart/uart.o
                0x004014e8                uart_init
 .text.uart_write
                0x00401520       0x10 src/ASF/sam/drivers/uart/uart.o
                0x00401520                uart_write
 .text.uart_read
                0x00401530       0x14 src/ASF/sam/drivers/uart/uart.o
                0x00401530                uart_read
 .text.usart_write
                0x00401544       0x14 src/ASF/sam/drivers/usart/usart.o
                0x00401544                usart_write
 .text.usart_read
                0x00401558       0x18 src/ASF/sam/drivers/usart/usart.o
                0x00401558                usart_read
 .text.Dummy_Handler
                0x00401570        0x4 src/ASF/sam/utils/cmsis/sam4s/source/templates/gcc/startup_sam4s.o
                0x00401570                DACC_Handler
                0x00401570                DebugMon_Handler
                0x00401570                HardFault_Handler
                0x00401570                TC2_Handler
                0x00401570                SPI_Handler
                0x00401570                SysTick_Handler
                0x00401570                TWI1_Handler
                0x00401570                PendSV_Handler
                0x00401570                NMI_Handler
                0x00401570                ADC_Handler
                0x00401570                CRCCU_Handler
                0x00401570                USART0_Handler
                0x00401570                RTT_Handler
                0x00401570                EFC1_Handler
                0x00401570                RTC_Handler
                0x00401570                UsageFault_Handler
                0x00401570                WDT_Handler
                0x00401570                TC4_Handler
                0x00401570                TC1_Handler
                0x00401570                HSMCI_Handler
                0x00401570                UART1_Handler
                0x00401570                TC3_Handler
                0x00401570                Dummy_Handler
                0x00401570                TWI0_Handler
                0x00401570                USART1_Handler
                0x00401570                SSC_Handler
                0x00401570                EFC0_Handler
                0x00401570                ACC_Handler
                0x00401570                PMC_Handler
                0x00401570                PWM_Handler
                0x00401570                MemManage_Handler
                0x00401570                SUPC_Handler
                0x00401570                SVC_Handler
                0x00401570                UART0_Handler
                0x00401570                UDP_Handler
                0x00401570                BusFault_Handler
                0x00401570                RSTC_Handler
                0x00401570                TC5_Handler
 .text.Reset_Handler
                0x00401574       0xb0 src/ASF/sam/utils/cmsis/sam4s/source/templates/gcc/startup_sam4s.o
                0x00401574                Reset_Handler
 .text.SystemCoreClockUpdate
                0x00401624      0x114 src/ASF/sam/utils/cmsis/sam4s/source/templates/system_sam4s.o
                0x00401624                SystemCoreClockUpdate
 .text.system_init_flash
                0x00401738       0x94 src/ASF/sam/utils/cmsis/sam4s/source/templates/system_sam4s.o
                0x00401738                system_init_flash
 .text._sbrk    0x004017cc       0x34 src/ASF/sam/utils/syscalls/gcc/syscalls.o
                0x004017cc                _sbrk
 .text._close   0x00401800        0x8 src/ASF/sam/utils/syscalls/gcc/syscalls.o
                0x00401800                _close
 .text._lseek   0x00401808        0x4 src/ASF/sam/utils/syscalls/gcc/syscalls.o
                0x00401808                _lseek
 .text.usart_serial_getchar
                0x0040180c       0x88 src/ili93xx_example.o
 .text.usart_serial_putchar
                0x00401894       0x80 src/ili93xx_example.o
 .text.atualiza_contador
                0x00401914       0x50 src/ili93xx_example.o
                0x00401914                atualiza_contador
 .text.Button2_Handler
                0x00401964       0x18 src/ili93xx_example.o
 .text.Button1_Handler
                0x0040197c       0x18 src/ili93xx_example.o
 .text.atualiza_tempo
                0x00401994       0x6c src/ili93xx_example.o
                0x00401994                atualiza_tempo
 .text.TC0_Handler
                0x00401a00       0x34 src/ili93xx_example.o
                0x00401a00                TC0_Handler
 .text.main     0x00401a34      0x2c4 src/ili93xx_example.o
                0x00401a34                main
 .text.__libc_init_array
                0x00401cf8       0x50 c:/program files (x86)/atmel/studio/7.0/toolchain/arm/arm-gnu-toolchain/bin/../lib/gcc/arm-none-eabi/4.9.3/../../../../arm-none-eabi/lib/armv7e-m\libc.a(lib_a-init.o)
                0x00401cf8                __libc_init_array
 .text.memset   0x00401d48       0x9c c:/program files (x86)/atmel/studio/7.0/toolchain/arm/arm-gnu-toolchain/bin/../lib/gcc/arm-none-eabi/4.9.3/../../../../arm-none-eabi/lib/armv7e-m\libc.a(lib_a-memset.o)
                0x00401d48                memset
 .text.setbuf   0x00401de4       0x10 c:/program files (x86)/atmel/studio/7.0/toolchain/arm/arm-gnu-toolchain/bin/../lib/gcc/arm-none-eabi/4.9.3/../../../../arm-none-eabi/lib/armv7e-m\libc.a(lib_a-setbuf.o)
                0x00401de4                setbuf
 .text.setvbuf  0x00401df4       0xf8 c:/program files (x86)/atmel/studio/7.0/toolchain/arm/arm-gnu-toolchain/bin/../lib/gcc/arm-none-eabi/4.9.3/../../../../arm-none-eabi/lib/armv7e-m\libc.a(lib_a-setvbuf.o)
                0x00401df4                setvbuf
 .text.snprintf
                0x00401eec       0x9c c:/program files (x86)/atmel/studio/7.0/toolchain/arm/arm-gnu-toolchain/bin/../lib/gcc/arm-none-eabi/4.9.3/../../../../arm-none-eabi/lib/armv7e-m\libc.a(lib_a-snprintf.o)
                0x00401eec                snprintf
 .text._svfprintf_r
                0x00401f88     0x1494 c:/program files (x86)/atmel/studio/7.0/toolchain/arm/arm-gnu-toolchain/bin/../lib/gcc/arm-none-eabi/4.9.3/../../../../arm-none-eabi/lib/armv7e-m\libc.a(lib_a-svfprintf.o)
                0x00401f88                _svfprintf_r
 .text.startup.register_fini
                0x0040341c       0x14 c:/program files (x86)/atmel/studio/7.0/toolchain/arm/arm-gnu-toolchain/bin/../lib/gcc/arm-none-eabi/4.9.3/../../../../arm-none-eabi/lib/armv7e-m\libc.a(lib_a-__call_atexit.o)
 .text.atexit   0x00403430        0xc c:/program files (x86)/atmel/studio/7.0/toolchain/arm/arm-gnu-toolchain/bin/../lib/gcc/arm-none-eabi/4.9.3/../../../../arm-none-eabi/lib/armv7e-m\libc.a(lib_a-atexit.o)
                0x00403430                atexit
 .text.quorem   0x0040343c      0x12c c:/program files (x86)/atmel/studio/7.0/toolchain/arm/arm-gnu-toolchain/bin/../lib/gcc/arm-none-eabi/4.9.3/../../../../arm-none-eabi/lib/armv7e-m\libc.a(lib_a-dtoa.o)
 .text._dtoa_r  0x00403568      0xe94 c:/program files (x86)/atmel/studio/7.0/toolchain/arm/arm-gnu-toolchain/bin/../lib/gcc/arm-none-eabi/4.9.3/../../../../arm-none-eabi/lib/armv7e-m\libc.a(lib_a-dtoa.o)
                0x00403568                _dtoa_r
 .text.__sflush_r
                0x004043fc      0x154 c:/program files (x86)/atmel/studio/7.0/toolchain/arm/arm-gnu-toolchain/bin/../lib/gcc/arm-none-eabi/4.9.3/../../../../arm-none-eabi/lib/armv7e-m\libc.a(lib_a-fflush.o)
                0x004043fc                __sflush_r
 .text._fflush_r
                0x00404550       0x2c c:/program files (x86)/atmel/studio/7.0/toolchain/arm/arm-gnu-toolchain/bin/../lib/gcc/arm-none-eabi/4.9.3/../../../../arm-none-eabi/lib/armv7e-m\libc.a(lib_a-fflush.o)
                0x00404550                _fflush_r
 .text._cleanup_r
                0x0040457c        0xc c:/program files (x86)/atmel/studio/7.0/toolchain/arm/arm-gnu-toolchain/bin/../lib/gcc/arm-none-eabi/4.9.3/../../../../arm-none-eabi/lib/armv7e-m\libc.a(lib_a-findfp.o)
                0x0040457c                _cleanup_r
 .text.__sinit.part.1
                0x00404588       0xf0 c:/program files (x86)/atmel/studio/7.0/toolchain/arm/arm-gnu-toolchain/bin/../lib/gcc/arm-none-eabi/4.9.3/../../../../arm-none-eabi/lib/armv7e-m\libc.a(lib_a-findfp.o)
 .text.__sinit  0x00404678        0xc c:/program files (x86)/atmel/studio/7.0/toolchain/arm/arm-gnu-toolchain/bin/../lib/gcc/arm-none-eabi/4.9.3/../../../../arm-none-eabi/lib/armv7e-m\libc.a(lib_a-findfp.o)
                0x00404678                __sinit
 .text.__sfp_lock_acquire
                0x00404684        0x4 c:/program files (x86)/atmel/studio/7.0/toolchain/arm/arm-gnu-toolchain/bin/../lib/gcc/arm-none-eabi/4.9.3/../../../../arm-none-eabi/lib/armv7e-m\libc.a(lib_a-findfp.o)
                0x00404684                __sfp_lock_acquire
 .text.__sfp_lock_release
                0x00404688        0x4 c:/program files (x86)/atmel/studio/7.0/toolchain/arm/arm-gnu-toolchain/bin/../lib/gcc/arm-none-eabi/4.9.3/../../../../arm-none-eabi/lib/armv7e-m\libc.a(lib_a-findfp.o)
                0x00404688                __sfp_lock_release
 .text.__libc_fini_array
                0x0040468c       0x2c c:/program files (x86)/atmel/studio/7.0/toolchain/arm/arm-gnu-toolchain/bin/../lib/gcc/arm-none-eabi/4.9.3/../../../../arm-none-eabi/lib/armv7e-m\libc.a(lib_a-fini.o)
                0x0040468c                __libc_fini_array
 .text._malloc_trim_r
                0x004046b8       0x9c c:/program files (x86)/atmel/studio/7.0/toolchain/arm/arm-gnu-toolchain/bin/../lib/gcc/arm-none-eabi/4.9.3/../../../../arm-none-eabi/lib/armv7e-m\libc.a(lib_a-freer.o)
                0x004046b8                _malloc_trim_r
 .text._free_r  0x00404754      0x1b0 c:/program files (x86)/atmel/studio/7.0/toolchain/arm/arm-gnu-toolchain/bin/../lib/gcc/arm-none-eabi/4.9.3/../../../../arm-none-eabi/lib/armv7e-m\libc.a(lib_a-freer.o)
                0x00404754                _free_r
 .text._fwalk_reent
                0x00404904       0x54 c:/program files (x86)/atmel/studio/7.0/toolchain/arm/arm-gnu-toolchain/bin/../lib/gcc/arm-none-eabi/4.9.3/../../../../arm-none-eabi/lib/armv7e-m\libc.a(lib_a-fwalk.o)
                0x00404904                _fwalk_reent
 .text._localeconv_r
                0x00404958        0x8 c:/program files (x86)/atmel/studio/7.0/toolchain/arm/arm-gnu-toolchain/bin/../lib/gcc/arm-none-eabi/4.9.3/../../../../arm-none-eabi/lib/armv7e-m\libc.a(lib_a-locale.o)
                0x00404958                _localeconv_r
 .text.malloc   0x00404960       0x10 c:/program files (x86)/atmel/studio/7.0/toolchain/arm/arm-gnu-toolchain/bin/../lib/gcc/arm-none-eabi/4.9.3/../../../../arm-none-eabi/lib/armv7e-m\libc.a(lib_a-malloc.o)
                0x00404960                malloc
 .text._malloc_r
                0x00404970      0x524 c:/program files (x86)/atmel/studio/7.0/toolchain/arm/arm-gnu-toolchain/bin/../lib/gcc/arm-none-eabi/4.9.3/../../../../arm-none-eabi/lib/armv7e-m\libc.a(lib_a-mallocr.o)
                0x00404970                _malloc_r
 .text.memchr   0x00404e94       0x94 c:/program files (x86)/atmel/studio/7.0/toolchain/arm/arm-gnu-toolchain/bin/../lib/gcc/arm-none-eabi/4.9.3/../../../../arm-none-eabi/lib/armv7e-m\libc.a(lib_a-memchr.o)
                0x00404e94                memchr
 .text          0x00404f28      0x134 c:/program files (x86)/atmel/studio/7.0/toolchain/arm/arm-gnu-toolchain/bin/../lib/gcc/arm-none-eabi/4.9.3/../../../../arm-none-eabi/lib/armv7e-m\libc.a(lib_a-memcpy.o)
                0x00404f28                memcpy
 .text.memmove  0x0040505c       0xc8 c:/program files (x86)/atmel/studio/7.0/toolchain/arm/arm-gnu-toolchain/bin/../lib/gcc/arm-none-eabi/4.9.3/../../../../arm-none-eabi/lib/armv7e-m\libc.a(lib_a-memmove.o)
                0x0040505c                memmove
 .text.__malloc_lock
                0x00405124        0x4 c:/program files (x86)/atmel/studio/7.0/toolchain/arm/arm-gnu-toolchain/bin/../lib/gcc/arm-none-eabi/4.9.3/../../../../arm-none-eabi/lib/armv7e-m\libc.a(lib_a-mlock.o)
                0x00405124                __malloc_lock
 .text.__malloc_unlock
                0x00405128        0x4 c:/program files (x86)/atmel/studio/7.0/toolchain/arm/arm-gnu-toolchain/bin/../lib/gcc/arm-none-eabi/4.9.3/../../../../arm-none-eabi/lib/armv7e-m\libc.a(lib_a-mlock.o)
                0x00405128                __malloc_unlock
 .text._Balloc  0x0040512c       0x4c c:/program files (x86)/atmel/studio/7.0/toolchain/arm/arm-gnu-toolchain/bin/../lib/gcc/arm-none-eabi/4.9.3/../../../../arm-none-eabi/lib/armv7e-m\libc.a(lib_a-mprec.o)
                0x0040512c                _Balloc
 .text._Bfree   0x00405178       0x14 c:/program files (x86)/atmel/studio/7.0/toolchain/arm/arm-gnu-toolchain/bin/../lib/gcc/arm-none-eabi/4.9.3/../../../../arm-none-eabi/lib/armv7e-m\libc.a(lib_a-mprec.o)
                0x00405178                _Bfree
 .text.__multadd
                0x0040518c       0x84 c:/program files (x86)/atmel/studio/7.0/toolchain/arm/arm-gnu-toolchain/bin/../lib/gcc/arm-none-eabi/4.9.3/../../../../arm-none-eabi/lib/armv7e-m\libc.a(lib_a-mprec.o)
                0x0040518c                __multadd
 .text.__hi0bits
                0x00405210       0x40 c:/program files (x86)/atmel/studio/7.0/toolchain/arm/arm-gnu-toolchain/bin/../lib/gcc/arm-none-eabi/4.9.3/../../../../arm-none-eabi/lib/armv7e-m\libc.a(lib_a-mprec.o)
                0x00405210                __hi0bits
 .text.__lo0bits
                0x00405250       0x5c c:/program files (x86)/atmel/studio/7.0/toolchain/arm/arm-gnu-toolchain/bin/../lib/gcc/arm-none-eabi/4.9.3/../../../../arm-none-eabi/lib/armv7e-m\libc.a(lib_a-mprec.o)
                0x00405250                __lo0bits
 .text.__i2b    0x004052ac       0x14 c:/program files (x86)/atmel/studio/7.0/toolchain/arm/arm-gnu-toolchain/bin/../lib/gcc/arm-none-eabi/4.9.3/../../../../arm-none-eabi/lib/armv7e-m\libc.a(lib_a-mprec.o)
                0x004052ac                __i2b
 .text.__multiply
                0x004052c0      0x134 c:/program files (x86)/atmel/studio/7.0/toolchain/arm/arm-gnu-toolchain/bin/../lib/gcc/arm-none-eabi/4.9.3/../../../../arm-none-eabi/lib/armv7e-m\libc.a(lib_a-mprec.o)
                0x004052c0                __multiply
 .text.__pow5mult
                0x004053f4       0xa0 c:/program files (x86)/atmel/studio/7.0/toolchain/arm/arm-gnu-toolchain/bin/../lib/gcc/arm-none-eabi/4.9.3/../../../../arm-none-eabi/lib/armv7e-m\libc.a(lib_a-mprec.o)
                0x004053f4                __pow5mult
 .text.__lshift
                0x00405494       0xac c:/program files (x86)/atmel/studio/7.0/toolchain/arm/arm-gnu-toolchain/bin/../lib/gcc/arm-none-eabi/4.9.3/../../../../arm-none-eabi/lib/armv7e-m\libc.a(lib_a-mprec.o)
                0x00405494                __lshift
 .text.__mcmp   0x00405540       0x48 c:/program files (x86)/atmel/studio/7.0/toolchain/arm/arm-gnu-toolchain/bin/../lib/gcc/arm-none-eabi/4.9.3/../../../../arm-none-eabi/lib/armv7e-m\libc.a(lib_a-mprec.o)
                0x00405540                __mcmp
 .text.__mdiff  0x00405588       0xd4 c:/program files (x86)/atmel/studio/7.0/toolchain/arm/arm-gnu-toolchain/bin/../lib/gcc/arm-none-eabi/4.9.3/../../../../arm-none-eabi/lib/armv7e-m\libc.a(lib_a-mprec.o)
                0x00405588                __mdiff
 .text.__d2b    0x0040565c       0xb8 c:/program files (x86)/atmel/studio/7.0/toolchain/arm/arm-gnu-toolchain/bin/../lib/gcc/arm-none-eabi/4.9.3/../../../../arm-none-eabi/lib/armv7e-m\libc.a(lib_a-mprec.o)
                0x0040565c                __d2b
 .text._realloc_r
                0x00405714      0x3ec c:/program files (x86)/atmel/studio/7.0/toolchain/arm/arm-gnu-toolchain/bin/../lib/gcc/arm-none-eabi/4.9.3/../../../../arm-none-eabi/lib/armv7e-m\libc.a(lib_a-reallocr.o)
                0x00405714                _realloc_r
 .text.__fpclassifyd
                0x00405b00       0x58 c:/program files (x86)/atmel/studio/7.0/toolchain/arm/arm-gnu-toolchain/bin/../lib/gcc/arm-none-eabi/4.9.3/../../../../arm-none-eabi/lib/armv7e-m\libc.a(lib_a-s_fpclassify.o)
                0x00405b00                __fpclassifyd
 .text._sbrk_r  0x00405b58       0x24 c:/program files (x86)/atmel/studio/7.0/toolchain/arm/arm-gnu-toolchain/bin/../lib/gcc/arm-none-eabi/4.9.3/../../../../arm-none-eabi/lib/armv7e-m\libc.a(lib_a-sbrkr.o)
                0x00405b58                _sbrk_r
 .text.__sread  0x00405b7c       0x24 c:/program files (x86)/atmel/studio/7.0/toolchain/arm/arm-gnu-toolchain/bin/../lib/gcc/arm-none-eabi/4.9.3/../../../../arm-none-eabi/lib/armv7e-m\libc.a(lib_a-stdio.o)
                0x00405b7c                __sread
 .text.__swrite
                0x00405ba0       0x38 c:/program files (x86)/atmel/studio/7.0/toolchain/arm/arm-gnu-toolchain/bin/../lib/gcc/arm-none-eabi/4.9.3/../../../../arm-none-eabi/lib/armv7e-m\libc.a(lib_a-stdio.o)
                0x00405ba0                __swrite
 .text.__sseek  0x00405bd8       0x20 c:/program files (x86)/atmel/studio/7.0/toolchain/arm/arm-gnu-toolchain/bin/../lib/gcc/arm-none-eabi/4.9.3/../../../../arm-none-eabi/lib/armv7e-m\libc.a(lib_a-stdio.o)
                0x00405bd8                __sseek
 .text.__sclose
                0x00405bf8        0x8 c:/program files (x86)/atmel/studio/7.0/toolchain/arm/arm-gnu-toolchain/bin/../lib/gcc/arm-none-eabi/4.9.3/../../../../arm-none-eabi/lib/armv7e-m\libc.a(lib_a-stdio.o)
                0x00405bf8                __sclose
 .text.strlen   0x00405c00       0x5c c:/program files (x86)/atmel/studio/7.0/toolchain/arm/arm-gnu-toolchain/bin/../lib/gcc/arm-none-eabi/4.9.3/../../../../arm-none-eabi/lib/armv7e-m\libc.a(lib_a-strlen.o)
                0x00405c00                strlen
 .text.__ssprint_r
                0x00405c5c      0x104 c:/program files (x86)/atmel/studio/7.0/toolchain/arm/arm-gnu-toolchain/bin/../lib/gcc/arm-none-eabi/4.9.3/../../../../arm-none-eabi/lib/armv7e-m\libc.a(lib_a-svfiprintf.o)
                0x00405c5c                __ssprint_r
 .text._write_r
                0x00405d60       0x28 c:/program files (x86)/atmel/studio/7.0/toolchain/arm/arm-gnu-toolchain/bin/../lib/gcc/arm-none-eabi/4.9.3/../../../../arm-none-eabi/lib/armv7e-m\libc.a(lib_a-writer.o)
                0x00405d60                _write_r
 .text.__register_exitproc
                0x00405d88       0xa4 c:/program files (x86)/atmel/studio/7.0/toolchain/arm/arm-gnu-toolchain/bin/../lib/gcc/arm-none-eabi/4.9.3/../../../../arm-none-eabi/lib/armv7e-m\libc.a(lib_a-__atexit.o)
                0x00405d88                __register_exitproc
 .text._calloc_r
                0x00405e2c       0x60 c:/program files (x86)/atmel/studio/7.0/toolchain/arm/arm-gnu-toolchain/bin/../lib/gcc/arm-none-eabi/4.9.3/../../../../arm-none-eabi/lib/armv7e-m\libc.a(lib_a-callocr.o)
                0x00405e2c                _calloc_r
 .text._close_r
                0x00405e8c       0x24 c:/program files (x86)/atmel/studio/7.0/toolchain/arm/arm-gnu-toolchain/bin/../lib/gcc/arm-none-eabi/4.9.3/../../../../arm-none-eabi/lib/armv7e-m\libc.a(lib_a-closer.o)
                0x00405e8c                _close_r
 .text._fclose_r
                0x00405eb0       0x84 c:/program files (x86)/atmel/studio/7.0/toolchain/arm/arm-gnu-toolchain/bin/../lib/gcc/arm-none-eabi/4.9.3/../../../../arm-none-eabi/lib/armv7e-m\libc.a(lib_a-fclose.o)
                0x00405eb0                _fclose_r
 .text._lseek_r
                0x00405f34       0x28 c:/program files (x86)/atmel/studio/7.0/toolchain/arm/arm-gnu-toolchain/bin/../lib/gcc/arm-none-eabi/4.9.3/../../../../arm-none-eabi/lib/armv7e-m\libc.a(lib_a-lseekr.o)
                0x00405f34                _lseek_r
 .text._read_r  0x00405f5c       0x28 c:/program files (x86)/atmel/studio/7.0/toolchain/arm/arm-gnu-toolchain/bin/../lib/gcc/arm-none-eabi/4.9.3/../../../../arm-none-eabi/lib/armv7e-m\libc.a(lib_a-readr.o)
                0x00405f5c                _read_r
 .text          0x00405f84      0x370 c:/program files (x86)/atmel/studio/7.0/toolchain/arm/arm-gnu-toolchain/bin/../lib/gcc/arm-none-eabi/4.9.3/armv7e-m\libgcc.a(_arm_addsubdf3.o)
                0x00405f84                __aeabi_drsub
                0x00405f8c                __aeabi_dsub
                0x00405f8c                __subdf3
                0x00405f90                __aeabi_dadd
                0x00405f90                __adddf3
                0x00406208                __floatunsidf
                0x00406208                __aeabi_ui2d
                0x00406228                __floatsidf
                0x00406228                __aeabi_i2d
                0x0040624c                __aeabi_f2d
                0x0040624c                __extendsfdf2
                0x00406288                __floatundidf
                0x00406288                __aeabi_ul2d
                0x00406298                __floatdidf
                0x00406298                __aeabi_l2d
 .text          0x004062f4      0x424 c:/program files (x86)/atmel/studio/7.0/toolchain/arm/arm-gnu-toolchain/bin/../lib/gcc/arm-none-eabi/4.9.3/armv7e-m\libgcc.a(_arm_muldivdf3.o)
                0x004062f4                __aeabi_dmul
                0x004062f4                __muldf3
                0x00406548                __divdf3
                0x00406548                __aeabi_ddiv
 .text          0x00406718      0x110 c:/program files (x86)/atmel/studio/7.0/toolchain/arm/arm-gnu-toolchain/bin/../lib/gcc/arm-none-eabi/4.9.3/armv7e-m\libgcc.a(_arm_cmpdf2.o)
                0x00406718                __gtdf2
                0x00406718                __gedf2
                0x00406720                __ltdf2
                0x00406720                __ledf2
                0x00406728                __nedf2
                0x00406728                __eqdf2
                0x00406728                __cmpdf2
                0x004067a4                __aeabi_cdrcmple
                0x004067b4                __aeabi_cdcmpeq
                0x004067b4                __aeabi_cdcmple
                0x004067c4                __aeabi_dcmpeq
                0x004067d8                __aeabi_dcmplt
                0x004067ec                __aeabi_dcmple
                0x00406800                __aeabi_dcmpge
                0x00406814                __aeabi_dcmpgt
 .text          0x00406828       0x50 c:/program files (x86)/atmel/studio/7.0/toolchain/arm/arm-gnu-toolchain/bin/../lib/gcc/arm-none-eabi/4.9.3/armv7e-m\libgcc.a(_arm_fixdfsi.o)
                0x00406828                __aeabi_d2iz
                0x00406828                __fixdfsi
 .text          0x00406878       0x30 c:/program files (x86)/atmel/studio/7.0/toolchain/arm/arm-gnu-toolchain/bin/../lib/gcc/arm-none-eabi/4.9.3/armv7e-m\libgcc.a(_aeabi_uldivmod.o)
                0x00406878                __aeabi_uldivmod
 .text          0x004068a8       0x60 c:/program files (x86)/atmel/studio/7.0/toolchain/arm/arm-gnu-toolchain/bin/../lib/gcc/arm-none-eabi/4.9.3/armv7e-m\libgcc.a(bpabi.o)
                0x004068a8                __gnu_ldivmod_helper
                0x004068d8                __gnu_uldivmod_helper
 .text          0x00406908        0x4 c:/program files (x86)/atmel/studio/7.0/toolchain/arm/arm-gnu-toolchain/bin/../lib/gcc/arm-none-eabi/4.9.3/armv7e-m\libgcc.a(_dvmd_tls.o)
                0x00406908                __aeabi_idiv0
                0x00406908                __aeabi_ldiv0
 .text          0x0040690c      0x29c c:/program files (x86)/atmel/studio/7.0/toolchain/arm/arm-gnu-toolchain/bin/../lib/gcc/arm-none-eabi/4.9.3/armv7e-m\libgcc.a(_divdi3.o)
                0x0040690c                __divdi3
 .text          0x00406ba8      0x26c c:/program files (x86)/atmel/studio/7.0/toolchain/arm/arm-gnu-toolchain/bin/../lib/gcc/arm-none-eabi/4.9.3/armv7e-m\libgcc.a(_udivdi3.o)
                0x00406ba8                __udivdi3
 *(.glue_7t)
 .glue_7t       0x00000000        0x0 linker stubs
 *(.glue_7)
 .glue_7        0x00000000        0x0 linker stubs
 *(.rodata .rodata* .gnu.linkonce.r.*)
 .rodata.p_uc_charset10x14
                0x00406e14      0x780 src/ASF/sam/components/display/ili93xx/ili93xx.o
                0x00406e14                p_uc_charset10x14
 .rodata.str1.4
                0x00407594       0x56 src/ili93xx_example.o
 *fill*         0x004075ea        0x2 
 .rodata.str1.4
                0x004075ec        0x2 c:/program files (x86)/atmel/studio/7.0/toolchain/arm/arm-gnu-toolchain/bin/../lib/gcc/arm-none-eabi/4.9.3/../../../../arm-none-eabi/lib/armv7e-m\libc.a(lib_a-impure.o)
 *fill*         0x004075ee        0x2 
 .rodata._global_impure_ptr
                0x004075f0        0x4 c:/program files (x86)/atmel/studio/7.0/toolchain/arm/arm-gnu-toolchain/bin/../lib/gcc/arm-none-eabi/4.9.3/../../../../arm-none-eabi/lib/armv7e-m\libc.a(lib_a-impure.o)
                0x004075f0                _global_impure_ptr
 .rodata.zeroes.6911
                0x004075f4       0x10 c:/program files (x86)/atmel/studio/7.0/toolchain/arm/arm-gnu-toolchain/bin/../lib/gcc/arm-none-eabi/4.9.3/../../../../arm-none-eabi/lib/armv7e-m\libc.a(lib_a-svfprintf.o)
 .rodata.blanks.6910
                0x00407604       0x10 c:/program files (x86)/atmel/studio/7.0/toolchain/arm/arm-gnu-toolchain/bin/../lib/gcc/arm-none-eabi/4.9.3/../../../../arm-none-eabi/lib/armv7e-m\libc.a(lib_a-svfprintf.o)
 .rodata.str1.4
                0x00407614       0x3f c:/program files (x86)/atmel/studio/7.0/toolchain/arm/arm-gnu-toolchain/bin/../lib/gcc/arm-none-eabi/4.9.3/../../../../arm-none-eabi/lib/armv7e-m\libc.a(lib_a-svfprintf.o)
                                 0x42 (size before relaxing)
 *fill*         0x00407653        0x1 
 .rodata.str1.4
                0x00407654       0x10 c:/program files (x86)/atmel/studio/7.0/toolchain/arm/arm-gnu-toolchain/bin/../lib/gcc/arm-none-eabi/4.9.3/../../../../arm-none-eabi/lib/armv7e-m\libc.a(lib_a-dtoa.o)
                                 0x12 (size before relaxing)
 .rodata.str1.4
                0x00407664        0xc c:/program files (x86)/atmel/studio/7.0/toolchain/arm/arm-gnu-toolchain/bin/../lib/gcc/arm-none-eabi/4.9.3/../../../../arm-none-eabi/lib/armv7e-m\libc.a(lib_a-locale.o)
                                 0x12 (size before relaxing)
 .rodata.__mprec_tens
                0x00407670       0xc8 c:/program files (x86)/atmel/studio/7.0/toolchain/arm/arm-gnu-toolchain/bin/../lib/gcc/arm-none-eabi/4.9.3/../../../../arm-none-eabi/lib/armv7e-m\libc.a(lib_a-mprec.o)
                0x00407670                __mprec_tens
 .rodata.p05.5302
                0x00407738        0xc c:/program files (x86)/atmel/studio/7.0/toolchain/arm/arm-gnu-toolchain/bin/../lib/gcc/arm-none-eabi/4.9.3/../../../../arm-none-eabi/lib/armv7e-m\libc.a(lib_a-mprec.o)
 *fill*         0x00407744        0x4 
 .rodata.__mprec_bigtens
                0x00407748       0x28 c:/program files (x86)/atmel/studio/7.0/toolchain/arm/arm-gnu-toolchain/bin/../lib/gcc/arm-none-eabi/4.9.3/../../../../arm-none-eabi/lib/armv7e-m\libc.a(lib_a-mprec.o)
                0x00407748                __mprec_bigtens
 *(.ARM.extab* .gnu.linkonce.armextab.*)
                0x00407770                . = ALIGN (0x4)
 *(.init)
 .init          0x00407770        0x4 c:/program files (x86)/atmel/studio/7.0/toolchain/arm/arm-gnu-toolchain/bin/../lib/gcc/arm-none-eabi/4.9.3/armv7e-m/crti.o
                0x00407770                _init
 .init          0x00407774        0x8 c:/program files (x86)/atmel/studio/7.0/toolchain/arm/arm-gnu-toolchain/bin/../lib/gcc/arm-none-eabi/4.9.3/armv7e-m/crtn.o
                0x0040777c                . = ALIGN (0x4)
                0x0040777c                __preinit_array_start = .
 *(.preinit_array)
                0x0040777c                __preinit_array_end = .
                0x0040777c                . = ALIGN (0x4)
                0x0040777c                __init_array_start = .
 *(SORT(.init_array.*))
 .init_array.00000
                0x0040777c        0x4 c:/program files (x86)/atmel/studio/7.0/toolchain/arm/arm-gnu-toolchain/bin/../lib/gcc/arm-none-eabi/4.9.3/../../../../arm-none-eabi/lib/armv7e-m\libc.a(lib_a-__call_atexit.o)
 *(.init_array)
 .init_array    0x00407780        0x4 c:/program files (x86)/atmel/studio/7.0/toolchain/arm/arm-gnu-toolchain/bin/../lib/gcc/arm-none-eabi/4.9.3/armv7e-m/crtbegin.o
                0x00407784                __init_array_end = .
                0x00407784                . = ALIGN (0x4)
 *crtbegin.o(.ctors)
 *(EXCLUDE_FILE(*crtend.o) .ctors)
 *(SORT(.ctors.*))
 *crtend.o(.ctors)
                0x00407784                . = ALIGN (0x4)
 *(.fini)
 .fini          0x00407784        0x4 c:/program files (x86)/atmel/studio/7.0/toolchain/arm/arm-gnu-toolchain/bin/../lib/gcc/arm-none-eabi/4.9.3/armv7e-m/crti.o
                0x00407784                _fini
 .fini          0x00407788        0x8 c:/program files (x86)/atmel/studio/7.0/toolchain/arm/arm-gnu-toolchain/bin/../lib/gcc/arm-none-eabi/4.9.3/armv7e-m/crtn.o
                0x00407790                . = ALIGN (0x4)
                0x00407790                __fini_array_start = .
 *(.fini_array)
 .fini_array    0x00407790        0x4 c:/program files (x86)/atmel/studio/7.0/toolchain/arm/arm-gnu-toolchain/bin/../lib/gcc/arm-none-eabi/4.9.3/armv7e-m/crtbegin.o
 *(SORT(.fini_array.*))
                0x00407794                __fini_array_end = .
 *crtbegin.o(.dtors)
 *(EXCLUDE_FILE(*crtend.o) .dtors)
 *(SORT(.dtors.*))
 *crtend.o(.dtors)
                0x00407794                . = ALIGN (0x4)
                0x00407794                _efixed = .
                0x00407794                PROVIDE (__exidx_start, .)

.vfp11_veneer   0x00407794        0x0
 .vfp11_veneer  0x00000000        0x0 linker stubs

.v4_bx          0x00407794        0x0
 .v4_bx         0x00000000        0x0 linker stubs

.iplt           0x00407794        0x0
 .iplt          0x00000000        0x0 c:/program files (x86)/atmel/studio/7.0/toolchain/arm/arm-gnu-toolchain/bin/../lib/gcc/arm-none-eabi/4.9.3/armv7e-m/crtbegin.o

.ARM.exidx      0x00407794        0x8
 *(.ARM.exidx* .gnu.linkonce.armexidx.*)
 .ARM.exidx     0x00407794        0x8 c:/program files (x86)/atmel/studio/7.0/toolchain/arm/arm-gnu-toolchain/bin/../lib/gcc/arm-none-eabi/4.9.3/armv7e-m\libgcc.a(_divdi3.o)
 .ARM.exidx     0x0040779c        0x0 c:/program files (x86)/atmel/studio/7.0/toolchain/arm/arm-gnu-toolchain/bin/../lib/gcc/arm-none-eabi/4.9.3/armv7e-m\libgcc.a(_udivdi3.o)
                                  0x8 (size before relaxing)
                0x0040779c                PROVIDE (__exidx_end, .)

.eh_frame       0x0040779c        0x0
 .eh_frame      0x0040779c        0x0 c:/program files (x86)/atmel/studio/7.0/toolchain/arm/arm-gnu-toolchain/bin/../lib/gcc/arm-none-eabi/4.9.3/armv7e-m/crtbegin.o

.rel.dyn        0x0040779c        0x0
 .rel.iplt      0x00000000        0x0 c:/program files (x86)/atmel/studio/7.0/toolchain/arm/arm-gnu-toolchain/bin/../lib/gcc/arm-none-eabi/4.9.3/armv7e-m/crtbegin.o

.jcr            0x0040779c        0x0
 .jcr           0x0040779c        0x0 c:/program files (x86)/atmel/studio/7.0/toolchain/arm/arm-gnu-toolchain/bin/../lib/gcc/arm-none-eabi/4.9.3/armv7e-m/crtbegin.o

.igot.plt       0x0040779c        0x0
 .igot.plt      0x00000000        0x0 c:/program files (x86)/atmel/studio/7.0/toolchain/arm/arm-gnu-toolchain/bin/../lib/gcc/arm-none-eabi/4.9.3/armv7e-m/crtbegin.o
                0x0040779c                . = ALIGN (0x4)
                0x0040779c                _etext = .

.relocate       0x20000000      0x88c load address 0x0040779c
                0x20000000                . = ALIGN (0x4)
                0x20000000                _srelocate = .
 *(.ramfunc .ramfunc.*)
 *(.data .data.*)
 .data.g_interrupt_enabled
                0x20000000        0x1 src/ASF/common/utils/interrupt/interrupt_sam_nvic.o
                0x20000000                g_interrupt_enabled
 *fill*         0x20000001        0x3 
 .data.g_ul_lcd_x_length
                0x20000004        0x4 src/ASF/sam/components/display/ili93xx/ili93xx.o
 .data.g_ul_lcd_y_length
                0x20000008        0x4 src/ASF/sam/components/display/ili93xx/ili93xx.o
 .data.ul_flash_in_wait_mode
                0x2000000c        0x4 src/ASF/sam/drivers/pmc/pmc.o
 .data.SystemCoreClock
                0x20000010        0x4 src/ASF/sam/utils/cmsis/sam4s/source/templates/system_sam4s.o
                0x20000010                SystemCoreClock
 *fill*         0x20000014        0x4 
 .data.impure_data
                0x20000018      0x428 c:/program files (x86)/atmel/studio/7.0/toolchain/arm/arm-gnu-toolchain/bin/../lib/gcc/arm-none-eabi/4.9.3/../../../../arm-none-eabi/lib/armv7e-m\libc.a(lib_a-impure.o)
 .data._impure_ptr
                0x20000440        0x4 c:/program files (x86)/atmel/studio/7.0/toolchain/arm/arm-gnu-toolchain/bin/../lib/gcc/arm-none-eabi/4.9.3/../../../../arm-none-eabi/lib/armv7e-m\libc.a(lib_a-impure.o)
                0x20000440                _impure_ptr
 .data.lconv    0x20000444       0x38 c:/program files (x86)/atmel/studio/7.0/toolchain/arm/arm-gnu-toolchain/bin/../lib/gcc/arm-none-eabi/4.9.3/../../../../arm-none-eabi/lib/armv7e-m\libc.a(lib_a-locale.o)
 .data.__malloc_av_
                0x2000047c      0x408 c:/program files (x86)/atmel/studio/7.0/toolchain/arm/arm-gnu-toolchain/bin/../lib/gcc/arm-none-eabi/4.9.3/../../../../arm-none-eabi/lib/armv7e-m\libc.a(lib_a-mallocr.o)
                0x2000047c                __malloc_av_
 .data.__malloc_trim_threshold
                0x20000884        0x4 c:/program files (x86)/atmel/studio/7.0/toolchain/arm/arm-gnu-toolchain/bin/../lib/gcc/arm-none-eabi/4.9.3/../../../../arm-none-eabi/lib/armv7e-m\libc.a(lib_a-mallocr.o)
                0x20000884                __malloc_trim_threshold
 .data.__malloc_sbrk_base
                0x20000888        0x4 c:/program files (x86)/atmel/studio/7.0/toolchain/arm/arm-gnu-toolchain/bin/../lib/gcc/arm-none-eabi/4.9.3/../../../../arm-none-eabi/lib/armv7e-m\libc.a(lib_a-mallocr.o)
                0x20000888                __malloc_sbrk_base
                0x2000088c                . = ALIGN (0x4)
                0x2000088c                _erelocate = .

.bss            0x2000088c      0x4c4 load address 0x00408028
                0x2000088c                . = ALIGN (0x4)
                0x2000088c                _sbss = .
                0x2000088c                _szero = .
 *(.bss .bss.*)
 .bss           0x2000088c       0x1c c:/program files (x86)/atmel/studio/7.0/toolchain/arm/arm-gnu-toolchain/bin/../lib/gcc/arm-none-eabi/4.9.3/armv7e-m/crtbegin.o
 .bss.g_ul_pixel_cache
                0x200008a8      0x3c0 src/ASF/sam/components/display/ili93xx/ili93xx.o
 .bss.g_uc_device_type
                0x20000c68        0x1 src/ASF/sam/components/display/ili93xx/ili93xx.o
 *fill*         0x20000c69        0x3 
 .bss.gs_ul_nb_sources
                0x20000c6c        0x4 src/ASF/sam/drivers/pio/pio_handler.o
 .bss.pio_capture_handler
                0x20000c70        0x4 src/ASF/sam/drivers/pio/pio_handler.o
 .bss.gs_interrupt_sources
                0x20000c74       0x70 src/ASF/sam/drivers/pio/pio_handler.o
 .bss.callback_clocks_restored
                0x20000ce4        0x4 src/ASF/sam/drivers/pmc/sleep.o
 .bss.b_is_sleep_clock_used
                0x20000ce8        0x1 src/ASF/sam/drivers/pmc/sleep.o
 *fill*         0x20000ce9        0x3 
 .bss.heap.5212
                0x20000cec        0x4 src/ASF/sam/utils/syscalls/gcc/syscalls.o
 .bss.tempo     0x20000cf0        0x4 src/ili93xx_example.o
 .bss.counter   0x20000cf4        0x4 src/ili93xx_example.o
 .bss.__malloc_max_total_mem
                0x20000cf8        0x4 c:/program files (x86)/atmel/studio/7.0/toolchain/arm/arm-gnu-toolchain/bin/../lib/gcc/arm-none-eabi/4.9.3/../../../../arm-none-eabi/lib/armv7e-m\libc.a(lib_a-mallocr.o)
                0x20000cf8                __malloc_max_total_mem
 .bss.__malloc_max_sbrked_mem
                0x20000cfc        0x4 c:/program files (x86)/atmel/studio/7.0/toolchain/arm/arm-gnu-toolchain/bin/../lib/gcc/arm-none-eabi/4.9.3/../../../../arm-none-eabi/lib/armv7e-m\libc.a(lib_a-mallocr.o)
                0x20000cfc                __malloc_max_sbrked_mem
 .bss.__malloc_top_pad
                0x20000d00        0x4 c:/program files (x86)/atmel/studio/7.0/toolchain/arm/arm-gnu-toolchain/bin/../lib/gcc/arm-none-eabi/4.9.3/../../../../arm-none-eabi/lib/armv7e-m\libc.a(lib_a-mallocr.o)
                0x20000d00                __malloc_top_pad
 .bss.__malloc_current_mallinfo
                0x20000d04       0x28 c:/program files (x86)/atmel/studio/7.0/toolchain/arm/arm-gnu-toolchain/bin/../lib/gcc/arm-none-eabi/4.9.3/../../../../arm-none-eabi/lib/armv7e-m\libc.a(lib_a-mallocr.o)
                0x20000d04                __malloc_current_mallinfo
 *(COMMON)
 COMMON         0x20000d2c        0x4 src/ASF/common/utils/stdio/read.o
                0x20000d2c                ptr_get
 COMMON         0x20000d30        0x8 src/ASF/common/utils/stdio/write.o
                0x20000d30                ptr_put
                0x20000d34                stdio_base
 COMMON         0x20000d38        0x4 src/ASF/sam/drivers/pio/pio.o
                0x20000d38                pio_capture_enable_flag
 COMMON         0x20000d3c       0x10 src/ili93xx_example.o
                0x20000d3c                g_ili93xx_display_opt
 COMMON         0x20000d4c        0x4 c:/program files (x86)/atmel/studio/7.0/toolchain/arm/arm-gnu-toolchain/bin/../lib/gcc/arm-none-eabi/4.9.3/../../../../arm-none-eabi/lib/armv7e-m\libc.a(lib_a-reent.o)
                0x20000d4c                errno
                0x20000d50                . = ALIGN (0x4)
                0x20000d50                _ebss = .
                0x20000d50                _ezero = .

.stack          0x20000d50     0x3000 load address 0x004084ec
                0x20000d50                . = ALIGN (0x8)
                0x20000d50                _sstack = .
                0x20003d50                . = (. + __stack_size__)
 *fill*         0x20000d50     0x3000 
                0x20003d50                . = ALIGN (0x8)
                0x20003d50                _estack = .
                0x20003d50                . = ALIGN (0x4)
                0x20003d50                _end = .
OUTPUT(LCD.elf elf32-littlearm)

.ARM.attributes
                0x00000000       0x2a
 .ARM.attributes
                0x00000000       0x1e c:/program files (x86)/atmel/studio/7.0/toolchain/arm/arm-gnu-toolchain/bin/../lib/gcc/arm-none-eabi/4.9.3/armv7e-m/crti.o
 .ARM.attributes
                0x0000001e       0x2e c:/program files (x86)/atmel/studio/7.0/toolchain/arm/arm-gnu-toolchain/bin/../lib/gcc/arm-none-eabi/4.9.3/armv7e-m/crtbegin.o
 .ARM.attributes
                0x0000004c       0x33 src/ASF/sam/drivers/tc/tc.o
 .ARM.attributes
                0x0000007f       0x33 src/ASF/common/services/clock/sam4s/sysclk.o
 .ARM.attributes
                0x000000b2       0x33 src/ASF/common/utils/interrupt/interrupt_sam_nvic.o
 .ARM.attributes
                0x000000e5       0x33 src/ASF/common/utils/stdio/read.o
 .ARM.attributes
                0x00000118       0x33 src/ASF/common/utils/stdio/write.o
 .ARM.attributes
                0x0000014b       0x33 src/ASF/sam/boards/sam4s_ek2/init.o
 .ARM.attributes
                0x0000017e       0x33 src/ASF/sam/components/display/aat31xx/aat31xx.o
 .ARM.attributes
                0x000001b1       0x33 src/ASF/sam/components/display/ili93xx/ili93xx.o
 .ARM.attributes
                0x000001e4       0x33 src/ASF/sam/drivers/ebi/smc/smc.o
 .ARM.attributes
                0x00000217       0x33 src/ASF/sam/drivers/pio/pio.o
 .ARM.attributes
                0x0000024a       0x33 src/ASF/sam/drivers/pio/pio_handler.o
 .ARM.attributes
                0x0000027d       0x33 src/ASF/sam/drivers/pmc/pmc.o
 .ARM.attributes
                0x000002b0       0x33 src/ASF/sam/drivers/pmc/sleep.o
 .ARM.attributes
                0x000002e3       0x33 src/ASF/sam/drivers/uart/uart.o
 .ARM.attributes
                0x00000316       0x33 src/ASF/sam/drivers/usart/usart.o
 .ARM.attributes
                0x00000349       0x33 src/ASF/sam/utils/cmsis/sam4s/source/templates/gcc/startup_sam4s.o
 .ARM.attributes
                0x0000037c       0x33 src/ASF/sam/utils/cmsis/sam4s/source/templates/system_sam4s.o
 .ARM.attributes
                0x000003af       0x33 src/ASF/sam/utils/syscalls/gcc/syscalls.o
 .ARM.attributes
                0x000003e2       0x33 src/ili93xx_example.o
 .ARM.attributes
                0x00000415       0x2e c:/program files (x86)/atmel/studio/7.0/toolchain/arm/arm-gnu-toolchain/bin/../lib/gcc/arm-none-eabi/4.9.3/../../../../arm-none-eabi/lib/armv7e-m\libc.a(lib_a-impure.o)
 .ARM.attributes
                0x00000443       0x2e c:/program files (x86)/atmel/studio/7.0/toolchain/arm/arm-gnu-toolchain/bin/../lib/gcc/arm-none-eabi/4.9.3/../../../../arm-none-eabi/lib/armv7e-m\libc.a(lib_a-init.o)
 .ARM.attributes
                0x00000471       0x2e c:/program files (x86)/atmel/studio/7.0/toolchain/arm/arm-gnu-toolchain/bin/../lib/gcc/arm-none-eabi/4.9.3/../../../../arm-none-eabi/lib/armv7e-m\libc.a(lib_a-memset.o)
 .ARM.attributes
                0x0000049f       0x2e c:/program files (x86)/atmel/studio/7.0/toolchain/arm/arm-gnu-toolchain/bin/../lib/gcc/arm-none-eabi/4.9.3/../../../../arm-none-eabi/lib/armv7e-m\libc.a(lib_a-setbuf.o)
 .ARM.attributes
                0x000004cd       0x2e c:/program files (x86)/atmel/studio/7.0/toolchain/arm/arm-gnu-toolchain/bin/../lib/gcc/arm-none-eabi/4.9.3/../../../../arm-none-eabi/lib/armv7e-m\libc.a(lib_a-setvbuf.o)
 .ARM.attributes
                0x000004fb       0x2e c:/program files (x86)/atmel/studio/7.0/toolchain/arm/arm-gnu-toolchain/bin/../lib/gcc/arm-none-eabi/4.9.3/../../../../arm-none-eabi/lib/armv7e-m\libc.a(lib_a-snprintf.o)
 .ARM.attributes
                0x00000529       0x2e c:/program files (x86)/atmel/studio/7.0/toolchain/arm/arm-gnu-toolchain/bin/../lib/gcc/arm-none-eabi/4.9.3/../../../../arm-none-eabi/lib/armv7e-m\libc.a(lib_a-svfprintf.o)
 .ARM.attributes
                0x00000557       0x2e c:/program files (x86)/atmel/studio/7.0/toolchain/arm/arm-gnu-toolchain/bin/../lib/gcc/arm-none-eabi/4.9.3/../../../../arm-none-eabi/lib/armv7e-m\libc.a(lib_a-__call_atexit.o)
 .ARM.attributes
                0x00000585       0x2e c:/program files (x86)/atmel/studio/7.0/toolchain/arm/arm-gnu-toolchain/bin/../lib/gcc/arm-none-eabi/4.9.3/../../../../arm-none-eabi/lib/armv7e-m\libc.a(lib_a-atexit.o)
 .ARM.attributes
                0x000005b3       0x2e c:/program files (x86)/atmel/studio/7.0/toolchain/arm/arm-gnu-toolchain/bin/../lib/gcc/arm-none-eabi/4.9.3/../../../../arm-none-eabi/lib/armv7e-m\libc.a(lib_a-dtoa.o)
 .ARM.attributes
                0x000005e1       0x2e c:/program files (x86)/atmel/studio/7.0/toolchain/arm/arm-gnu-toolchain/bin/../lib/gcc/arm-none-eabi/4.9.3/../../../../arm-none-eabi/lib/armv7e-m\libc.a(lib_a-fflush.o)
 .ARM.attributes
                0x0000060f       0x2e c:/program files (x86)/atmel/studio/7.0/toolchain/arm/arm-gnu-toolchain/bin/../lib/gcc/arm-none-eabi/4.9.3/../../../../arm-none-eabi/lib/armv7e-m\libc.a(lib_a-findfp.o)
 .ARM.attributes
                0x0000063d       0x2e c:/program files (x86)/atmel/studio/7.0/toolchain/arm/arm-gnu-toolchain/bin/../lib/gcc/arm-none-eabi/4.9.3/../../../../arm-none-eabi/lib/armv7e-m\libc.a(lib_a-fini.o)
 .ARM.attributes
                0x0000066b       0x2e c:/program files (x86)/atmel/studio/7.0/toolchain/arm/arm-gnu-toolchain/bin/../lib/gcc/arm-none-eabi/4.9.3/../../../../arm-none-eabi/lib/armv7e-m\libc.a(lib_a-freer.o)
 .ARM.attributes
                0x00000699       0x2e c:/program files (x86)/atmel/studio/7.0/toolchain/arm/arm-gnu-toolchain/bin/../lib/gcc/arm-none-eabi/4.9.3/../../../../arm-none-eabi/lib/armv7e-m\libc.a(lib_a-fwalk.o)
 .ARM.attributes
                0x000006c7       0x2e c:/program files (x86)/atmel/studio/7.0/toolchain/arm/arm-gnu-toolchain/bin/../lib/gcc/arm-none-eabi/4.9.3/../../../../arm-none-eabi/lib/armv7e-m\libc.a(lib_a-locale.o)
 .ARM.attributes
                0x000006f5       0x2e c:/program files (x86)/atmel/studio/7.0/toolchain/arm/arm-gnu-toolchain/bin/../lib/gcc/arm-none-eabi/4.9.3/../../../../arm-none-eabi/lib/armv7e-m\libc.a(lib_a-malloc.o)
 .ARM.attributes
                0x00000723       0x2e c:/program files (x86)/atmel/studio/7.0/toolchain/arm/arm-gnu-toolchain/bin/../lib/gcc/arm-none-eabi/4.9.3/../../../../arm-none-eabi/lib/armv7e-m\libc.a(lib_a-mallocr.o)
 .ARM.attributes
                0x00000751       0x2e c:/program files (x86)/atmel/studio/7.0/toolchain/arm/arm-gnu-toolchain/bin/../lib/gcc/arm-none-eabi/4.9.3/../../../../arm-none-eabi/lib/armv7e-m\libc.a(lib_a-memchr.o)
 .ARM.attributes
                0x0000077f       0x1c c:/program files (x86)/atmel/studio/7.0/toolchain/arm/arm-gnu-toolchain/bin/../lib/gcc/arm-none-eabi/4.9.3/../../../../arm-none-eabi/lib/armv7e-m\libc.a(lib_a-memcpy.o)
 .ARM.attributes
                0x0000079b       0x2e c:/program files (x86)/atmel/studio/7.0/toolchain/arm/arm-gnu-toolchain/bin/../lib/gcc/arm-none-eabi/4.9.3/../../../../arm-none-eabi/lib/armv7e-m\libc.a(lib_a-memmove.o)
 .ARM.attributes
                0x000007c9       0x2e c:/program files (x86)/atmel/studio/7.0/toolchain/arm/arm-gnu-toolchain/bin/../lib/gcc/arm-none-eabi/4.9.3/../../../../arm-none-eabi/lib/armv7e-m\libc.a(lib_a-mlock.o)
 .ARM.attributes
                0x000007f7       0x2e c:/program files (x86)/atmel/studio/7.0/toolchain/arm/arm-gnu-toolchain/bin/../lib/gcc/arm-none-eabi/4.9.3/../../../../arm-none-eabi/lib/armv7e-m\libc.a(lib_a-mprec.o)
 .ARM.attributes
                0x00000825       0x2e c:/program files (x86)/atmel/studio/7.0/toolchain/arm/arm-gnu-toolchain/bin/../lib/gcc/arm-none-eabi/4.9.3/../../../../arm-none-eabi/lib/armv7e-m\libc.a(lib_a-reallocr.o)
 .ARM.attributes
                0x00000853       0x2e c:/program files (x86)/atmel/studio/7.0/toolchain/arm/arm-gnu-toolchain/bin/../lib/gcc/arm-none-eabi/4.9.3/../../../../arm-none-eabi/lib/armv7e-m\libc.a(lib_a-s_fpclassify.o)
 .ARM.attributes
                0x00000881       0x2e c:/program files (x86)/atmel/studio/7.0/toolchain/arm/arm-gnu-toolchain/bin/../lib/gcc/arm-none-eabi/4.9.3/../../../../arm-none-eabi/lib/armv7e-m\libc.a(lib_a-sbrkr.o)
 .ARM.attributes
                0x000008af       0x2e c:/program files (x86)/atmel/studio/7.0/toolchain/arm/arm-gnu-toolchain/bin/../lib/gcc/arm-none-eabi/4.9.3/../../../../arm-none-eabi/lib/armv7e-m\libc.a(lib_a-stdio.o)
 .ARM.attributes
                0x000008dd       0x2e c:/program files (x86)/atmel/studio/7.0/toolchain/arm/arm-gnu-toolchain/bin/../lib/gcc/arm-none-eabi/4.9.3/../../../../arm-none-eabi/lib/armv7e-m\libc.a(lib_a-strlen.o)
 .ARM.attributes
                0x0000090b       0x2e c:/program files (x86)/atmel/studio/7.0/toolchain/arm/arm-gnu-toolchain/bin/../lib/gcc/arm-none-eabi/4.9.3/../../../../arm-none-eabi/lib/armv7e-m\libc.a(lib_a-svfiprintf.o)
 .ARM.attributes
                0x00000939       0x2e c:/program files (x86)/atmel/studio/7.0/toolchain/arm/arm-gnu-toolchain/bin/../lib/gcc/arm-none-eabi/4.9.3/../../../../arm-none-eabi/lib/armv7e-m\libc.a(lib_a-writer.o)
 .ARM.attributes
                0x00000967       0x2e c:/program files (x86)/atmel/studio/7.0/toolchain/arm/arm-gnu-toolchain/bin/../lib/gcc/arm-none-eabi/4.9.3/../../../../arm-none-eabi/lib/armv7e-m\libc.a(lib_a-__atexit.o)
 .ARM.attributes
                0x00000995       0x2e c:/program files (x86)/atmel/studio/7.0/toolchain/arm/arm-gnu-toolchain/bin/../lib/gcc/arm-none-eabi/4.9.3/../../../../arm-none-eabi/lib/armv7e-m\libc.a(lib_a-callocr.o)
 .ARM.attributes
                0x000009c3       0x2e c:/program files (x86)/atmel/studio/7.0/toolchain/arm/arm-gnu-toolchain/bin/../lib/gcc/arm-none-eabi/4.9.3/../../../../arm-none-eabi/lib/armv7e-m\libc.a(lib_a-closer.o)
 .ARM.attributes
                0x000009f1       0x2e c:/program files (x86)/atmel/studio/7.0/toolchain/arm/arm-gnu-toolchain/bin/../lib/gcc/arm-none-eabi/4.9.3/../../../../arm-none-eabi/lib/armv7e-m\libc.a(lib_a-fclose.o)
 .ARM.attributes
                0x00000a1f       0x2e c:/program files (x86)/atmel/studio/7.0/toolchain/arm/arm-gnu-toolchain/bin/../lib/gcc/arm-none-eabi/4.9.3/../../../../arm-none-eabi/lib/armv7e-m\libc.a(lib_a-lseekr.o)
 .ARM.attributes
                0x00000a4d       0x2e c:/program files (x86)/atmel/studio/7.0/toolchain/arm/arm-gnu-toolchain/bin/../lib/gcc/arm-none-eabi/4.9.3/../../../../arm-none-eabi/lib/armv7e-m\libc.a(lib_a-readr.o)
 .ARM.attributes
                0x00000a7b       0x2e c:/program files (x86)/atmel/studio/7.0/toolchain/arm/arm-gnu-toolchain/bin/../lib/gcc/arm-none-eabi/4.9.3/../../../../arm-none-eabi/lib/armv7e-m\libc.a(lib_a-reent.o)
 .ARM.attributes
                0x00000aa9       0x1e c:/program files (x86)/atmel/studio/7.0/toolchain/arm/arm-gnu-toolchain/bin/../lib/gcc/arm-none-eabi/4.9.3/armv7e-m\libgcc.a(_arm_addsubdf3.o)
 .ARM.attributes
                0x00000ac7       0x1e c:/program files (x86)/atmel/studio/7.0/toolchain/arm/arm-gnu-toolchain/bin/../lib/gcc/arm-none-eabi/4.9.3/armv7e-m\libgcc.a(_arm_muldivdf3.o)
 .ARM.attributes
                0x00000ae5       0x1e c:/program files (x86)/atmel/studio/7.0/toolchain/arm/arm-gnu-toolchain/bin/../lib/gcc/arm-none-eabi/4.9.3/armv7e-m\libgcc.a(_arm_cmpdf2.o)
 .ARM.attributes
                0x00000b03       0x1e c:/program files (x86)/atmel/studio/7.0/toolchain/arm/arm-gnu-toolchain/bin/../lib/gcc/arm-none-eabi/4.9.3/armv7e-m\libgcc.a(_arm_fixdfsi.o)
 .ARM.attributes
                0x00000b21       0x1e c:/program files (x86)/atmel/studio/7.0/toolchain/arm/arm-gnu-toolchain/bin/../lib/gcc/arm-none-eabi/4.9.3/armv7e-m\libgcc.a(_aeabi_uldivmod.o)
 .ARM.attributes
                0x00000b3f       0x2e c:/program files (x86)/atmel/studio/7.0/toolchain/arm/arm-gnu-toolchain/bin/../lib/gcc/arm-none-eabi/4.9.3/armv7e-m\libgcc.a(bpabi.o)
 .ARM.attributes
                0x00000b6d       0x1e c:/program files (x86)/atmel/studio/7.0/toolchain/arm/arm-gnu-toolchain/bin/../lib/gcc/arm-none-eabi/4.9.3/armv7e-m\libgcc.a(_dvmd_tls.o)
 .ARM.attributes
                0x00000b8b       0x2e c:/program files (x86)/atmel/studio/7.0/toolchain/arm/arm-gnu-toolchain/bin/../lib/gcc/arm-none-eabi/4.9.3/armv7e-m\libgcc.a(_divdi3.o)
 .ARM.attributes
                0x00000bb9       0x2e c:/program files (x86)/atmel/studio/7.0/toolchain/arm/arm-gnu-toolchain/bin/../lib/gcc/arm-none-eabi/4.9.3/armv7e-m\libgcc.a(_udivdi3.o)
 .ARM.attributes
                0x00000be7       0x1e c:/program files (x86)/atmel/studio/7.0/toolchain/arm/arm-gnu-toolchain/bin/../lib/gcc/arm-none-eabi/4.9.3/armv7e-m/crtn.o

.comment        0x00000000       0x5b
 .comment       0x00000000       0x5b src/ASF/sam/drivers/tc/tc.o
                                 0x5c (size before relaxing)
 .comment       0x00000000       0x5c src/ASF/common/services/clock/sam4s/sysclk.o
 .comment       0x00000000       0x5c src/ASF/common/utils/interrupt/interrupt_sam_nvic.o
 .comment       0x00000000       0x5c src/ASF/common/utils/stdio/read.o
 .comment       0x00000000       0x5c src/ASF/common/utils/stdio/write.o
 .comment       0x00000000       0x5c src/ASF/sam/boards/sam4s_ek2/init.o
 .comment       0x00000000       0x5c src/ASF/sam/components/display/aat31xx/aat31xx.o
 .comment       0x00000000       0x5c src/ASF/sam/components/display/ili93xx/ili93xx.o
 .comment       0x00000000       0x5c src/ASF/sam/drivers/ebi/smc/smc.o
 .comment       0x00000000       0x5c src/ASF/sam/drivers/pio/pio.o
 .comment       0x00000000       0x5c src/ASF/sam/drivers/pio/pio_handler.o
 .comment       0x00000000       0x5c src/ASF/sam/drivers/pmc/pmc.o
 .comment       0x00000000       0x5c src/ASF/sam/drivers/pmc/sleep.o
 .comment       0x00000000       0x5c src/ASF/sam/drivers/uart/uart.o
 .comment       0x00000000       0x5c src/ASF/sam/drivers/usart/usart.o
 .comment       0x00000000       0x5c src/ASF/sam/utils/cmsis/sam4s/source/templates/gcc/startup_sam4s.o
 .comment       0x00000000       0x5c src/ASF/sam/utils/cmsis/sam4s/source/templates/system_sam4s.o
 .comment       0x00000000       0x5c src/ASF/sam/utils/syscalls/gcc/syscalls.o
 .comment       0x00000000       0x5c src/ili93xx_example.o

.debug_info     0x00000000     0xf027
 .debug_info    0x00000000      0x933 src/ASF/sam/drivers/tc/tc.o
 .debug_info    0x00000933      0x736 src/ASF/common/services/clock/sam4s/sysclk.o
 .debug_info    0x00001069      0x1e8 src/ASF/common/utils/interrupt/interrupt_sam_nvic.o
 .debug_info    0x00001251      0x1be src/ASF/common/utils/stdio/read.o
 .debug_info    0x0000140f      0x1c0 src/ASF/common/utils/stdio/write.o
 .debug_info    0x000015cf      0x980 src/ASF/sam/boards/sam4s_ek2/init.o
 .debug_info    0x00001f4f      0x8a6 src/ASF/sam/components/display/aat31xx/aat31xx.o
 .debug_info    0x000027f5     0x2aa4 src/ASF/sam/components/display/ili93xx/ili93xx.o
 .debug_info    0x00005299      0x3dd src/ASF/sam/drivers/ebi/smc/smc.o
 .debug_info    0x00005676     0x1951 src/ASF/sam/drivers/pio/pio.o
 .debug_info    0x00006fc7      0xf77 src/ASF/sam/drivers/pio/pio_handler.o
 .debug_info    0x00007f3e     0x10d2 src/ASF/sam/drivers/pmc/pmc.o
 .debug_info    0x00009010      0xa6b src/ASF/sam/drivers/pmc/sleep.o
 .debug_info    0x00009a7b      0x863 src/ASF/sam/drivers/uart/uart.o
 .debug_info    0x0000a2de     0x1775 src/ASF/sam/drivers/usart/usart.o
 .debug_info    0x0000ba53      0x68d src/ASF/sam/utils/cmsis/sam4s/source/templates/gcc/startup_sam4s.o
 .debug_info    0x0000c0e0      0x469 src/ASF/sam/utils/cmsis/sam4s/source/templates/system_sam4s.o
 .debug_info    0x0000c549      0x43f src/ASF/sam/utils/syscalls/gcc/syscalls.o
 .debug_info    0x0000c988     0x269f src/ili93xx_example.o

.debug_abbrev   0x00000000     0x2599
 .debug_abbrev  0x00000000      0x1ca src/ASF/sam/drivers/tc/tc.o
 .debug_abbrev  0x000001ca      0x221 src/ASF/common/services/clock/sam4s/sysclk.o
 .debug_abbrev  0x000003eb       0xef src/ASF/common/utils/interrupt/interrupt_sam_nvic.o
 .debug_abbrev  0x000004da      0x101 src/ASF/common/utils/stdio/read.o
 .debug_abbrev  0x000005db       0xf5 src/ASF/common/utils/stdio/write.o
 .debug_abbrev  0x000006d0      0x17c src/ASF/sam/boards/sam4s_ek2/init.o
 .debug_abbrev  0x0000084c      0x1d2 src/ASF/sam/components/display/aat31xx/aat31xx.o
 .debug_abbrev  0x00000a1e      0x39f src/ASF/sam/components/display/ili93xx/ili93xx.o
 .debug_abbrev  0x00000dbd      0x113 src/ASF/sam/drivers/ebi/smc/smc.o
 .debug_abbrev  0x00000ed0      0x30b src/ASF/sam/drivers/pio/pio.o
 .debug_abbrev  0x000011db      0x280 src/ASF/sam/drivers/pio/pio_handler.o
 .debug_abbrev  0x0000145b      0x277 src/ASF/sam/drivers/pmc/pmc.o
 .debug_abbrev  0x000016d2      0x228 src/ASF/sam/drivers/pmc/sleep.o
 .debug_abbrev  0x000018fa      0x1bd src/ASF/sam/drivers/uart/uart.o
 .debug_abbrev  0x00001ab7      0x318 src/ASF/sam/drivers/usart/usart.o
 .debug_abbrev  0x00001dcf      0x168 src/ASF/sam/utils/cmsis/sam4s/source/templates/gcc/startup_sam4s.o
 .debug_abbrev  0x00001f37       0xf5 src/ASF/sam/utils/cmsis/sam4s/source/templates/system_sam4s.o
 .debug_abbrev  0x0000202c      0x14e src/ASF/sam/utils/syscalls/gcc/syscalls.o
 .debug_abbrev  0x0000217a      0x41f src/ili93xx_example.o

.debug_loc      0x00000000     0x6a16
 .debug_loc     0x00000000      0x6ab src/ASF/sam/drivers/tc/tc.o
 .debug_loc     0x000006ab       0xed src/ASF/common/services/clock/sam4s/sysclk.o
 .debug_loc     0x00000798       0x1e src/ASF/common/utils/interrupt/interrupt_sam_nvic.o
 .debug_loc     0x000007b6      0x107 src/ASF/common/utils/stdio/read.o
 .debug_loc     0x000008bd      0x15d src/ASF/common/utils/stdio/write.o
 .debug_loc     0x00000a1a       0x20 src/ASF/sam/boards/sam4s_ek2/init.o
 .debug_loc     0x00000a3a       0xad src/ASF/sam/components/display/aat31xx/aat31xx.o
 .debug_loc     0x00000ae7     0x22d7 src/ASF/sam/components/display/ili93xx/ili93xx.o
 .debug_loc     0x00002dbe       0xe7 src/ASF/sam/drivers/ebi/smc/smc.o
 .debug_loc     0x00002ea5      0xdd7 src/ASF/sam/drivers/pio/pio.o
 .debug_loc     0x00003c7c      0x553 src/ASF/sam/drivers/pio/pio_handler.o
 .debug_loc     0x000041cf      0xd88 src/ASF/sam/drivers/pmc/pmc.o
 .debug_loc     0x00004f57      0x300 src/ASF/sam/drivers/pmc/sleep.o
 .debug_loc     0x00005257      0x277 src/ASF/sam/drivers/uart/uart.o
 .debug_loc     0x000054ce      0xf46 src/ASF/sam/drivers/usart/usart.o
 .debug_loc     0x00006414       0xc6 src/ASF/sam/utils/cmsis/sam4s/source/templates/gcc/startup_sam4s.o
 .debug_loc     0x000064da      0x12b src/ASF/sam/utils/syscalls/gcc/syscalls.o
 .debug_loc     0x00006605      0x411 src/ili93xx_example.o

.debug_aranges  0x00000000      0xbb0
 .debug_aranges
                0x00000000       0xd0 src/ASF/sam/drivers/tc/tc.o
 .debug_aranges
                0x000000d0       0x30 src/ASF/common/services/clock/sam4s/sysclk.o
 .debug_aranges
                0x00000100       0x28 src/ASF/common/utils/interrupt/interrupt_sam_nvic.o
 .debug_aranges
                0x00000128       0x20 src/ASF/common/utils/stdio/read.o
 .debug_aranges
                0x00000148       0x20 src/ASF/common/utils/stdio/write.o
 .debug_aranges
                0x00000168       0x20 src/ASF/sam/boards/sam4s_ek2/init.o
 .debug_aranges
                0x00000188       0x28 src/ASF/sam/components/display/aat31xx/aat31xx.o
 .debug_aranges
                0x000001b0      0x170 src/ASF/sam/components/display/ili93xx/ili93xx.o
 .debug_aranges
                0x00000320       0x50 src/ASF/sam/drivers/ebi/smc/smc.o
 .debug_aranges
                0x00000370      0x1a8 src/ASF/sam/drivers/pio/pio.o
 .debug_aranges
                0x00000518       0x58 src/ASF/sam/drivers/pio/pio_handler.o
 .debug_aranges
                0x00000570      0x208 src/ASF/sam/drivers/pmc/pmc.o
 .debug_aranges
                0x00000778       0x30 src/ASF/sam/drivers/pmc/sleep.o
 .debug_aranges
                0x000007a8       0xe8 src/ASF/sam/drivers/uart/uart.o
 .debug_aranges
                0x00000890      0x210 src/ASF/sam/drivers/usart/usart.o
 .debug_aranges
                0x00000aa0       0x28 src/ASF/sam/utils/cmsis/sam4s/source/templates/gcc/startup_sam4s.o
 .debug_aranges
                0x00000ac8       0x30 src/ASF/sam/utils/cmsis/sam4s/source/templates/system_sam4s.o
 .debug_aranges
                0x00000af8       0x60 src/ASF/sam/utils/syscalls/gcc/syscalls.o
 .debug_aranges
                0x00000b58       0x58 src/ili93xx_example.o

.debug_ranges   0x00000000      0xb38
 .debug_ranges  0x00000000       0xc0 src/ASF/sam/drivers/tc/tc.o
 .debug_ranges  0x000000c0       0x20 src/ASF/common/services/clock/sam4s/sysclk.o
 .debug_ranges  0x000000e0       0x18 src/ASF/common/utils/interrupt/interrupt_sam_nvic.o
 .debug_ranges  0x000000f8       0x10 src/ASF/common/utils/stdio/read.o
 .debug_ranges  0x00000108       0x10 src/ASF/common/utils/stdio/write.o
 .debug_ranges  0x00000118       0x10 src/ASF/sam/boards/sam4s_ek2/init.o
 .debug_ranges  0x00000128       0x30 src/ASF/sam/components/display/aat31xx/aat31xx.o
 .debug_ranges  0x00000158      0x200 src/ASF/sam/components/display/ili93xx/ili93xx.o
 .debug_ranges  0x00000358       0x40 src/ASF/sam/drivers/ebi/smc/smc.o
 .debug_ranges  0x00000398      0x198 src/ASF/sam/drivers/pio/pio.o
 .debug_ranges  0x00000530       0x48 src/ASF/sam/drivers/pio/pio_handler.o
 .debug_ranges  0x00000578      0x1f8 src/ASF/sam/drivers/pmc/pmc.o
 .debug_ranges  0x00000770       0x20 src/ASF/sam/drivers/pmc/sleep.o
 .debug_ranges  0x00000790       0xd8 src/ASF/sam/drivers/uart/uart.o
 .debug_ranges  0x00000868      0x200 src/ASF/sam/drivers/usart/usart.o
 .debug_ranges  0x00000a68       0x18 src/ASF/sam/utils/cmsis/sam4s/source/templates/gcc/startup_sam4s.o
 .debug_ranges  0x00000a80       0x20 src/ASF/sam/utils/cmsis/sam4s/source/templates/system_sam4s.o
 .debug_ranges  0x00000aa0       0x50 src/ASF/sam/utils/syscalls/gcc/syscalls.o
 .debug_ranges  0x00000af0       0x48 src/ili93xx_example.o

.debug_macro    0x00000000    0x1543c
 .debug_macro   0x00000000      0x4be src/ASF/sam/drivers/tc/tc.o
 .debug_macro   0x000004be      0x89e src/ASF/sam/drivers/tc/tc.o
 .debug_macro   0x00000d5c       0x58 src/ASF/sam/drivers/tc/tc.o
 .debug_macro   0x00000db4       0x22 src/ASF/sam/drivers/tc/tc.o
 .debug_macro   0x00000dd6       0x35 src/ASF/sam/drivers/tc/tc.o
 .debug_macro   0x00000e0b       0x9c src/ASF/sam/drivers/tc/tc.o
 .debug_macro   0x00000ea7       0x16 src/ASF/sam/drivers/tc/tc.o
 .debug_macro   0x00000ebd      0x166 src/ASF/sam/drivers/tc/tc.o
 .debug_macro   0x00001023      0x636 src/ASF/sam/drivers/tc/tc.o
 .debug_macro   0x00001659       0x76 src/ASF/sam/drivers/tc/tc.o
 .debug_macro   0x000016cf       0x16 src/ASF/sam/drivers/tc/tc.o
 .debug_macro   0x000016e5      0x6e4 src/ASF/sam/drivers/tc/tc.o
 .debug_macro   0x00001dc9       0x4a src/ASF/sam/drivers/tc/tc.o
 .debug_macro   0x00001e13       0x58 src/ASF/sam/drivers/tc/tc.o
 .debug_macro   0x00001e6b       0x22 src/ASF/sam/drivers/tc/tc.o
 .debug_macro   0x00001e8d      0x1df src/ASF/sam/drivers/tc/tc.o
 .debug_macro   0x0000206c       0x27 src/ASF/sam/drivers/tc/tc.o
 .debug_macro   0x00002093       0x3b src/ASF/sam/drivers/tc/tc.o
 .debug_macro   0x000020ce       0x2d src/ASF/sam/drivers/tc/tc.o
 .debug_macro   0x000020fb       0x26 src/ASF/sam/drivers/tc/tc.o
 .debug_macro   0x00002121      0xbbf src/ASF/sam/drivers/tc/tc.o
 .debug_macro   0x00002ce0      0x159 src/ASF/sam/drivers/tc/tc.o
 .debug_macro   0x00002e39      0xaaf src/ASF/sam/drivers/tc/tc.o
 .debug_macro   0x000038e8      0x284 src/ASF/sam/drivers/tc/tc.o
 .debug_macro   0x00003b6c      0x11e src/ASF/sam/drivers/tc/tc.o
 .debug_macro   0x00003c8a       0xac src/ASF/sam/drivers/tc/tc.o
 .debug_macro   0x00003d36      0x401 src/ASF/sam/drivers/tc/tc.o
 .debug_macro   0x00004137      0x106 src/ASF/sam/drivers/tc/tc.o
 .debug_macro   0x0000423d       0x1c src/ASF/sam/drivers/tc/tc.o
 .debug_macro   0x00004259      0x738 src/ASF/sam/drivers/tc/tc.o
 .debug_macro   0x00004991      0x2d2 src/ASF/sam/drivers/tc/tc.o
 .debug_macro   0x00004c63       0xbe src/ASF/sam/drivers/tc/tc.o
 .debug_macro   0x00004d21     0x280b src/ASF/sam/drivers/tc/tc.o
 .debug_macro   0x0000752c      0x777 src/ASF/sam/drivers/tc/tc.o
 .debug_macro   0x00007ca3      0xa8e src/ASF/sam/drivers/tc/tc.o
 .debug_macro   0x00008731       0x9a src/ASF/sam/drivers/tc/tc.o
 .debug_macro   0x000087cb      0x3d8 src/ASF/sam/drivers/tc/tc.o
 .debug_macro   0x00008ba3       0x64 src/ASF/sam/drivers/tc/tc.o
 .debug_macro   0x00008c07      0x1ae src/ASF/sam/drivers/tc/tc.o
 .debug_macro   0x00008db5      0x386 src/ASF/sam/drivers/tc/tc.o
 .debug_macro   0x0000913b      0x624 src/ASF/sam/drivers/tc/tc.o
 .debug_macro   0x0000975f      0x690 src/ASF/sam/drivers/tc/tc.o
 .debug_macro   0x00009def      0x59f src/ASF/sam/drivers/tc/tc.o
 .debug_macro   0x0000a38e      0x34d src/ASF/sam/drivers/tc/tc.o
 .debug_macro   0x0000a6db      0x28c src/ASF/sam/drivers/tc/tc.o
 .debug_macro   0x0000a967      0x2d6 src/ASF/sam/drivers/tc/tc.o
 .debug_macro   0x0000ac3d      0x6d9 src/ASF/sam/drivers/tc/tc.o
 .debug_macro   0x0000b316       0x76 src/ASF/sam/drivers/tc/tc.o
 .debug_macro   0x0000b38c       0xb8 src/ASF/sam/drivers/tc/tc.o
 .debug_macro   0x0000b444       0xb2 src/ASF/sam/drivers/tc/tc.o
 .debug_macro   0x0000b4f6       0x88 src/ASF/sam/drivers/tc/tc.o
 .debug_macro   0x0000b57e      0x105 src/ASF/sam/drivers/tc/tc.o
 .debug_macro   0x0000b683      0x105 src/ASF/sam/drivers/tc/tc.o
 .debug_macro   0x0000b788       0x88 src/ASF/sam/drivers/tc/tc.o
 .debug_macro   0x0000b810       0x88 src/ASF/sam/drivers/tc/tc.o
 .debug_macro   0x0000b898      0x2cd src/ASF/sam/drivers/tc/tc.o
 .debug_macro   0x0000bb65       0xb2 src/ASF/sam/drivers/tc/tc.o
 .debug_macro   0x0000bc17       0xb2 src/ASF/sam/drivers/tc/tc.o
 .debug_macro   0x0000bcc9       0x52 src/ASF/sam/drivers/tc/tc.o
 .debug_macro   0x0000bd1b       0xac src/ASF/sam/drivers/tc/tc.o
 .debug_macro   0x0000bdc7       0x7c src/ASF/sam/drivers/tc/tc.o
 .debug_macro   0x0000be43       0x40 src/ASF/sam/drivers/tc/tc.o
 .debug_macro   0x0000be83       0x64 src/ASF/sam/drivers/tc/tc.o
 .debug_macro   0x0000bee7       0x46 src/ASF/sam/drivers/tc/tc.o
 .debug_macro   0x0000bf2d       0x88 src/ASF/sam/drivers/tc/tc.o
 .debug_macro   0x0000bfb5       0x4c src/ASF/sam/drivers/tc/tc.o
 .debug_macro   0x0000c001       0xa6 src/ASF/sam/drivers/tc/tc.o
 .debug_macro   0x0000c0a7       0x7c src/ASF/sam/drivers/tc/tc.o
 .debug_macro   0x0000c123       0x16 src/ASF/sam/drivers/tc/tc.o
 .debug_macro   0x0000c139       0x7c src/ASF/sam/drivers/tc/tc.o
 .debug_macro   0x0000c1b5       0x22 src/ASF/sam/drivers/tc/tc.o
 .debug_macro   0x0000c1d7       0x22 src/ASF/sam/drivers/tc/tc.o
 .debug_macro   0x0000c1f9      0x195 src/ASF/sam/drivers/tc/tc.o
 .debug_macro   0x0000c38e      0x165 src/ASF/sam/drivers/tc/tc.o
 .debug_macro   0x0000c4f3      0x165 src/ASF/sam/drivers/tc/tc.o
 .debug_macro   0x0000c658       0x1c src/ASF/sam/drivers/tc/tc.o
 .debug_macro   0x0000c674       0x2e src/ASF/sam/drivers/tc/tc.o
 .debug_macro   0x0000c6a2       0x22 src/ASF/sam/drivers/tc/tc.o
 .debug_macro   0x0000c6c4       0x1c src/ASF/sam/drivers/tc/tc.o
 .debug_macro   0x0000c6e0       0x52 src/ASF/sam/drivers/tc/tc.o
 .debug_macro   0x0000c732       0x10 src/ASF/sam/drivers/tc/tc.o
 .debug_macro   0x0000c742      0x234 src/ASF/sam/drivers/tc/tc.o
 .debug_macro   0x0000c976      0x938 src/ASF/sam/drivers/tc/tc.o
 .debug_macro   0x0000d2ae      0x12a src/ASF/sam/drivers/tc/tc.o
 .debug_macro   0x0000d3d8       0x1c src/ASF/sam/drivers/tc/tc.o
 .debug_macro   0x0000d3f4       0x35 src/ASF/sam/drivers/tc/tc.o
 .debug_macro   0x0000d429      0x29d src/ASF/sam/drivers/tc/tc.o
 .debug_macro   0x0000d6c6       0x10 src/ASF/sam/drivers/tc/tc.o
 .debug_macro   0x0000d6d6       0x52 src/ASF/sam/drivers/tc/tc.o
 .debug_macro   0x0000d728       0x16 src/ASF/sam/drivers/tc/tc.o
 .debug_macro   0x0000d73e       0x43 src/ASF/sam/drivers/tc/tc.o
 .debug_macro   0x0000d781      0x180 src/ASF/sam/drivers/tc/tc.o
 .debug_macro   0x0000d901       0x10 src/ASF/sam/drivers/tc/tc.o
 .debug_macro   0x0000d911       0x22 src/ASF/sam/drivers/tc/tc.o
 .debug_macro   0x0000d933       0xbe src/ASF/sam/drivers/tc/tc.o
 .debug_macro   0x0000d9f1       0x16 src/ASF/sam/drivers/tc/tc.o
 .debug_macro   0x0000da07      0x197 src/ASF/sam/drivers/tc/tc.o
 .debug_macro   0x0000db9e       0x22 src/ASF/sam/drivers/tc/tc.o
 .debug_macro   0x0000dbc0       0x16 src/ASF/sam/drivers/tc/tc.o
 .debug_macro   0x0000dbd6       0x16 src/ASF/sam/drivers/tc/tc.o
 .debug_macro   0x0000dbec       0x29 src/ASF/sam/drivers/tc/tc.o
 .debug_macro   0x0000dc15       0x6e src/ASF/sam/drivers/tc/tc.o
 .debug_macro   0x0000dc83       0x3f src/ASF/sam/drivers/tc/tc.o
 .debug_macro   0x0000dcc2      0x3ca src/ASF/sam/drivers/tc/tc.o
 .debug_macro   0x0000e08c      0x522 src/ASF/common/services/clock/sam4s/sysclk.o
 .debug_macro   0x0000e5ae       0x28 src/ASF/common/services/clock/sam4s/sysclk.o
 .debug_macro   0x0000e5d6       0x44 src/ASF/common/services/clock/sam4s/sysclk.o
 .debug_macro   0x0000e61a       0x16 src/ASF/common/services/clock/sam4s/sysclk.o
 .debug_macro   0x0000e630      0x288 src/ASF/common/services/clock/sam4s/sysclk.o
 .debug_macro   0x0000e8b8      0xa49 src/ASF/common/services/clock/sam4s/sysclk.o
 .debug_macro   0x0000f301       0x58 src/ASF/common/services/clock/sam4s/sysclk.o
 .debug_macro   0x0000f359       0x64 src/ASF/common/services/clock/sam4s/sysclk.o
 .debug_macro   0x0000f3bd       0x46 src/ASF/common/services/clock/sam4s/sysclk.o
 .debug_macro   0x0000f403       0x90 src/ASF/common/services/clock/sam4s/sysclk.o
 .debug_macro   0x0000f493      0x4a8 src/ASF/common/utils/interrupt/interrupt_sam_nvic.o
 .debug_macro   0x0000f93b      0x4a8 src/ASF/common/utils/stdio/read.o
 .debug_macro   0x0000fde3      0x4a8 src/ASF/common/utils/stdio/write.o
 .debug_macro   0x0001028b      0x561 src/ASF/sam/boards/sam4s_ek2/init.o
 .debug_macro   0x000107ec       0x22 src/ASF/sam/boards/sam4s_ek2/init.o
 .debug_macro   0x0001080e       0x94 src/ASF/sam/boards/sam4s_ek2/init.o
 .debug_macro   0x000108a2       0x40 src/ASF/sam/boards/sam4s_ek2/init.o
 .debug_macro   0x000108e2       0x82 src/ASF/sam/boards/sam4s_ek2/init.o
 .debug_macro   0x00010964      0x570 src/ASF/sam/components/display/aat31xx/aat31xx.o
 .debug_macro   0x00010ed4       0x16 src/ASF/sam/components/display/aat31xx/aat31xx.o
 .debug_macro   0x00010eea      0x510 src/ASF/sam/components/display/ili93xx/ili93xx.o
 .debug_macro   0x000113fa       0x10 src/ASF/sam/components/display/ili93xx/ili93xx.o
 .debug_macro   0x0001140a      0x14f src/ASF/sam/components/display/ili93xx/ili93xx.o
 .debug_macro   0x00011559      0x287 src/ASF/sam/components/display/ili93xx/ili93xx.o
 .debug_macro   0x000117e0      0x7ed src/ASF/sam/components/display/ili93xx/ili93xx.o
 .debug_macro   0x00011fcd      0x4d5 src/ASF/sam/drivers/ebi/smc/smc.o
 .debug_macro   0x000124a2      0x4bd src/ASF/sam/drivers/pio/pio.o
 .debug_macro   0x0001295f       0x8e src/ASF/sam/drivers/pio/pio.o
 .debug_macro   0x000129ed      0x4c7 src/ASF/sam/drivers/pio/pio_handler.o
 .debug_macro   0x00012eb4      0x4bd src/ASF/sam/drivers/pmc/pmc.o
 .debug_macro   0x00013371       0x52 src/ASF/sam/drivers/pmc/pmc.o
 .debug_macro   0x000133c3      0x4d7 src/ASF/sam/drivers/pmc/sleep.o
 .debug_macro   0x0001389a       0x34 src/ASF/sam/drivers/pmc/sleep.o
 .debug_macro   0x000138ce      0x4b7 src/ASF/sam/drivers/uart/uart.o
 .debug_macro   0x00013d85       0x16 src/ASF/sam/drivers/uart/uart.o
 .debug_macro   0x00013d9b      0x4ed src/ASF/sam/drivers/usart/usart.o
 .debug_macro   0x00014288       0x28 src/ASF/sam/drivers/usart/usart.o
 .debug_macro   0x000142b0      0x316 src/ASF/sam/utils/cmsis/sam4s/source/templates/gcc/startup_sam4s.o
 .debug_macro   0x000145c6      0x31e src/ASF/sam/utils/cmsis/sam4s/source/templates/system_sam4s.o
 .debug_macro   0x000148e4      0x169 src/ASF/sam/utils/syscalls/gcc/syscalls.o
 .debug_macro   0x00014a4d       0x97 src/ASF/sam/utils/syscalls/gcc/syscalls.o
 .debug_macro   0x00014ae4       0xef src/ASF/sam/utils/syscalls/gcc/syscalls.o
 .debug_macro   0x00014bd3       0x52 src/ASF/sam/utils/syscalls/gcc/syscalls.o
 .debug_macro   0x00014c25       0x16 src/ASF/sam/utils/syscalls/gcc/syscalls.o
 .debug_macro   0x00014c3b       0x10 src/ASF/sam/utils/syscalls/gcc/syscalls.o
 .debug_macro   0x00014c4b       0x10 src/ASF/sam/utils/syscalls/gcc/syscalls.o
 .debug_macro   0x00014c5b       0x10 src/ASF/sam/utils/syscalls/gcc/syscalls.o
 .debug_macro   0x00014c6b       0x35 src/ASF/sam/utils/syscalls/gcc/syscalls.o
 .debug_macro   0x00014ca0      0x122 src/ASF/sam/utils/syscalls/gcc/syscalls.o
 .debug_macro   0x00014dc2      0x66a src/ili93xx_example.o
 .debug_macro   0x0001542c       0x10 src/ili93xx_example.o

.debug_line     0x00000000     0xdfee
 .debug_line    0x00000000      0xbca src/ASF/sam/drivers/tc/tc.o
 .debug_line    0x00000bca      0xb5d src/ASF/common/services/clock/sam4s/sysclk.o
 .debug_line    0x00001727      0xa45 src/ASF/common/utils/interrupt/interrupt_sam_nvic.o
 .debug_line    0x0000216c      0xa32 src/ASF/common/utils/stdio/read.o
 .debug_line    0x00002b9e      0xa28 src/ASF/common/utils/stdio/write.o
 .debug_line    0x000035c6      0xc22 src/ASF/sam/boards/sam4s_ek2/init.o
 .debug_line    0x000041e8      0xc2f src/ASF/sam/components/display/aat31xx/aat31xx.o
 .debug_line    0x00004e17     0x1233 src/ASF/sam/components/display/ili93xx/ili93xx.o
 .debug_line    0x0000604a      0xad5 src/ASF/sam/drivers/ebi/smc/smc.o
 .debug_line    0x00006b1f      0xeb9 src/ASF/sam/drivers/pio/pio.o
 .debug_line    0x000079d8      0xade src/ASF/sam/drivers/pio/pio_handler.o
 .debug_line    0x000084b6      0xfe5 src/ASF/sam/drivers/pmc/pmc.o
 .debug_line    0x0000949b      0xb80 src/ASF/sam/drivers/pmc/sleep.o
 .debug_line    0x0000a01b      0xbe0 src/ASF/sam/drivers/uart/uart.o
 .debug_line    0x0000abfb      0xf9e src/ASF/sam/drivers/usart/usart.o
 .debug_line    0x0000bb99      0x87d src/ASF/sam/utils/cmsis/sam4s/source/templates/gcc/startup_sam4s.o
 .debug_line    0x0000c416      0x897 src/ASF/sam/utils/cmsis/sam4s/source/templates/system_sam4s.o
 .debug_line    0x0000ccad      0x399 src/ASF/sam/utils/syscalls/gcc/syscalls.o
 .debug_line    0x0000d046      0xfa8 src/ili93xx_example.o

.debug_str      0x00000000    0x590f1
 .debug_str     0x00000000    0x49c27 src/ASF/sam/drivers/tc/tc.o
                              0x49f5f (size before relaxing)
 .debug_str     0x00049c27     0x4c53 src/ASF/common/services/clock/sam4s/sysclk.o
                              0x4e862 (size before relaxing)
 .debug_str     0x0004e87a       0x94 src/ASF/common/utils/interrupt/interrupt_sam_nvic.o
                              0x49c50 (size before relaxing)
 .debug_str     0x0004e90e       0x3f src/ASF/common/utils/stdio/read.o
                              0x49bff (size before relaxing)
 .debug_str     0x0004e94d       0x2e src/ASF/common/utils/stdio/write.o
                              0x49c01 (size before relaxing)
 .debug_str     0x0004e97b      0xbd1 src/ASF/sam/boards/sam4s_ek2/init.o
                              0x4f1a6 (size before relaxing)
 .debug_str     0x0004f54c      0x224 src/ASF/sam/components/display/aat31xx/aat31xx.o
                              0x4ed11 (size before relaxing)
 .debug_str     0x0004f770     0x654f src/ASF/sam/components/display/ili93xx/ili93xx.o
                              0x542b9 (size before relaxing)
 .debug_str     0x00055cbf      0x188 src/ASF/sam/drivers/ebi/smc/smc.o
                              0x4dddf (size before relaxing)
 .debug_str     0x00055e47      0x5a6 src/ASF/sam/drivers/pio/pio.o
                              0x4a814 (size before relaxing)
 .debug_str     0x000563ed      0x40b src/ASF/sam/drivers/pio/pio_handler.o
                              0x4a68f (size before relaxing)
 .debug_str     0x000567f8      0x6d4 src/ASF/sam/drivers/pmc/pmc.o
                              0x4a663 (size before relaxing)
 .debug_str     0x00056ecc      0x24a src/ASF/sam/drivers/pmc/sleep.o
                              0x4e2e5 (size before relaxing)
 .debug_str     0x00057116      0x338 src/ASF/sam/drivers/uart/uart.o
                              0x49fb3 (size before relaxing)
 .debug_str     0x0005744e      0x949 src/ASF/sam/drivers/usart/usart.o
                              0x4a5f9 (size before relaxing)
 .debug_str     0x00057d97      0x40e src/ASF/sam/utils/cmsis/sam4s/source/templates/gcc/startup_sam4s.o
                              0x3b46f (size before relaxing)
 .debug_str     0x000581a5       0xcd src/ASF/sam/utils/cmsis/sam4s/source/templates/system_sam4s.o
                              0x3b238 (size before relaxing)
 .debug_str     0x00058272      0x852 src/ASF/sam/utils/syscalls/gcc/syscalls.o
                               0x6103 (size before relaxing)
 .debug_str     0x00058ac4      0x62d src/ili93xx_example.o
                              0x55e93 (size before relaxing)

.debug_frame    0x00000000     0x27f8
 .debug_frame   0x00000000      0x1a4 src/ASF/sam/drivers/tc/tc.o
 .debug_frame   0x000001a4       0x58 src/ASF/common/services/clock/sam4s/sysclk.o
 .debug_frame   0x000001fc       0x30 src/ASF/common/utils/interrupt/interrupt_sam_nvic.o
 .debug_frame   0x0000022c       0x38 src/ASF/common/utils/stdio/read.o
 .debug_frame   0x00000264       0x48 src/ASF/common/utils/stdio/write.o
 .debug_frame   0x000002ac       0x2c src/ASF/sam/boards/sam4s_ek2/init.o
 .debug_frame   0x000002d8       0x50 src/ASF/sam/components/display/aat31xx/aat31xx.o
 .debug_frame   0x00000328      0x4d4 src/ASF/sam/components/display/ili93xx/ili93xx.o
 .debug_frame   0x000007fc       0x80 src/ASF/sam/drivers/ebi/smc/smc.o
 .debug_frame   0x0000087c      0x38c src/ASF/sam/drivers/pio/pio.o
 .debug_frame   0x00000c08       0xf4 src/ASF/sam/drivers/pio/pio_handler.o
 .debug_frame   0x00000cfc      0x46c src/ASF/sam/drivers/pmc/pmc.o
 .debug_frame   0x00001168       0x60 src/ASF/sam/drivers/pmc/sleep.o
 .debug_frame   0x000011c8      0x1bc src/ASF/sam/drivers/uart/uart.o
 .debug_frame   0x00001384      0x48c src/ASF/sam/drivers/usart/usart.o
 .debug_frame   0x00001810       0x38 src/ASF/sam/utils/cmsis/sam4s/source/templates/gcc/startup_sam4s.o
 .debug_frame   0x00001848       0x40 src/ASF/sam/utils/cmsis/sam4s/source/templates/system_sam4s.o
 .debug_frame   0x00001888       0xa8 src/ASF/sam/utils/syscalls/gcc/syscalls.o
 .debug_frame   0x00001930       0xf8 src/ili93xx_example.o
 .debug_frame   0x00001a28       0x2c c:/program files (x86)/atmel/studio/7.0/toolchain/arm/arm-gnu-toolchain/bin/../lib/gcc/arm-none-eabi/4.9.3/../../../../arm-none-eabi/lib/armv7e-m\libc.a(lib_a-init.o)
 .debug_frame   0x00001a54       0x34 c:/program files (x86)/atmel/studio/7.0/toolchain/arm/arm-gnu-toolchain/bin/../lib/gcc/arm-none-eabi/4.9.3/../../../../arm-none-eabi/lib/armv7e-m\libc.a(lib_a-memset.o)
 .debug_frame   0x00001a88       0x20 c:/program files (x86)/atmel/studio/7.0/toolchain/arm/arm-gnu-toolchain/bin/../lib/gcc/arm-none-eabi/4.9.3/../../../../arm-none-eabi/lib/armv7e-m\libc.a(lib_a-setbuf.o)
 .debug_frame   0x00001aa8       0x30 c:/program files (x86)/atmel/studio/7.0/toolchain/arm/arm-gnu-toolchain/bin/../lib/gcc/arm-none-eabi/4.9.3/../../../../arm-none-eabi/lib/armv7e-m\libc.a(lib_a-setvbuf.o)
 .debug_frame   0x00001ad8       0xd0 c:/program files (x86)/atmel/studio/7.0/toolchain/arm/arm-gnu-toolchain/bin/../lib/gcc/arm-none-eabi/4.9.3/../../../../arm-none-eabi/lib/armv7e-m\libc.a(lib_a-snprintf.o)
 .debug_frame   0x00001ba8       0x40 c:/program files (x86)/atmel/studio/7.0/toolchain/arm/arm-gnu-toolchain/bin/../lib/gcc/arm-none-eabi/4.9.3/../../../../arm-none-eabi/lib/armv7e-m\libc.a(lib_a-svfprintf.o)
 .debug_frame   0x00001be8       0x50 c:/program files (x86)/atmel/studio/7.0/toolchain/arm/arm-gnu-toolchain/bin/../lib/gcc/arm-none-eabi/4.9.3/../../../../arm-none-eabi/lib/armv7e-m\libc.a(lib_a-__call_atexit.o)
 .debug_frame   0x00001c38       0x20 c:/program files (x86)/atmel/studio/7.0/toolchain/arm/arm-gnu-toolchain/bin/../lib/gcc/arm-none-eabi/4.9.3/../../../../arm-none-eabi/lib/armv7e-m\libc.a(lib_a-atexit.o)
 .debug_frame   0x00001c58       0x88 c:/program files (x86)/atmel/studio/7.0/toolchain/arm/arm-gnu-toolchain/bin/../lib/gcc/arm-none-eabi/4.9.3/../../../../arm-none-eabi/lib/armv7e-m\libc.a(lib_a-dtoa.o)
 .debug_frame   0x00001ce0       0x6c c:/program files (x86)/atmel/studio/7.0/toolchain/arm/arm-gnu-toolchain/bin/../lib/gcc/arm-none-eabi/4.9.3/../../../../arm-none-eabi/lib/armv7e-m\libc.a(lib_a-fflush.o)
 .debug_frame   0x00001d4c      0x124 c:/program files (x86)/atmel/studio/7.0/toolchain/arm/arm-gnu-toolchain/bin/../lib/gcc/arm-none-eabi/4.9.3/../../../../arm-none-eabi/lib/armv7e-m\libc.a(lib_a-findfp.o)
 .debug_frame   0x00001e70       0x34 c:/program files (x86)/atmel/studio/7.0/toolchain/arm/arm-gnu-toolchain/bin/../lib/gcc/arm-none-eabi/4.9.3/../../../../arm-none-eabi/lib/armv7e-m\libc.a(lib_a-fini.o)
 .debug_frame   0x00001ea4       0x74 c:/program files (x86)/atmel/studio/7.0/toolchain/arm/arm-gnu-toolchain/bin/../lib/gcc/arm-none-eabi/4.9.3/../../../../arm-none-eabi/lib/armv7e-m\libc.a(lib_a-freer.o)
 .debug_frame   0x00001f18       0x54 c:/program files (x86)/atmel/studio/7.0/toolchain/arm/arm-gnu-toolchain/bin/../lib/gcc/arm-none-eabi/4.9.3/../../../../arm-none-eabi/lib/armv7e-m\libc.a(lib_a-fwalk.o)
 .debug_frame   0x00001f6c       0x9c c:/program files (x86)/atmel/studio/7.0/toolchain/arm/arm-gnu-toolchain/bin/../lib/gcc/arm-none-eabi/4.9.3/../../../../arm-none-eabi/lib/armv7e-m\libc.a(lib_a-locale.o)
 .debug_frame   0x00002008       0x30 c:/program files (x86)/atmel/studio/7.0/toolchain/arm/arm-gnu-toolchain/bin/../lib/gcc/arm-none-eabi/4.9.3/../../../../arm-none-eabi/lib/armv7e-m\libc.a(lib_a-malloc.o)
 .debug_frame   0x00002038       0x58 c:/program files (x86)/atmel/studio/7.0/toolchain/arm/arm-gnu-toolchain/bin/../lib/gcc/arm-none-eabi/4.9.3/../../../../arm-none-eabi/lib/armv7e-m\libc.a(lib_a-mallocr.o)
 .debug_frame   0x00002090       0x3c c:/program files (x86)/atmel/studio/7.0/toolchain/arm/arm-gnu-toolchain/bin/../lib/gcc/arm-none-eabi/4.9.3/../../../../arm-none-eabi/lib/armv7e-m\libc.a(lib_a-memchr.o)
 .debug_frame   0x000020cc       0x30 c:/program files (x86)/atmel/studio/7.0/toolchain/arm/arm-gnu-toolchain/bin/../lib/gcc/arm-none-eabi/4.9.3/../../../../arm-none-eabi/lib/armv7e-m\libc.a(lib_a-memmove.o)
 .debug_frame   0x000020fc       0x30 c:/program files (x86)/atmel/studio/7.0/toolchain/arm/arm-gnu-toolchain/bin/../lib/gcc/arm-none-eabi/4.9.3/../../../../arm-none-eabi/lib/armv7e-m\libc.a(lib_a-mlock.o)
 .debug_frame   0x0000212c      0x268 c:/program files (x86)/atmel/studio/7.0/toolchain/arm/arm-gnu-toolchain/bin/../lib/gcc/arm-none-eabi/4.9.3/../../../../arm-none-eabi/lib/armv7e-m\libc.a(lib_a-mprec.o)
 .debug_frame   0x00002394       0x60 c:/program files (x86)/atmel/studio/7.0/toolchain/arm/arm-gnu-toolchain/bin/../lib/gcc/arm-none-eabi/4.9.3/../../../../arm-none-eabi/lib/armv7e-m\libc.a(lib_a-reallocr.o)
 .debug_frame   0x000023f4       0x34 c:/program files (x86)/atmel/studio/7.0/toolchain/arm/arm-gnu-toolchain/bin/../lib/gcc/arm-none-eabi/4.9.3/../../../../arm-none-eabi/lib/armv7e-m\libc.a(lib_a-s_fpclassify.o)
 .debug_frame   0x00002428       0x2c c:/program files (x86)/atmel/studio/7.0/toolchain/arm/arm-gnu-toolchain/bin/../lib/gcc/arm-none-eabi/4.9.3/../../../../arm-none-eabi/lib/armv7e-m\libc.a(lib_a-sbrkr.o)
 .debug_frame   0x00002454       0x88 c:/program files (x86)/atmel/studio/7.0/toolchain/arm/arm-gnu-toolchain/bin/../lib/gcc/arm-none-eabi/4.9.3/../../../../arm-none-eabi/lib/armv7e-m\libc.a(lib_a-stdio.o)
 .debug_frame   0x000024dc       0x20 c:/program files (x86)/atmel/studio/7.0/toolchain/arm/arm-gnu-toolchain/bin/../lib/gcc/arm-none-eabi/4.9.3/../../../../arm-none-eabi/lib/armv7e-m\libc.a(lib_a-strlen.o)
 .debug_frame   0x000024fc       0x78 c:/program files (x86)/atmel/studio/7.0/toolchain/arm/arm-gnu-toolchain/bin/../lib/gcc/arm-none-eabi/4.9.3/../../../../arm-none-eabi/lib/armv7e-m\libc.a(lib_a-svfiprintf.o)
 .debug_frame   0x00002574       0x2c c:/program files (x86)/atmel/studio/7.0/toolchain/arm/arm-gnu-toolchain/bin/../lib/gcc/arm-none-eabi/4.9.3/../../../../arm-none-eabi/lib/armv7e-m\libc.a(lib_a-writer.o)
 .debug_frame   0x000025a0       0x34 c:/program files (x86)/atmel/studio/7.0/toolchain/arm/arm-gnu-toolchain/bin/../lib/gcc/arm-none-eabi/4.9.3/../../../../arm-none-eabi/lib/armv7e-m\libc.a(lib_a-__atexit.o)