Archive member included because of file (symbol)

c:/program files (x86)/atmel/studio/7.0/toolchain/arm/arm-gnu-toolchain/bin/../lib/gcc/arm-none-eabi/4.9.3/../../../../arm-none-eabi/lib/armv7e-m\libm.a(lib_a-s_cos.o)
                              src/ili93xx_example.o (cos)
c:/program files (x86)/atmel/studio/7.0/toolchain/arm/arm-gnu-toolchain/bin/../lib/gcc/arm-none-eabi/4.9.3/../../../../arm-none-eabi/lib/armv7e-m\libm.a(lib_a-s_sin.o)
                              src/ili93xx_example.o (sin)
c:/program files (x86)/atmel/studio/7.0/toolchain/arm/arm-gnu-toolchain/bin/../lib/gcc/arm-none-eabi/4.9.3/../../../../arm-none-eabi/lib/armv7e-m\libm.a(lib_a-e_rem_pio2.o)
                              c:/program files (x86)/atmel/studio/7.0/toolchain/arm/arm-gnu-toolchain/bin/../lib/gcc/arm-none-eabi/4.9.3/../../../../arm-none-eabi/lib/armv7e-m\libm.a(lib_a-s_cos.o) (__ieee754_rem_pio2)
c:/program files (x86)/atmel/studio/7.0/toolchain/arm/arm-gnu-toolchain/bin/../lib/gcc/arm-none-eabi/4.9.3/../../../../arm-none-eabi/lib/armv7e-m\libm.a(lib_a-k_cos.o)
                              c:/program files (x86)/atmel/studio/7.0/toolchain/arm/arm-gnu-toolchain/bin/../lib/gcc/arm-none-eabi/4.9.3/../../../../arm-none-eabi/lib/armv7e-m\libm.a(lib_a-s_cos.o) (__kernel_cos)
c:/program files (x86)/atmel/studio/7.0/toolchain/arm/arm-gnu-toolchain/bin/../lib/gcc/arm-none-eabi/4.9.3/../../../../arm-none-eabi/lib/armv7e-m\libm.a(lib_a-k_rem_pio2.o)
                              c:/program files (x86)/atmel/studio/7.0/toolchain/arm/arm-gnu-toolchain/bin/../lib/gcc/arm-none-eabi/4.9.3/../../../../arm-none-eabi/lib/armv7e-m\libm.a(lib_a-e_rem_pio2.o) (__kernel_rem_pio2)
c:/program files (x86)/atmel/studio/7.0/toolchain/arm/arm-gnu-toolchain/bin/../lib/gcc/arm-none-eabi/4.9.3/../../../../arm-none-eabi/lib/armv7e-m\libm.a(lib_a-k_sin.o)
                              c:/program files (x86)/atmel/studio/7.0/toolchain/arm/arm-gnu-toolchain/bin/../lib/gcc/arm-none-eabi/4.9.3/../../../../arm-none-eabi/lib/armv7e-m\libm.a(lib_a-s_cos.o) (__kernel_sin)
c:/program files (x86)/atmel/studio/7.0/toolchain/arm/arm-gnu-toolchain/bin/../lib/gcc/arm-none-eabi/4.9.3/../../../../arm-none-eabi/lib/armv7e-m\libm.a(lib_a-s_fabs.o)
                              c:/program files (x86)/atmel/studio/7.0/toolchain/arm/arm-gnu-toolchain/bin/../lib/gcc/arm-none-eabi/4.9.3/../../../../arm-none-eabi/lib/armv7e-m\libm.a(lib_a-e_rem_pio2.o) (fabs)
c:/program files (x86)/atmel/studio/7.0/toolchain/arm/arm-gnu-toolchain/bin/../lib/gcc/arm-none-eabi/4.9.3/../../../../arm-none-eabi/lib/armv7e-m\libm.a(lib_a-s_floor.o)
                              c:/program files (x86)/atmel/studio/7.0/toolchain/arm/arm-gnu-toolchain/bin/../lib/gcc/arm-none-eabi/4.9.3/../../../../arm-none-eabi/lib/armv7e-m\libm.a(lib_a-k_rem_pio2.o) (floor)
c:/program files (x86)/atmel/studio/7.0/toolchain/arm/arm-gnu-toolchain/bin/../lib/gcc/arm-none-eabi/4.9.3/../../../../arm-none-eabi/lib/armv7e-m\libm.a(lib_a-s_scalbn.o)
                              c:/program files (x86)/atmel/studio/7.0/toolchain/arm/arm-gnu-toolchain/bin/../lib/gcc/arm-none-eabi/4.9.3/../../../../arm-none-eabi/lib/armv7e-m\libm.a(lib_a-k_rem_pio2.o) (scalbn)
c:/program files (x86)/atmel/studio/7.0/toolchain/arm/arm-gnu-toolchain/bin/../lib/gcc/arm-none-eabi/4.9.3/../../../../arm-none-eabi/lib/armv7e-m\libm.a(lib_a-s_copysign.o)
                              c:/program files (x86)/atmel/studio/7.0/toolchain/arm/arm-gnu-toolchain/bin/../lib/gcc/arm-none-eabi/4.9.3/../../../../arm-none-eabi/lib/armv7e-m\libm.a(lib_a-s_scalbn.o) (copysign)
c:/program files (x86)/atmel/studio/7.0/toolchain/arm/arm-gnu-toolchain/bin/../lib/gcc/arm-none-eabi/4.9.3/armv7e-m\libgcc.a(_arm_addsubdf3.o)
                              src/ili93xx_example.o (__aeabi_dsub)
c:/program files (x86)/atmel/studio/7.0/toolchain/arm/arm-gnu-toolchain/bin/../lib/gcc/arm-none-eabi/4.9.3/armv7e-m\libgcc.a(_arm_muldivdf3.o)
                              src/ili93xx_example.o (__aeabi_dmul)
c:/program files (x86)/atmel/studio/7.0/toolchain/arm/arm-gnu-toolchain/bin/../lib/gcc/arm-none-eabi/4.9.3/armv7e-m\libgcc.a(_arm_cmpdf2.o)
                              c:/program files (x86)/atmel/studio/7.0/toolchain/arm/arm-gnu-toolchain/bin/../lib/gcc/arm-none-eabi/4.9.3/../../../../arm-none-eabi/lib/armv7e-m\libm.a(lib_a-e_rem_pio2.o) (__aeabi_dcmpeq)
c:/program files (x86)/atmel/studio/7.0/toolchain/arm/arm-gnu-toolchain/bin/../lib/gcc/arm-none-eabi/4.9.3/armv7e-m\libgcc.a(_arm_fixdfsi.o)
                              c:/program files (x86)/atmel/studio/7.0/toolchain/arm/arm-gnu-toolchain/bin/../lib/gcc/arm-none-eabi/4.9.3/../../../../arm-none-eabi/lib/armv7e-m\libm.a(lib_a-e_rem_pio2.o) (__aeabi_d2iz)
c:/program files (x86)/atmel/studio/7.0/toolchain/arm/arm-gnu-toolchain/bin/../lib/gcc/arm-none-eabi/4.9.3/armv7e-m\libgcc.a(_arm_fixunsdfsi.o)
                              src/ili93xx_example.o (__aeabi_d2uiz)
[...]
Memory Configuration

Name             Origin             Length             Attributes
rom              0x00400000         0x00200000         xr
ram              0x20000000         0x00028000         xrw
*default*        0x00000000         0xffffffff

Linker script and memory map

LOAD c:/program files (x86)/atmel/studio/7.0/toolchain/arm/arm-gnu-toolchain/bin/../lib/gcc/arm-none-eabi/4.9.3/armv7e-m/crti.o
LOAD c:/program files (x86)/atmel/studio/7.0/toolchain/arm/arm-gnu-toolchain/bin/../lib/gcc/arm-none-eabi/4.9.3/armv7e-m/crtbegin.o
LOAD c:/program files (x86)/atmel/studio/7.0/toolchain/arm/arm-gnu-toolchain/bin/../lib/gcc/arm-none-eabi/4.9.3/../../../../arm-none-eabi/lib/armv7e-m/crt0.o
LOAD src/ASF/common/services/clock/sam4s/sysclk.o
LOAD src/ASF/common/services/serial/usart_serial.o
LOAD src/ASF/common/utils/interrupt/interrupt_sam_nvic.o
LOAD src/ASF/common/utils/stdio/read.o
LOAD src/ASF/common/utils/stdio/write.o
LOAD src/ASF/sam/boards/sam4s_ek2/init.o
LOAD src/ASF/sam/boards/sam4s_ek2/led.o
LOAD src/ASF/sam/components/display/aat31xx/aat31xx.o
LOAD src/ASF/sam/components/display/ili93xx/ili93xx.o
LOAD src/ASF/sam/drivers/adc/adc.o
LOAD src/ASF/sam/drivers/adc/adc_sam3u.o
LOAD src/ASF/sam/drivers/ebi/smc/smc.o
LOAD src/ASF/sam/drivers/pio/pio.o
LOAD src/ASF/sam/drivers/pio/pio_handler.o
LOAD src/ASF/sam/drivers/pmc/pmc.o
LOAD src/ASF/sam/drivers/pmc/sleep.o
LOAD src/ASF/sam/drivers/tc/tc.o
LOAD src/ASF/sam/drivers/uart/uart.o
LOAD src/ASF/sam/drivers/usart/usart.o
LOAD src/ASF/sam/utils/cmsis/sam4s/source/templates/gcc/startup_sam4s.o
LOAD src/ASF/sam/utils/cmsis/sam4s/source/templates/system_sam4s.o
LOAD src/ASF/sam/utils/syscalls/gcc/syscalls.o
LOAD src/ili93xx_example.o
START GROUP
LOAD ../src/ASF/thirdparty/CMSIS/Lib/GCC\libarm_cortexM4l_math.a
LOAD c:/program files (x86)/atmel/studio/7.0/toolchain/arm/arm-gnu-toolchain/bin/../lib/gcc/arm-none-eabi/4.9.3/../../../../arm-none-eabi/lib/armv7e-m\libm.a
END GROUP
START GROUP
LOAD c:/program files (x86)/atmel/studio/7.0/toolchain/arm/arm-gnu-toolchain/bin/../lib/gcc/arm-none-eabi/4.9.3/armv7e-m\libgcc.a
LOAD c:/program files (x86)/atmel/studio/7.0/toolchain/arm/arm-gnu-toolchain/bin/../lib/gcc/arm-none-eabi/4.9.3/../../../../arm-none-eabi/lib/armv7e-m\libc.a
END GROUP
LOAD c:/program files (x86)/atmel/studio/7.0/toolchain/arm/arm-gnu-toolchain/bin/../lib/gcc/arm-none-eabi/4.9.3/armv7e-m/crtend.o
LOAD c:/program files (x86)/atmel/studio/7.0/toolchain/arm/arm-gnu-toolchain/bin/../lib/gcc/arm-none-eabi/4.9.3/armv7e-m/crtn.o
                0x00003000                __stack_size__ = DEFINED (__stack_size__)?__stack_size__:0x3000
                0x20027ffc                __ram_end__ = ((ORIGIN (ram) + 0x28000) - 0x4)

.text           0x00400000     0x93c4
                0x00400000                . = ALIGN (0x4)
                0x00400000                _sfixed = .
 *(.vectors .vectors.*)
 .vectors       0x00400000       0xcc src/ASF/sam/utils/cmsis/sam4s/source/templates/gcc/startup_sam4s.o
                0x00400000                exception_table
 *(.text .text.* .gnu.linkonce.t.*)
 .text          0x004000cc       0x5c c:/program files (x86)/atmel/studio/7.0/toolchain/arm/arm-gnu-toolchain/bin/../lib/gcc/arm-none-eabi/4.9.3/armv7e-m/crtbegin.o
 .text.osc_enable
                0x00400128       0x84 src/ASF/common/services/clock/sam4s/sysclk.o
 .text.osc_is_ready
                0x004001ac       0x70 src/ASF/common/services/clock/sam4s/sysclk.o
 .text.osc_get_rate
                0x0040021c       0x74 src/ASF/common/services/clock/sam4s/sysclk.o
 .text.osc_wait_ready
                0x00400290       0x2c src/ASF/common/services/clock/sam4s/sysclk.o
 .text.pll_config_init
                0x004002bc       0x54 src/ASF/common/services/clock/sam4s/sysclk.o
 .text.pll_enable
                0x00400310       0x40 src/ASF/common/services/clock/sam4s/sysclk.o
 .text.pll_is_locked
                0x00400350       0x2c src/ASF/common/services/clock/sam4s/sysclk.o
 .text.pll_enable_source
                0x0040037c       0x34 src/ASF/common/services/clock/sam4s/sysclk.o
 .text.pll_wait_for_lock
                0x004003b0       0x24 src/ASF/common/services/clock/sam4s/sysclk.o
 .text.sysclk_get_main_hz
                0x004003d4       0x1c src/ASF/common/services/clock/sam4s/sysclk.o
 .text.sysclk_get_cpu_hz
                0x004003f0       0x14 src/ASF/common/services/clock/sam4s/sysclk.o
 .text.sysclk_init
                0x00400404       0x70 src/ASF/common/services/clock/sam4s/sysclk.o
                0x00400404                sysclk_init
 .text.sysclk_enable_peripheral_clock
                0x00400474       0x18 src/ASF/sam/boards/sam4s_ek2/init.o
 .text.ioport_init
                0x0040048c       0x1c src/ASF/sam/boards/sam4s_ek2/init.o
 .text.board_init
                0x004004a8       0xd0 src/ASF/sam/boards/sam4s_ek2/init.o
                0x004004a8                board_init
 .text.ioport_set_pin_level
                0x00400578       0x6c src/ASF/sam/components/display/aat31xx/aat31xx.o
 .text.aat31xx_set_backlight
                0x004005e4       0x88 src/ASF/sam/components/display/aat31xx/aat31xx.o
                0x004005e4                aat31xx_set_backlight
 .text.aat31xx_disable_backlight
                0x0040066c       0x2c src/ASF/sam/components/display/aat31xx/aat31xx.o
                0x0040066c                aat31xx_disable_backlight
 .text.LCD_IR   0x00400698       0x1c src/ASF/sam/components/display/ili93xx/ili93xx.o
 .text.LCD_WD   0x004006b4       0x20 src/ASF/sam/components/display/ili93xx/ili93xx.o
 .text.LCD_RD   0x004006d4       0x18 src/ASF/sam/components/display/ili93xx/ili93xx.o
 .text.ili93xx_write_ram_prepare
                0x004006ec       0x40 src/ASF/sam/components/display/ili93xx/ili93xx.o
 .text.ili93xx_write_ram
                0x0040072c       0x34 src/ASF/sam/components/display/ili93xx/ili93xx.o
 .text.ili93xx_write_ram_buffer
                0x00400760       0xdc src/ASF/sam/components/display/ili93xx/ili93xx.o
 .text.ili93xx_write_register_word
                0x0040083c       0x44 src/ASF/sam/components/display/ili93xx/ili93xx.o
 .text.ili93xx_write_register
                0x00400880       0x50 src/ASF/sam/components/display/ili93xx/ili93xx.o
 .text.ili93xx_read_register
                0x004008d0       0x50 src/ASF/sam/components/display/ili93xx/ili93xx.o
 .text.ili93xx_delay
                0x00400920       0x40 src/ASF/sam/components/display/ili93xx/ili93xx.o
 .text.ili93xx_check_box_coordinates
                0x00400960       0xb8 src/ASF/sam/components/display/ili93xx/ili93xx.o
 .text.ili93xx_device_type_identify
                0x00400a18       0x78 src/ASF/sam/components/display/ili93xx/ili93xx.o
                0x00400a18                ili93xx_device_type_identify
 .text.ili93xx_init
                0x00400a90      0x390 src/ASF/sam/components/display/ili93xx/ili93xx.o
                0x00400a90                ili93xx_init
 .text.ili93xx_display_on
                0x00400e20       0x38 src/ASF/sam/components/display/ili93xx/ili93xx.o
                0x00400e20                ili93xx_display_on
 .text.ili93xx_set_foreground_color
                0x00400e58       0x34 src/ASF/sam/components/display/ili93xx/ili93xx.o
                0x00400e58                ili93xx_set_foreground_color
 .text.ili93xx_set_window
                0x00400e8c       0xf4 src/ASF/sam/components/display/ili93xx/ili93xx.o
                0x00400e8c                ili93xx_set_window
 .text.ili93xx_set_cursor_position
                0x00400f80       0x3c src/ASF/sam/components/display/ili93xx/ili93xx.o
                0x00400f80                ili93xx_set_cursor_position
 .text.ili93xx_draw_pixel
                0x00400fbc       0x98 src/ASF/sam/components/display/ili93xx/ili93xx.o
                0x00400fbc                ili93xx_draw_pixel
 .text.ili93xx_draw_line_bresenham
                0x00401054      0x120 src/ASF/sam/components/display/ili93xx/ili93xx.o
 .text.ili93xx_draw_line
                0x00401174       0x48 src/ASF/sam/components/display/ili93xx/ili93xx.o
                0x00401174                ili93xx_draw_line
 .text.ili93xx_draw_filled_rectangle
                0x004011bc       0xd8 src/ASF/sam/components/display/ili93xx/ili93xx.o
                0x004011bc                ili93xx_draw_filled_rectangle
 .text.ili93xx_draw_circle
                0x00401294      0x110 src/ASF/sam/components/display/ili93xx/ili93xx.o
                0x00401294                ili93xx_draw_circle
 .text.ili93xx_draw_char
                0x004013a4       0xd4 src/ASF/sam/components/display/ili93xx/ili93xx.o
 .text.ili93xx_draw_string
                0x00401478       0x60 src/ASF/sam/components/display/ili93xx/ili93xx.o
                0x00401478                ili93xx_draw_string
 .text.adc_init
                0x004014d8       0x64 src/ASF/sam/drivers/adc/adc.o
                0x004014d8                adc_init
 .text.adc_configure_trigger
                0x0040153c       0x30 src/ASF/sam/drivers/adc/adc.o
                0x0040153c                adc_configure_trigger
 .text.adc_configure_timing
                0x0040156c       0x40 src/ASF/sam/drivers/adc/adc.o
                0x0040156c                adc_configure_timing
 .text.adc_start
                0x004015ac       0x18 src/ASF/sam/drivers/adc/adc.o
                0x004015ac                adc_start
 .text.adc_enable_channel
                0x004015c4       0x24 src/ASF/sam/drivers/adc/adc.o
                0x004015c4                adc_enable_channel
 .text.adc_get_channel_value
                0x004015e8       0x30 src/ASF/sam/drivers/adc/adc.o
                0x004015e8                adc_get_channel_value
 .text.adc_enable_interrupt
                0x00401618       0x1c src/ASF/sam/drivers/adc/adc.o
                0x00401618                adc_enable_interrupt
 .text.adc_get_status
                0x00401634       0x18 src/ASF/sam/drivers/adc/adc.o
                0x00401634                adc_get_status
 .text.adc_enable_ts
                0x0040164c       0x24 src/ASF/sam/drivers/adc/adc.o
                0x0040164c                adc_enable_ts
 .text.smc_set_setup_timing
                0x00401670       0x24 src/ASF/sam/drivers/ebi/smc/smc.o
                0x00401670                smc_set_setup_timing
 .text.smc_set_pulse_timing
                0x00401694       0x24 src/ASF/sam/drivers/ebi/smc/smc.o
                0x00401694                smc_set_pulse_timing
 .text.smc_set_cycle_timing
                0x004016b8       0x24 src/ASF/sam/drivers/ebi/smc/smc.o
                0x004016b8                smc_set_cycle_timing
 .text.smc_set_mode
                0x004016dc       0x24 src/ASF/sam/drivers/ebi/smc/smc.o
                0x004016dc                smc_set_mode
 .text.pio_pull_up
                0x00401700       0x2c src/ASF/sam/drivers/pio/pio.o
                0x00401700                pio_pull_up
 .text.pio_set_peripheral
                0x0040172c      0x110 src/ASF/sam/drivers/pio/pio.o
                0x0040172c                pio_set_peripheral
 .text.pio_set_input
                0x0040183c       0x7c src/ASF/sam/drivers/pio/pio.o
                0x0040183c                pio_set_input
 .text.pio_set_output
                0x004018b8       0x64 src/ASF/sam/drivers/pio/pio.o
                0x004018b8                pio_set_output
 .text.pio_disable_interrupt
                0x0040191c       0x1c src/ASF/sam/drivers/pio/pio.o
                0x0040191c                pio_disable_interrupt
 .text.pio_get_interrupt_status
                0x00401938       0x18 src/ASF/sam/drivers/pio/pio.o
                0x00401938                pio_get_interrupt_status
 .text.pio_get_interrupt_mask
                0x00401950       0x18 src/ASF/sam/drivers/pio/pio.o
                0x00401950                pio_get_interrupt_mask
 .text.pio_configure_pin
                0x00401968      0x1b8 src/ASF/sam/drivers/pio/pio.o
                0x00401968                pio_configure_pin
 .text.pio_configure_pin_group
                0x00401b20      0x12c src/ASF/sam/drivers/pio/pio.o
                0x00401b20                pio_configure_pin_group
 .text.pio_get_pin_group
                0x00401c4c       0x28 src/ASF/sam/drivers/pio/pio.o
                0x00401c4c                pio_get_pin_group
 .text.pio_handler_process
                0x00401c74       0xcc src/ASF/sam/drivers/pio/pio_handler.o
                0x00401c74                pio_handler_process
 .text.PIOA_Handler
                0x00401d40       0x18 src/ASF/sam/drivers/pio/pio_handler.o
                0x00401d40                PIOA_Handler
 .text.PIOB_Handler
                0x00401d58       0x18 src/ASF/sam/drivers/pio/pio_handler.o
                0x00401d58                PIOB_Handler
 .text.PIOC_Handler
                0x00401d70       0x18 src/ASF/sam/drivers/pio/pio_handler.o
                0x00401d70                PIOC_Handler
 .text.pmc_switch_mck_to_pllack
                0x00401d88       0x84 src/ASF/sam/drivers/pmc/pmc.o
                0x00401d88                pmc_switch_mck_to_pllack
 .text.pmc_switch_sclk_to_32kxtal
                0x00401e0c       0x38 src/ASF/sam/drivers/pmc/pmc.o
                0x00401e0c                pmc_switch_sclk_to_32kxtal
 .text.pmc_osc_is_ready_32kxtal
                0x00401e44       0x34 src/ASF/sam/drivers/pmc/pmc.o
                0x00401e44                pmc_osc_is_ready_32kxtal
 .text.pmc_switch_mainck_to_fastrc
                0x00401e78       0x70 src/ASF/sam/drivers/pmc/pmc.o
                0x00401e78                pmc_switch_mainck_to_fastrc
 .text.pmc_switch_mainck_to_xtal
                0x00401ee8       0x78 src/ASF/sam/drivers/pmc/pmc.o
                0x00401ee8                pmc_switch_mainck_to_xtal
 .text.pmc_osc_is_ready_mainck
                0x00401f60       0x1c src/ASF/sam/drivers/pmc/pmc.o
                0x00401f60                pmc_osc_is_ready_mainck
 .text.pmc_disable_pllack
                0x00401f7c       0x18 src/ASF/sam/drivers/pmc/pmc.o
                0x00401f7c                pmc_disable_pllack
 .text.pmc_is_locked_pllack
                0x00401f94       0x1c src/ASF/sam/drivers/pmc/pmc.o
                0x00401f94                pmc_is_locked_pllack
 .text.pmc_disable_pllbck
                0x00401fb0       0x18 src/ASF/sam/drivers/pmc/pmc.o
                0x00401fb0                pmc_disable_pllbck
 .text.pmc_is_locked_pllbck
                0x00401fc8       0x1c src/ASF/sam/drivers/pmc/pmc.o
                0x00401fc8                pmc_is_locked_pllbck
 .text.pmc_enable_periph_clk
                0x00401fe4       0x84 src/ASF/sam/drivers/pmc/pmc.o
                0x00401fe4                pmc_enable_periph_clk
 .text.tc_init  0x00402068       0x38 src/ASF/sam/drivers/tc/tc.o
                0x00402068                tc_init
 .text.tc_start
                0x004020a0       0x20 src/ASF/sam/drivers/tc/tc.o
                0x004020a0                tc_start
 .text.tc_write_rc
                0x004020c0       0x24 src/ASF/sam/drivers/tc/tc.o
                0x004020c0                tc_write_rc
 .text.tc_enable_interrupt
                0x004020e4       0x28 src/ASF/sam/drivers/tc/tc.o
                0x004020e4                tc_enable_interrupt
 .text.tc_get_status
                0x0040210c       0x24 src/ASF/sam/drivers/tc/tc.o
                0x0040210c                tc_get_status
 .text.Reset_Handler
                0x00402130       0xc8 src/ASF/sam/utils/cmsis/sam4s/source/templates/gcc/startup_sam4s.o
                0x00402130                Reset_Handler
 .text.Dummy_Handler
                0x004021f8        0x8 src/ASF/sam/utils/cmsis/sam4s/source/templates/gcc/startup_sam4s.o
                0x004021f8                DACC_Handler
                0x004021f8                DebugMon_Handler
                0x004021f8                HardFault_Handler
                0x004021f8                TC2_Handler
                0x004021f8                SPI_Handler
                0x004021f8                SysTick_Handler
                0x004021f8                TWI1_Handler
                0x004021f8                PendSV_Handler
                0x004021f8                NMI_Handler
                0x004021f8                CRCCU_Handler
                0x004021f8                USART0_Handler
                0x004021f8                RTT_Handler
                0x004021f8                EFC1_Handler
                0x004021f8                RTC_Handler
                0x004021f8                UsageFault_Handler
                0x004021f8                WDT_Handler
                0x004021f8                TC4_Handler
                0x004021f8                TC1_Handler
                0x004021f8                HSMCI_Handler
                0x004021f8                UART1_Handler
                0x004021f8                TC3_Handler
                0x004021f8                Dummy_Handler
                0x004021f8                TWI0_Handler
                0x004021f8                USART1_Handler
                0x004021f8                SSC_Handler
                0x004021f8                EFC0_Handler
                0x004021f8                ACC_Handler
                0x004021f8                PMC_Handler
                0x004021f8                PWM_Handler
                0x004021f8                MemManage_Handler
                0x004021f8                SUPC_Handler
                0x004021f8                SVC_Handler
                0x004021f8                UART0_Handler
                0x004021f8                UDP_Handler
                0x004021f8                BusFault_Handler
                0x004021f8                RSTC_Handler
                0x004021f8                TC5_Handler
 .text.SystemCoreClockUpdate
                0x00402200      0x19c src/ASF/sam/utils/cmsis/sam4s/source/templates/system_sam4s.o
                0x00402200                SystemCoreClockUpdate
 .text.system_init_flash
                0x0040239c       0xc0 src/ASF/sam/utils/cmsis/sam4s/source/templates/system_sam4s.o
                0x0040239c                system_init_flash
 .text._sbrk    0x0040245c       0x58 src/ASF/sam/utils/syscalls/gcc/syscalls.o
                0x0040245c                _sbrk
 .text.NVIC_EnableIRQ
                0x004024b4       0x30 src/ili93xx_example.o
 .text.osc_get_rate
                0x004024e4       0x74 src/ili93xx_example.o
 .text.sysclk_get_main_hz
                0x00402558       0x1c src/ili93xx_example.o
 .text.sysclk_get_cpu_hz
                0x00402574       0x14 src/ili93xx_example.o
 .text.atualiza_lcd
                0x00402588      0x150 src/ili93xx_example.o
                0x00402588                atualiza_lcd
 .text.configure_LCD
                0x004026d8       0xc4 src/ili93xx_example.o
                0x004026d8                configure_LCD
 .text.configure_ADC
                0x0040279c       0x8c src/ili93xx_example.o
                0x0040279c                configure_ADC
 .text.configure_tc
                0x00402828       0x68 src/ili93xx_example.o
 .text.TC0_Handler
                0x00402890       0x30 src/ili93xx_example.o
                0x00402890                TC0_Handler
 .text.ADC_Handler
                0x004028c0       0x64 src/ili93xx_example.o
                0x004028c0                ADC_Handler
 *fill*         0x00402924        0x4 
 .text.main     0x00402928       0x64 src/ili93xx_example.o
                0x00402928                main
 .text.cos      0x0040298c       0x88 c:/program files (x86)/atmel/studio/7.0/toolchain/arm/arm-gnu-toolchain/bin/../lib/gcc/arm-none-eabi/4.9.3/../../../../arm-none-eabi/lib/armv7e-m\libm.a(lib_a-s_cos.o)
                0x0040298c                cos
 .text.sin      0x00402a14       0x94 c:/program files (x86)/atmel/studio/7.0/toolchain/arm/arm-gnu-toolchain/bin/../lib/gcc/arm-none-eabi/4.9.3/../../../../arm-none-eabi/lib/armv7e-m\libm.a(lib_a-s_sin.o)
                0x00402a14                sin
 .text.__ieee754_rem_pio2
                0x00402aa8      0x444 c:/program files (x86)/atmel/studio/7.0/toolchain/arm/arm-gnu-toolchain/bin/../lib/gcc/arm-none-eabi/4.9.3/../../../../arm-none-eabi/lib/armv7e-m\libm.a(lib_a-e_rem_pio2.o)
                0x00402aa8                __ieee754_rem_pio2
 *fill*         0x00402eec        0x4 
 .text.__kernel_cos
                0x00402ef0      0x248 c:/program files (x86)/atmel/studio/7.0/toolchain/arm/arm-gnu-toolchain/bin/../lib/gcc/arm-none-eabi/4.9.3/../../../../arm-none-eabi/lib/armv7e-m\libm.a(lib_a-k_cos.o)
                0x00402ef0                __kernel_cos
 .text.__kernel_rem_pio2
                0x00403138      0x808 c:/program files (x86)/atmel/studio/7.0/toolchain/arm/arm-gnu-toolchain/bin/../lib/gcc/arm-none-eabi/4.9.3/../../../../arm-none-eabi/lib/armv7e-m\libm.a(lib_a-k_rem_pio2.o)
                0x00403138                __kernel_rem_pio2
 .text.__kernel_sin
                0x00403940      0x16c c:/program files (x86)/atmel/studio/7.0/toolchain/arm/arm-gnu-toolchain/bin/../lib/gcc/arm-none-eabi/4.9.3/../../../../arm-none-eabi/lib/armv7e-m\libm.a(lib_a-k_sin.o)
                0x00403940                __kernel_sin
 .text.fabs     0x00403aac        0x8 c:/program files (x86)/atmel/studio/7.0/toolchain/arm/arm-gnu-toolchain/bin/../lib/gcc/arm-none-eabi/4.9.3/../../../../arm-none-eabi/lib/armv7e-m\libm.a(lib_a-s_fabs.o)
                0x00403aac                fabs
 *fill*         0x00403ab4        0x4 
 .text.floor    0x00403ab8      0x118 c:/program files (x86)/atmel/studio/7.0/toolchain/arm/arm-gnu-toolchain/bin/../lib/gcc/arm-none-eabi/4.9.3/../../../../arm-none-eabi/lib/armv7e-m\libm.a(lib_a-s_floor.o)
                0x00403ab8                floor
 .text.scalbn   0x00403bd0      0x104 c:/program files (x86)/atmel/studio/7.0/toolchain/arm/arm-gnu-toolchain/bin/../lib/gcc/arm-none-eabi/4.9.3/../../../../arm-none-eabi/lib/armv7e-m\libm.a(lib_a-s_scalbn.o)
                0x00403bd0                scalbn
 .text.copysign
                0x00403cd4       0x10 c:/program files (x86)/atmel/studio/7.0/toolchain/arm/arm-gnu-toolchain/bin/../lib/gcc/arm-none-eabi/4.9.3/../../../../arm-none-eabi/lib/armv7e-m\libm.a(lib_a-s_copysign.o)
                0x00403cd4                copysign
 .text          0x00403ce4      0x370 c:/program files (x86)/atmel/studio/7.0/toolchain/arm/arm-gnu-toolchain/bin/../lib/gcc/arm-none-eabi/4.9.3/armv7e-m\libgcc.a(_arm_addsubdf3.o)
                0x00403ce4                __aeabi_drsub
                0x00403cec                __aeabi_dsub
                0x00403cec                __subdf3
                0x00403cf0                __aeabi_dadd
                0x00403cf0                __adddf3
                0x00403f68                __floatunsidf
                0x00403f68                __aeabi_ui2d
                0x00403f88                __floatsidf
                0x00403f88                __aeabi_i2d
                0x00403fac                __aeabi_f2d
                0x00403fac                __extendsfdf2
                0x00403fe8                __floatundidf
                0x00403fe8                __aeabi_ul2d
                0x00403ff8                __floatdidf
                0x00403ff8                __aeabi_l2d
 .text          0x00404054      0x424 c:/program files (x86)/atmel/studio/7.0/toolchain/arm/arm-gnu-toolchain/bin/../lib/gcc/arm-none-eabi/4.9.3/armv7e-m\libgcc.a(_arm_muldivdf3.o)
                0x00404054                __aeabi_dmul
                0x00404054                __muldf3
                0x004042a8                __divdf3
                0x004042a8                __aeabi_ddiv
 .text          0x00404478      0x110 c:/program files (x86)/atmel/studio/7.0/toolchain/arm/arm-gnu-toolchain/bin/../lib/gcc/arm-none-eabi/4.9.3/armv7e-m\libgcc.a(_arm_cmpdf2.o)
                0x00404478                __gtdf2
                0x00404478                __gedf2
                0x00404480                __ltdf2
                0x00404480                __ledf2
                0x00404488                __nedf2
                0x00404488                __eqdf2
                0x00404488                __cmpdf2
                0x00404504                __aeabi_cdrcmple
                0x00404514                __aeabi_cdcmpeq
                0x00404514                __aeabi_cdcmple
                0x00404524                __aeabi_dcmpeq
                0x00404538                __aeabi_dcmplt
                0x0040454c                __aeabi_dcmple
                0x00404560                __aeabi_dcmpge
                0x00404574                __aeabi_dcmpgt
 .text          0x00404588       0x50 c:/program files (x86)/atmel/studio/7.0/toolchain/arm/arm-gnu-toolchain/bin/../lib/gcc/arm-none-eabi/4.9.3/armv7e-m\libgcc.a(_arm_fixdfsi.o)
                0x00404588                __aeabi_d2iz
                0x00404588                __fixdfsi
 .text          0x004045d8       0x40 c:/program files (x86)/atmel/studio/7.0/toolchain/arm/arm-gnu-toolchain/bin/../lib/gcc/arm-none-eabi/4.9.3/armv7e-m\libgcc.a(_arm_fixunsdfsi.o)
                0x004045d8                __aeabi_d2uiz
                0x004045d8                __fixunsdfsi
 .text.__libc_init_array
                0x00404618       0x50 c:/program files (x86)/atmel/studio/7.0/toolchain/arm/arm-gnu-toolchain/bin/../lib/gcc/arm-none-eabi/4.9.3/../../../../arm-none-eabi/lib/armv7e-m\libc.a(lib_a-init.o)
                0x00404618                __libc_init_array
 .text.memset   0x00404668       0x9c c:/program files (x86)/atmel/studio/7.0/toolchain/arm/arm-gnu-toolchain/bin/../lib/gcc/arm-none-eabi/4.9.3/../../../../arm-none-eabi/lib/armv7e-m\libc.a(lib_a-memset.o)
                0x00404668                memset
 .text.snprintf
                0x00404704       0x9c c:/program files (x86)/atmel/studio/7.0/toolchain/arm/arm-gnu-toolchain/bin/../lib/gcc/arm-none-eabi/4.9.3/../../../../arm-none-eabi/lib/armv7e-m\libc.a(lib_a-snprintf.o)
                0x00404704                snprintf
 .text.strlen   0x004047a0       0x5c c:/program files (x86)/atmel/studio/7.0/toolchain/arm/arm-gnu-toolchain/bin/../lib/gcc/arm-none-eabi/4.9.3/../../../../arm-none-eabi/lib/armv7e-m\libc.a(lib_a-strlen.o)
                0x004047a0                strlen
 .text._svfprintf_r
                0x004047fc     0x1494 c:/program files (x86)/atmel/studio/7.0/toolchain/arm/arm-gnu-toolchain/bin/../lib/gcc/arm-none-eabi/4.9.3/../../../../arm-none-eabi/lib/armv7e-m\libc.a(lib_a-svfprintf.o)
                0x004047fc                _svfprintf_r
 .text.startup.register_fini
                0x00405c90       0x14 c:/program files (x86)/atmel/studio/7.0/toolchain/arm/arm-gnu-toolchain/bin/../lib/gcc/arm-none-eabi/4.9.3/../../../../arm-none-eabi/lib/armv7e-m\libc.a(lib_a-__call_atexit.o)
 .text.atexit   0x00405ca4        0xc c:/program files (x86)/atmel/studio/7.0/toolchain/arm/arm-gnu-toolchain/bin/../lib/gcc/arm-none-eabi/4.9.3/../../../../arm-none-eabi/lib/armv7e-m\libc.a(lib_a-atexit.o)
                0x00405ca4                atexit
 .text.quorem   0x00405cb0      0x12c c:/program files (x86)/atmel/studio/7.0/toolchain/arm/arm-gnu-toolchain/bin/../lib/gcc/arm-none-eabi/4.9.3/../../../../arm-none-eabi/lib/armv7e-m\libc.a(lib_a-dtoa.o)
 *fill*         0x00405ddc        0x4 
 .text._dtoa_r  0x00405de0      0xe94 c:/program files (x86)/atmel/studio/7.0/toolchain/arm/arm-gnu-toolchain/bin/../lib/gcc/arm-none-eabi/4.9.3/../../../../arm-none-eabi/lib/armv7e-m\libc.a(lib_a-dtoa.o)
                0x00405de0                _dtoa_r
 .text.__libc_fini_array
                0x00406c74       0x2c c:/program files (x86)/atmel/studio/7.0/toolchain/arm/arm-gnu-toolchain/bin/../lib/gcc/arm-none-eabi/4.9.3/../../../../arm-none-eabi/lib/armv7e-m\libc.a(lib_a-fini.o)
                0x00406c74                __libc_fini_array
 .text._malloc_trim_r
                0x00406ca0       0x9c c:/program files (x86)/atmel/studio/7.0/toolchain/arm/arm-gnu-toolchain/bin/../lib/gcc/arm-none-eabi/4.9.3/../../../../arm-none-eabi/lib/armv7e-m\libc.a(lib_a-freer.o)
                0x00406ca0                _malloc_trim_r
 .text._free_r  0x00406d3c      0x1b0 c:/program files (x86)/atmel/studio/7.0/toolchain/arm/arm-gnu-toolchain/bin/../lib/gcc/arm-none-eabi/4.9.3/../../../../arm-none-eabi/lib/armv7e-m\libc.a(lib_a-freer.o)
                0x00406d3c                _free_r
 .text._localeconv_r
                0x00406eec        0x8 c:/program files (x86)/atmel/studio/7.0/toolchain/arm/arm-gnu-toolchain/bin/../lib/gcc/arm-none-eabi/4.9.3/../../../../arm-none-eabi/lib/armv7e-m\libc.a(lib_a-locale.o)
                0x00406eec                _localeconv_r
 .text._malloc_r
                0x00406ef4      0x524 c:/program files (x86)/atmel/studio/7.0/toolchain/arm/arm-gnu-toolchain/bin/../lib/gcc/arm-none-eabi/4.9.3/../../../../arm-none-eabi/lib/armv7e-m\libc.a(lib_a-mallocr.o)
                0x00406ef4                _malloc_r
 .text.memchr   0x00407418       0x94 c:/program files (x86)/atmel/studio/7.0/toolchain/arm/arm-gnu-toolchain/bin/../lib/gcc/arm-none-eabi/4.9.3/../../../../arm-none-eabi/lib/armv7e-m\libc.a(lib_a-memchr.o)
                0x00407418                memchr
 .text          0x004074ac      0x134 c:/program files (x86)/atmel/studio/7.0/toolchain/arm/arm-gnu-toolchain/bin/../lib/gcc/arm-none-eabi/4.9.3/../../../../arm-none-eabi/lib/armv7e-m\libc.a(lib_a-memcpy.o)
                0x004074ac                memcpy
 .text.memmove  0x004075e0       0xc8 c:/program files (x86)/atmel/studio/7.0/toolchain/arm/arm-gnu-toolchain/bin/../lib/gcc/arm-none-eabi/4.9.3/../../../../arm-none-eabi/lib/armv7e-m\libc.a(lib_a-memmove.o)
                0x004075e0                memmove
 .text.__malloc_lock
                0x004076a8        0x4 c:/program files (x86)/atmel/studio/7.0/toolchain/arm/arm-gnu-toolchain/bin/../lib/gcc/arm-none-eabi/4.9.3/../../../../arm-none-eabi/lib/armv7e-m\libc.a(lib_a-mlock.o)
                0x004076a8                __malloc_lock
 .text.__malloc_unlock
                0x004076ac        0x4 c:/program files (x86)/atmel/studio/7.0/toolchain/arm/arm-gnu-toolchain/bin/../lib/gcc/arm-none-eabi/4.9.3/../../../../arm-none-eabi/lib/armv7e-m\libc.a(lib_a-mlock.o)
                0x004076ac                __malloc_unlock
 .text._Balloc  0x004076b0       0x4c c:/program files (x86)/atmel/studio/7.0/toolchain/arm/arm-gnu-toolchain/bin/../lib/gcc/arm-none-eabi/4.9.3/../../../../arm-none-eabi/lib/armv7e-m\libc.a(lib_a-mprec.o)
                0x004076b0                _Balloc
 .text._Bfree   0x004076fc       0x14 c:/program files (x86)/atmel/studio/7.0/toolchain/arm/arm-gnu-toolchain/bin/../lib/gcc/arm-none-eabi/4.9.3/../../../../arm-none-eabi/lib/armv7e-m\libc.a(lib_a-mprec.o)
                0x004076fc                _Bfree
 .text.__multadd
                0x00407710       0x84 c:/program files (x86)/atmel/studio/7.0/toolchain/arm/arm-gnu-toolchain/bin/../lib/gcc/arm-none-eabi/4.9.3/../../../../arm-none-eabi/lib/armv7e-m\libc.a(lib_a-mprec.o)
                0x00407710                __multadd
 .text.__hi0bits
                0x00407794       0x40 c:/program files (x86)/atmel/studio/7.0/toolchain/arm/arm-gnu-toolchain/bin/../lib/gcc/arm-none-eabi/4.9.3/../../../../arm-none-eabi/lib/armv7e-m\libc.a(lib_a-mprec.o)
                0x00407794                __hi0bits
 .text.__lo0bits
                0x004077d4       0x5c c:/program files (x86)/atmel/studio/7.0/toolchain/arm/arm-gnu-toolchain/bin/../lib/gcc/arm-none-eabi/4.9.3/../../../../arm-none-eabi/lib/armv7e-m\libc.a(lib_a-mprec.o)
                0x004077d4                __lo0bits
 .text.__i2b    0x00407830       0x14 c:/program files (x86)/atmel/studio/7.0/toolchain/arm/arm-gnu-toolchain/bin/../lib/gcc/arm-none-eabi/4.9.3/../../../../arm-none-eabi/lib/armv7e-m\libc.a(lib_a-mprec.o)
                0x00407830                __i2b
 .text.__multiply
                0x00407844      0x134 c:/program files (x86)/atmel/studio/7.0/toolchain/arm/arm-gnu-toolchain/bin/../lib/gcc/arm-none-eabi/4.9.3/../../../../arm-none-eabi/lib/armv7e-m\libc.a(lib_a-mprec.o)
                0x00407844                __multiply
 .text.__pow5mult
                0x00407978       0xa0 c:/program files (x86)/atmel/studio/7.0/toolchain/arm/arm-gnu-toolchain/bin/../lib/gcc/arm-none-eabi/4.9.3/../../../../arm-none-eabi/lib/armv7e-m\libc.a(lib_a-mprec.o)
                0x00407978                __pow5mult
 .text.__lshift
                0x00407a18       0xac c:/program files (x86)/atmel/studio/7.0/toolchain/arm/arm-gnu-toolchain/bin/../lib/gcc/arm-none-eabi/4.9.3/../../../../arm-none-eabi/lib/armv7e-m\libc.a(lib_a-mprec.o)
                0x00407a18                __lshift
 .text.__mcmp   0x00407ac4       0x48 c:/program files (x86)/atmel/studio/7.0/toolchain/arm/arm-gnu-toolchain/bin/../lib/gcc/arm-none-eabi/4.9.3/../../../../arm-none-eabi/lib/armv7e-m\libc.a(lib_a-mprec.o)
                0x00407ac4                __mcmp
 .text.__mdiff  0x00407b0c       0xd4 c:/program files (x86)/atmel/studio/7.0/toolchain/arm/arm-gnu-toolchain/bin/../lib/gcc/arm-none-eabi/4.9.3/../../../../arm-none-eabi/lib/armv7e-m\libc.a(lib_a-mprec.o)
                0x00407b0c                __mdiff
 .text.__d2b    0x00407be0       0xb8 c:/program files (x86)/atmel/studio/7.0/toolchain/arm/arm-gnu-toolchain/bin/../lib/gcc/arm-none-eabi/4.9.3/../../../../arm-none-eabi/lib/armv7e-m\libc.a(lib_a-mprec.o)
                0x00407be0                __d2b
 .text._realloc_r
                0x00407c98      0x3ec c:/program files (x86)/atmel/studio/7.0/toolchain/arm/arm-gnu-toolchain/bin/../lib/gcc/arm-none-eabi/4.9.3/../../../../arm-none-eabi/lib/armv7e-m\libc.a(lib_a-reallocr.o)
                0x00407c98                _realloc_r
 .text.__fpclassifyd
                0x00408084       0x58 c:/program files (x86)/atmel/studio/7.0/toolchain/arm/arm-gnu-toolchain/bin/../lib/gcc/arm-none-eabi/4.9.3/../../../../arm-none-eabi/lib/armv7e-m\libc.a(lib_a-s_fpclassify.o)
                0x00408084                __fpclassifyd
 .text._sbrk_r  0x004080dc       0x24 c:/program files (x86)/atmel/studio/7.0/toolchain/arm/arm-gnu-toolchain/bin/../lib/gcc/arm-none-eabi/4.9.3/../../../../arm-none-eabi/lib/armv7e-m\libc.a(lib_a-sbrkr.o)
                0x004080dc                _sbrk_r
 .text.__ssprint_r
                0x00408100      0x104 c:/program files (x86)/atmel/studio/7.0/toolchain/arm/arm-gnu-toolchain/bin/../lib/gcc/arm-none-eabi/4.9.3/../../../../arm-none-eabi/lib/armv7e-m\libc.a(lib_a-svfiprintf.o)
                0x00408100                __ssprint_r
 .text.__register_exitproc
                0x00408204       0xa4 c:/program files (x86)/atmel/studio/7.0/toolchain/arm/arm-gnu-toolchain/bin/../lib/gcc/arm-none-eabi/4.9.3/../../../../arm-none-eabi/lib/armv7e-m\libc.a(lib_a-__atexit.o)
                0x00408204                __register_exitproc
 .text._calloc_r
                0x004082a8       0x60 c:/program files (x86)/atmel/studio/7.0/toolchain/arm/arm-gnu-toolchain/bin/../lib/gcc/arm-none-eabi/4.9.3/../../../../arm-none-eabi/lib/armv7e-m\libc.a(lib_a-callocr.o)
                0x004082a8                _calloc_r
 .text          0x00408308       0x30 c:/program files (x86)/atmel/studio/7.0/toolchain/arm/arm-gnu-toolchain/bin/../lib/gcc/arm-none-eabi/4.9.3/armv7e-m\libgcc.a(_aeabi_uldivmod.o)
                0x00408308                __aeabi_uldivmod
 .text          0x00408338       0x60 c:/program files (x86)/atmel/studio/7.0/toolchain/arm/arm-gnu-toolchain/bin/../lib/gcc/arm-none-eabi/4.9.3/armv7e-m\libgcc.a(bpabi.o)
                0x00408338                __gnu_ldivmod_helper
                0x00408368                __gnu_uldivmod_helper
 .text          0x00408398        0x4 c:/program files (x86)/atmel/studio/7.0/toolchain/arm/arm-gnu-toolchain/bin/../lib/gcc/arm-none-eabi/4.9.3/armv7e-m\libgcc.a(_dvmd_tls.o)
                0x00408398                __aeabi_idiv0
                0x00408398                __aeabi_ldiv0
 .text          0x0040839c      0x29c c:/program files (x86)/atmel/studio/7.0/toolchain/arm/arm-gnu-toolchain/bin/../lib/gcc/arm-none-eabi/4.9.3/armv7e-m\libgcc.a(_divdi3.o)
                0x0040839c                __divdi3
 .text          0x00408638      0x26c c:/program files (x86)/atmel/studio/7.0/toolchain/arm/arm-gnu-toolchain/bin/../lib/gcc/arm-none-eabi/4.9.3/armv7e-m\libgcc.a(_udivdi3.o)
                0x00408638                __udivdi3
 *(.glue_7t)
 .glue_7t       0x00000000        0x0 linker stubs
 *(.glue_7)
 .glue_7        0x00000000        0x0 linker stubs
 *(.rodata .rodata* .gnu.linkonce.r.*)
 .rodata.p_uc_charset10x14
                0x004088a4      0x780 src/ASF/sam/components/display/ili93xx/ili93xx.o
                0x004088a4                p_uc_charset10x14
 .rodata        0x00409024       0x15 src/ili93xx_example.o
 *fill*         0x00409039        0x3 
 .rodata.npio2_hw
                0x0040903c       0x80 c:/program files (x86)/atmel/studio/7.0/toolchain/arm/arm-gnu-toolchain/bin/../lib/gcc/arm-none-eabi/4.9.3/../../../../arm-none-eabi/lib/armv7e-m\libm.a(lib_a-e_rem_pio2.o)
 .rodata.two_over_pi
                0x004090bc      0x108 c:/program files (x86)/atmel/studio/7.0/toolchain/arm/arm-gnu-toolchain/bin/../lib/gcc/arm-none-eabi/4.9.3/../../../../arm-none-eabi/lib/armv7e-m\libm.a(lib_a-e_rem_pio2.o)
 .rodata.init_jk
                0x004091c4       0x10 c:/program files (x86)/atmel/studio/7.0/toolchain/arm/arm-gnu-toolchain/bin/../lib/gcc/arm-none-eabi/4.9.3/../../../../arm-none-eabi/lib/armv7e-m\libm.a(lib_a-k_rem_pio2.o)
 *fill*         0x004091d4        0x4 
 .rodata.PIo2   0x004091d8       0x40 c:/program files (x86)/atmel/studio/7.0/toolchain/arm/arm-gnu-toolchain/bin/../lib/gcc/arm-none-eabi/4.9.3/../../../../arm-none-eabi/lib/armv7e-m\libm.a(lib_a-k_rem_pio2.o)
 .rodata.str1.4
                0x00409218        0x2 c:/program files (x86)/atmel/studio/7.0/toolchain/arm/arm-gnu-toolchain/bin/../lib/gcc/arm-none-eabi/4.9.3/../../../../arm-none-eabi/lib/armv7e-m\libc.a(lib_a-impure.o)
 *fill*         0x0040921a        0x2 
 .rodata._global_impure_ptr
                0x0040921c        0x4 c:/program files (x86)/atmel/studio/7.0/toolchain/arm/arm-gnu-toolchain/bin/../lib/gcc/arm-none-eabi/4.9.3/../../../../arm-none-eabi/lib/armv7e-m\libc.a(lib_a-impure.o)
                0x0040921c                _global_impure_ptr
 .rodata.zeroes.6911
                0x00409220       0x10 c:/program files (x86)/atmel/studio/7.0/toolchain/arm/arm-gnu-toolchain/bin/../lib/gcc/arm-none-eabi/4.9.3/../../../../arm-none-eabi/lib/armv7e-m\libc.a(lib_a-svfprintf.o)
 .rodata.blanks.6910
                0x00409230       0x10 c:/program files (x86)/atmel/studio/7.0/toolchain/arm/arm-gnu-toolchain/bin/../lib/gcc/arm-none-eabi/4.9.3/../../../../arm-none-eabi/lib/armv7e-m\libc.a(lib_a-svfprintf.o)
 .rodata.str1.4
                0x00409240       0x42 c:/program files (x86)/atmel/studio/7.0/toolchain/arm/arm-gnu-toolchain/bin/../lib/gcc/arm-none-eabi/4.9.3/../../../../arm-none-eabi/lib/armv7e-m\libc.a(lib_a-svfprintf.o)
 *fill*         0x00409282        0x2 
 .rodata.str1.4
                0x00409284       0x10 c:/program files (x86)/atmel/studio/7.0/toolchain/arm/arm-gnu-toolchain/bin/../lib/gcc/arm-none-eabi/4.9.3/../../../../arm-none-eabi/lib/armv7e-m\libc.a(lib_a-dtoa.o)
                                 0x12 (size before relaxing)
 .rodata.str1.4
                0x00409294        0xc c:/program files (x86)/atmel/studio/7.0/toolchain/arm/arm-gnu-toolchain/bin/../lib/gcc/arm-none-eabi/4.9.3/../../../../arm-none-eabi/lib/armv7e-m\libc.a(lib_a-locale.o)
                                 0x12 (size before relaxing)
 .rodata.__mprec_tens
                0x004092a0       0xc8 c:/program files (x86)/atmel/studio/7.0/toolchain/arm/arm-gnu-toolchain/bin/../lib/gcc/arm-none-eabi/4.9.3/../../../../arm-none-eabi/lib/armv7e-m\libc.a(lib_a-mprec.o)
                0x004092a0                __mprec_tens
 .rodata.p05.5302
                0x00409368        0xc c:/program files (x86)/atmel/studio/7.0/toolchain/arm/arm-gnu-toolchain/bin/../lib/gcc/arm-none-eabi/4.9.3/../../../../arm-none-eabi/lib/armv7e-m\libc.a(lib_a-mprec.o)
 *fill*         0x00409374        0x4 
 .rodata.__mprec_bigtens
                0x00409378       0x28 c:/program files (x86)/atmel/studio/7.0/toolchain/arm/arm-gnu-toolchain/bin/../lib/gcc/arm-none-eabi/4.9.3/../../../../arm-none-eabi/lib/armv7e-m\libc.a(lib_a-mprec.o)
                0x00409378                __mprec_bigtens
 *(.ARM.extab* .gnu.linkonce.armextab.*)
                0x004093a0                . = ALIGN (0x4)
 *(.init)
 .init          0x004093a0        0x4 c:/program files (x86)/atmel/studio/7.0/toolchain/arm/arm-gnu-toolchain/bin/../lib/gcc/arm-none-eabi/4.9.3/armv7e-m/crti.o
                0x004093a0                _init
 .init          0x004093a4        0x8 c:/program files (x86)/atmel/studio/7.0/toolchain/arm/arm-gnu-toolchain/bin/../lib/gcc/arm-none-eabi/4.9.3/armv7e-m/crtn.o
                0x004093ac                . = ALIGN (0x4)
                0x004093ac                __preinit_array_start = .
 *(.preinit_array)
                0x004093ac                __preinit_array_end = .
                0x004093ac                . = ALIGN (0x4)
                0x004093ac                __init_array_start = .
 *(SORT(.init_array.*))
 .init_array.00000
                0x004093ac        0x4 c:/program files (x86)/atmel/studio/7.0/toolchain/arm/arm-gnu-toolchain/bin/../lib/gcc/arm-none-eabi/4.9.3/../../../../arm-none-eabi/lib/armv7e-m\libc.a(lib_a-__call_atexit.o)
 *(.init_array)
 .init_array    0x004093b0        0x4 c:/program files (x86)/atmel/studio/7.0/toolchain/arm/arm-gnu-toolchain/bin/../lib/gcc/arm-none-eabi/4.9.3/armv7e-m/crtbegin.o
                0x004093b4                __init_array_end = .
                0x004093b4                . = ALIGN (0x4)
 *crtbegin.o(.ctors)
 *(EXCLUDE_FILE(*crtend.o) .ctors)
 *(SORT(.ctors.*))
 *crtend.o(.ctors)
                0x004093b4                . = ALIGN (0x4)
 *(.fini)
 .fini          0x004093b4        0x4 c:/program files (x86)/atmel/studio/7.0/toolchain/arm/arm-gnu-toolchain/bin/../lib/gcc/arm-none-eabi/4.9.3/armv7e-m/crti.o
                0x004093b4                _fini
 .fini          0x004093b8        0x8 c:/program files (x86)/atmel/studio/7.0/toolchain/arm/arm-gnu-toolchain/bin/../lib/gcc/arm-none-eabi/4.9.3/armv7e-m/crtn.o
                0x004093c0                . = ALIGN (0x4)
                0x004093c0                __fini_array_start = .
 *(.fini_array)
 .fini_array    0x004093c0        0x4 c:/program files (x86)/atmel/studio/7.0/toolchain/arm/arm-gnu-toolchain/bin/../lib/gcc/arm-none-eabi/4.9.3/armv7e-m/crtbegin.o
 *(SORT(.fini_array.*))
                0x004093c4                __fini_array_end = .
 *crtbegin.o(.dtors)
 *(EXCLUDE_FILE(*crtend.o) .dtors)
 *(SORT(.dtors.*))
 *crtend.o(.dtors)
                0x004093c4                . = ALIGN (0x4)
                0x004093c4                _efixed = .
                0x004093c4                PROVIDE (__exidx_start, .)

.vfp11_veneer   0x004093c4        0x0
 .vfp11_veneer  0x00000000        0x0 linker stubs

.v4_bx          0x004093c4        0x0
 .v4_bx         0x00000000        0x0 linker stubs

.iplt           0x004093c4        0x0
 .iplt          0x00000000        0x0 c:/program files (x86)/atmel/studio/7.0/toolchain/arm/arm-gnu-toolchain/bin/../lib/gcc/arm-none-eabi/4.9.3/armv7e-m/crtbegin.o

.ARM.exidx      0x004093c4        0x8
 *(.ARM.exidx* .gnu.linkonce.armexidx.*)
 .ARM.exidx     0x004093c4        0x8 c:/program files (x86)/atmel/studio/7.0/toolchain/arm/arm-gnu-toolchain/bin/../lib/gcc/arm-none-eabi/4.9.3/armv7e-m\libgcc.a(_divdi3.o)
 .ARM.exidx     0x004093cc        0x0 c:/program files (x86)/atmel/studio/7.0/toolchain/arm/arm-gnu-toolchain/bin/../lib/gcc/arm-none-eabi/4.9.3/armv7e-m\libgcc.a(_udivdi3.o)
                                  0x8 (size before relaxing)
                0x004093cc                PROVIDE (__exidx_end, .)

.eh_frame       0x004093cc        0x0
 .eh_frame      0x004093cc        0x0 c:/program files (x86)/atmel/studio/7.0/toolchain/arm/arm-gnu-toolchain/bin/../lib/gcc/arm-none-eabi/4.9.3/armv7e-m/crtbegin.o

.rel.dyn        0x004093cc        0x0
 .rel.iplt      0x00000000        0x0 c:/program files (x86)/atmel/studio/7.0/toolchain/arm/arm-gnu-toolchain/bin/../lib/gcc/arm-none-eabi/4.9.3/armv7e-m/crtbegin.o

.jcr            0x004093cc        0x0
 .jcr           0x004093cc        0x0 c:/program files (x86)/atmel/studio/7.0/toolchain/arm/arm-gnu-toolchain/bin/../lib/gcc/arm-none-eabi/4.9.3/armv7e-m/crtbegin.o

.igot.plt       0x004093cc        0x0
 .igot.plt      0x00000000        0x0 c:/program files (x86)/atmel/studio/7.0/toolchain/arm/arm-gnu-toolchain/bin/../lib/gcc/arm-none-eabi/4.9.3/armv7e-m/crtbegin.o
                0x004093cc                . = ALIGN (0x4)
                0x004093cc                _etext = .

.relocate       0x20000000      0x884 load address 0x004093cc
                0x20000000                . = ALIGN (0x4)
                0x20000000                _srelocate = .
 *(.ramfunc .ramfunc.*)
 *(.data .data.*)
 .data.g_ul_lcd_x_length
                0x20000000        0x4 src/ASF/sam/components/display/ili93xx/ili93xx.o
 .data.g_ul_lcd_y_length
                0x20000004        0x4 src/ASF/sam/components/display/ili93xx/ili93xx.o
 .data.SystemCoreClock
                0x20000008        0x4 src/ASF/sam/utils/cmsis/sam4s/source/templates/system_sam4s.o
                0x20000008                SystemCoreClock
 *fill*         0x2000000c        0x4 
 .data.impure_data
                0x20000010      0x428 c:/program files (x86)/atmel/studio/7.0/toolchain/arm/arm-gnu-toolchain/bin/../lib/gcc/arm-none-eabi/4.9.3/../../../../arm-none-eabi/lib/armv7e-m\libc.a(lib_a-impure.o)
 .data._impure_ptr
                0x20000438        0x4 c:/program files (x86)/atmel/studio/7.0/toolchain/arm/arm-gnu-toolchain/bin/../lib/gcc/arm-none-eabi/4.9.3/../../../../arm-none-eabi/lib/armv7e-m\libc.a(lib_a-impure.o)
                0x20000438                _impure_ptr
 .data.lconv    0x2000043c       0x38 c:/program files (x86)/atmel/studio/7.0/toolchain/arm/arm-gnu-toolchain/bin/../lib/gcc/arm-none-eabi/4.9.3/../../../../arm-none-eabi/lib/armv7e-m\libc.a(lib_a-locale.o)
 .data.__malloc_av_
                0x20000474      0x408 c:/program files (x86)/atmel/studio/7.0/toolchain/arm/arm-gnu-toolchain/bin/../lib/gcc/arm-none-eabi/4.9.3/../../../../arm-none-eabi/lib/armv7e-m\libc.a(lib_a-mallocr.o)
                0x20000474                __malloc_av_
 .data.__malloc_trim_threshold
                0x2000087c        0x4 c:/program files (x86)/atmel/studio/7.0/toolchain/arm/arm-gnu-toolchain/bin/../lib/gcc/arm-none-eabi/4.9.3/../../../../arm-none-eabi/lib/armv7e-m\libc.a(lib_a-mallocr.o)
                0x2000087c                __malloc_trim_threshold
 .data.__malloc_sbrk_base
                0x20000880        0x4 c:/program files (x86)/atmel/studio/7.0/toolchain/arm/arm-gnu-toolchain/bin/../lib/gcc/arm-none-eabi/4.9.3/../../../../arm-none-eabi/lib/armv7e-m\libc.a(lib_a-mallocr.o)
                0x20000880                __malloc_sbrk_base
                0x20000884                . = ALIGN (0x4)
                0x20000884                _erelocate = .

.bss            0x20000884      0x4a8 load address 0x00409c50
                0x20000884                . = ALIGN (0x4)
                0x20000884                _sbss = .
                0x20000884                _szero = .
 *(.bss .bss.*)
 .bss           0x20000884       0x1c c:/program files (x86)/atmel/studio/7.0/toolchain/arm/arm-gnu-toolchain/bin/../lib/gcc/arm-none-eabi/4.9.3/armv7e-m/crtbegin.o
 .bss.g_uc_device_type
                0x200008a0        0x1 src/ASF/sam/components/display/ili93xx/ili93xx.o
 *fill*         0x200008a1        0x3 
 .bss.g_ul_pixel_cache
                0x200008a4      0x3c0 src/ASF/sam/components/display/ili93xx/ili93xx.o
 .bss.gs_interrupt_sources
                0x20000c64       0x70 src/ASF/sam/drivers/pio/pio_handler.o
 .bss.pio_capture_handler
                0x20000cd4        0x4 src/ASF/sam/drivers/pio/pio_handler.o
 .bss.heap.5212
                0x20000cd8        0x4 src/ASF/sam/utils/syscalls/gcc/syscalls.o
 .bss.__malloc_max_total_mem
                0x20000cdc        0x4 c:/program files (x86)/atmel/studio/7.0/toolchain/arm/arm-gnu-toolchain/bin/../lib/gcc/arm-none-eabi/4.9.3/../../../../arm-none-eabi/lib/armv7e-m\libc.a(lib_a-mallocr.o)
                0x20000cdc                __malloc_max_total_mem
 .bss.__malloc_max_sbrked_mem
                0x20000ce0        0x4 c:/program files (x86)/atmel/studio/7.0/toolchain/arm/arm-gnu-toolchain/bin/../lib/gcc/arm-none-eabi/4.9.3/../../../../arm-none-eabi/lib/armv7e-m\libc.a(lib_a-mallocr.o)
                0x20000ce0                __malloc_max_sbrked_mem
 .bss.__malloc_top_pad
                0x20000ce4        0x4 c:/program files (x86)/atmel/studio/7.0/toolchain/arm/arm-gnu-toolchain/bin/../lib/gcc/arm-none-eabi/4.9.3/../../../../arm-none-eabi/lib/armv7e-m\libc.a(lib_a-mallocr.o)
                0x20000ce4                __malloc_top_pad
 .bss.__malloc_current_mallinfo
                0x20000ce8       0x28 c:/program files (x86)/atmel/studio/7.0/toolchain/arm/arm-gnu-toolchain/bin/../lib/gcc/arm-none-eabi/4.9.3/../../../../arm-none-eabi/lib/armv7e-m\libc.a(lib_a-mallocr.o)
                0x20000ce8                __malloc_current_mallinfo
 *(COMMON)
 COMMON         0x20000d10        0x4 src/ASF/sam/drivers/pio/pio.o
                0x20000d10                pio_capture_enable_flag
 COMMON         0x20000d14       0x14 src/ili93xx_example.o
                0x20000d14                adc_value_old
                0x20000d18                g_ili93xx_display_opt
 COMMON         0x20000d28        0x4 c:/program files (x86)/atmel/studio/7.0/toolchain/arm/arm-gnu-toolchain/bin/../lib/gcc/arm-none-eabi/4.9.3/../../../../arm-none-eabi/lib/armv7e-m\libc.a(lib_a-reent.o)
                0x20000d28                errno
                0x20000d2c                . = ALIGN (0x4)
                0x20000d2c                _ebss = .
                0x20000d2c                _ezero = .

.stack          0x20000d2c     0x3004 load address 0x0040a0f8
                0x20000d30                . = ALIGN (0x8)
 *fill*         0x20000d2c        0x4 
                0x20000d30                _sstack = .
                0x20003d30                . = (. + __stack_size__)
 *fill*         0x20000d30     0x3000 
                0x20003d30                . = ALIGN (0x8)
                0x20003d30                _estack = .
                0x20003d30                . = ALIGN (0x4)
                0x20003d30                _end = .
OUTPUT(ILI93XX_EXAMPLE1.elf elf32-littlearm)

.ARM.attributes
                0x00000000       0x2a
 .ARM.attributes
                0x00000000       0x1e c:/program files (x86)/atmel/studio/7.0/toolchain/arm/arm-gnu-toolchain/bin/../lib/gcc/arm-none-eabi/4.9.3/armv7e-m/crti.o
 .ARM.attributes
                0x0000001e       0x2e c:/program files (x86)/atmel/studio/7.0/toolchain/arm/arm-gnu-toolchain/bin/../lib/gcc/arm-none-eabi/4.9.3/armv7e-m/crtbegin.o
 .ARM.attributes
                0x0000004c       0x33 src/ASF/common/services/clock/sam4s/sysclk.o
 .ARM.attributes
                0x0000007f       0x33 src/ASF/sam/boards/sam4s_ek2/init.o
 .ARM.attributes
                0x000000b2       0x33 src/ASF/sam/components/display/aat31xx/aat31xx.o
 .ARM.attributes
                0x000000e5       0x33 src/ASF/sam/components/display/ili93xx/ili93xx.o
 .ARM.attributes
                0x00000118       0x33 src/ASF/sam/drivers/adc/adc.o
 .ARM.attributes
                0x0000014b       0x33 src/ASF/sam/drivers/ebi/smc/smc.o
 .ARM.attributes
                0x0000017e       0x33 src/ASF/sam/drivers/pio/pio.o
 .ARM.attributes
                0x000001b1       0x33 src/ASF/sam/drivers/pio/pio_handler.o
 .ARM.attributes
                0x000001e4       0x33 src/ASF/sam/drivers/pmc/pmc.o
 .ARM.attributes
                0x00000217       0x33 src/ASF/sam/drivers/tc/tc.o
 .ARM.attributes
                0x0000024a       0x33 src/ASF/sam/utils/cmsis/sam4s/source/templates/gcc/startup_sam4s.o
 .ARM.attributes
                0x0000027d       0x33 src/ASF/sam/utils/cmsis/sam4s/source/templates/system_sam4s.o
 .ARM.attributes
                0x000002b0       0x33 src/ASF/sam/utils/syscalls/gcc/syscalls.o
 .ARM.attributes
                0x000002e3       0x33 src/ili93xx_example.o
 .ARM.attributes
                0x00000316       0x2e c:/program files (x86)/atmel/studio/7.0/toolchain/arm/arm-gnu-toolchain/bin/../lib/gcc/arm-none-eabi/4.9.3/../../../../arm-none-eabi/lib/armv7e-m\libm.a(lib_a-s_cos.o)
 .ARM.attributes
                0x00000344       0x2e c:/program files (x86)/atmel/studio/7.0/toolchain/arm/arm-gnu-toolchain/bin/../lib/gcc/arm-none-eabi/4.9.3/../../../../arm-none-eabi/lib/armv7e-m\libm.a(lib_a-s_sin.o)
 .ARM.attributes
                0x00000372       0x2e c:/program files (x86)/atmel/studio/7.0/toolchain/arm/arm-gnu-toolchain/bin/../lib/gcc/arm-none-eabi/4.9.3/../../../../arm-none-eabi/lib/armv7e-m\libm.a(lib_a-e_rem_pio2.o)
 .ARM.attributes
                0x000003a0       0x2e c:/program files (x86)/atmel/studio/7.0/toolchain/arm/arm-gnu-toolchain/bin/../lib/gcc/arm-none-eabi/4.9.3/../../../../arm-none-eabi/lib/armv7e-m\libm.a(lib_a-k_cos.o)
 .ARM.attributes
                0x000003ce       0x2e c:/program files (x86)/atmel/studio/7.0/toolchain/arm/arm-gnu-toolchain/bin/../lib/gcc/arm-none-eabi/4.9.3/../../../../arm-none-eabi/lib/armv7e-m\libm.a(lib_a-k_rem_pio2.o)
 .ARM.attributes
                0x000003fc       0x2e c:/program files (x86)/atmel/studio/7.0/toolchain/arm/arm-gnu-toolchain/bin/../lib/gcc/arm-none-eabi/4.9.3/../../../../arm-none-eabi/lib/armv7e-m\libm.a(lib_a-k_sin.o)
 .ARM.attributes
                0x0000042a       0x2e c:/program files (x86)/atmel/studio/7.0/toolchain/arm/arm-gnu-toolchain/bin/../lib/gcc/arm-none-eabi/4.9.3/../../../../arm-none-eabi/lib/armv7e-m\libm.a(lib_a-s_fabs.o)
 .ARM.attributes
                0x00000458       0x2e c:/program files (x86)/atmel/studio/7.0/toolchain/arm/arm-gnu-toolchain/bin/../lib/gcc/arm-none-eabi/4.9.3/../../../../arm-none-eabi/lib/armv7e-m\libm.a(lib_a-s_floor.o)
 .ARM.attributes
                0x00000486       0x2e c:/program files (x86)/atmel/studio/7.0/toolchain/arm/arm-gnu-toolchain/bin/../lib/gcc/arm-none-eabi/4.9.3/../../../../arm-none-eabi/lib/armv7e-m\libm.a(lib_a-s_scalbn.o)
 .ARM.attributes
                0x000004b4       0x2e c:/program files (x86)/atmel/studio/7.0/toolchain/arm/arm-gnu-toolchain/bin/../lib/gcc/arm-none-eabi/4.9.3/../../../../arm-none-eabi/lib/armv7e-m\libm.a(lib_a-s_copysign.o)
 .ARM.attributes
                0x000004e2       0x1e c:/program files (x86)/atmel/studio/7.0/toolchain/arm/arm-gnu-toolchain/bin/../lib/gcc/arm-none-eabi/4.9.3/armv7e-m\libgcc.a(_arm_addsubdf3.o)
 .ARM.attributes
                0x00000500       0x1e c:/program files (x86)/atmel/studio/7.0/toolchain/arm/arm-gnu-toolchain/bin/../lib/gcc/arm-none-eabi/4.9.3/armv7e-m\libgcc.a(_arm_muldivdf3.o)
 .ARM.attributes
                0x0000051e       0x1e c:/program files (x86)/atmel/studio/7.0/toolchain/arm/arm-gnu-toolchain/bin/../lib/gcc/arm-none-eabi/4.9.3/armv7e-m\libgcc.a(_arm_cmpdf2.o)
 .ARM.attributes
                0x0000053c       0x1e c:/program files (x86)/atmel/studio/7.0/toolchain/arm/arm-gnu-toolchain/bin/../lib/gcc/arm-none-eabi/4.9.3/armv7e-m\libgcc.a(_arm_fixdfsi.o)
 .ARM.attributes
                0x0000055a       0x1e c:/program files (x86)/atmel/studio/7.0/toolchain/arm/arm-gnu-toolchain/bin/../lib/gcc/arm-none-eabi/4.9.3/armv7e-m\libgcc.a(_arm_fixunsdfsi.o)
 .ARM.attributes
                0x00000578       0x2e c:/program files (x86)/atmel/studio/7.0/toolchain/arm/arm-gnu-toolchain/bin/../lib/gcc/arm-none-eabi/4.9.3/../../../../arm-none-eabi/lib/armv7e-m\libc.a(lib_a-impure.o)
 .ARM.attributes
                0x000005a6       0x2e c:/program files (x86)/atmel/studio/7.0/toolchain/arm/arm-gnu-toolchain/bin/../lib/gcc/arm-none-eabi/4.9.3/../../../../arm-none-eabi/lib/armv7e-m\libc.a(lib_a-init.o)
 .ARM.attributes
                0x000005d4       0x2e c:/program files (x86)/atmel/studio/7.0/toolchain/arm/arm-gnu-toolchain/bin/../lib/gcc/arm-none-eabi/4.9.3/../../../../arm-none-eabi/lib/armv7e-m\libc.a(lib_a-memset.o)
 .ARM.attributes
                0x00000602       0x2e c:/program files (x86)/atmel/studio/7.0/toolchain/arm/arm-gnu-toolchain/bin/../lib/gcc/arm-none-eabi/4.9.3/../../../../arm-none-eabi/lib/armv7e-m\libc.a(lib_a-snprintf.o)
 .ARM.attributes
                0x00000630       0x2e c:/program files (x86)/atmel/studio/7.0/toolchain/arm/arm-gnu-toolchain/bin/../lib/gcc/arm-none-eabi/4.9.3/../../../../arm-none-eabi/lib/armv7e-m\libc.a(lib_a-strlen.o)
 .ARM.attributes
                0x0000065e       0x2e c:/program files (x86)/atmel/studio/7.0/toolchain/arm/arm-gnu-toolchain/bin/../lib/gcc/arm-none-eabi/4.9.3/../../../../arm-none-eabi/lib/armv7e-m\libc.a(lib_a-svfprintf.o)
 .ARM.attributes
                0x0000068c       0x2e c:/program files (x86)/atmel/studio/7.0/toolchain/arm/arm-gnu-toolchain/bin/../lib/gcc/arm-none-eabi/4.9.3/../../../../arm-none-eabi/lib/armv7e-m\libc.a(lib_a-__call_atexit.o)
 .ARM.attributes
                0x000006ba       0x2e c:/program files (x86)/atmel/studio/7.0/toolchain/arm/arm-gnu-toolchain/bin/../lib/gcc/arm-none-eabi/4.9.3/../../../../arm-none-eabi/lib/armv7e-m\libc.a(lib_a-atexit.o)
 .ARM.attributes
                0x000006e8       0x2e c:/program files (x86)/atmel/studio/7.0/toolchain/arm/arm-gnu-toolchain/bin/../lib/gcc/arm-none-eabi/4.9.3/../../../../arm-none-eabi/lib/armv7e-m\libc.a(lib_a-dtoa.o)
 .ARM.attributes
                0x00000716       0x2e c:/program files (x86)/atmel/studio/7.0/toolchain/arm/arm-gnu-toolchain/bin/../lib/gcc/arm-none-eabi/4.9.3/../../../../arm-none-eabi/lib/armv7e-m\libc.a(lib_a-fini.o)
 .ARM.attributes
                0x00000744       0x2e c:/program files (x86)/atmel/studio/7.0/toolchain/arm/arm-gnu-toolchain/bin/../lib/gcc/arm-none-eabi/4.9.3/../../../../arm-none-eabi/lib/armv7e-m\libc.a(lib_a-freer.o)
 .ARM.attributes
                0x00000772       0x2e c:/program files (x86)/atmel/studio/7.0/toolchain/arm/arm-gnu-toolchain/bin/../lib/gcc/arm-none-eabi/4.9.3/../../../../arm-none-eabi/lib/armv7e-m\libc.a(lib_a-locale.o)
 .ARM.attributes
                0x000007a0       0x2e c:/program files (x86)/atmel/studio/7.0/toolchain/arm/arm-gnu-toolchain/bin/../lib/gcc/arm-none-eabi/4.9.3/../../../../arm-none-eabi/lib/armv7e-m\libc.a(lib_a-mallocr.o)
 .ARM.attributes
                0x000007ce       0x2e c:/program files (x86)/atmel/studio/7.0/toolchain/arm/arm-gnu-toolchain/bin/../lib/gcc/arm-none-eabi/4.9.3/../../../../arm-none-eabi/lib/armv7e-m\libc.a(lib_a-memchr.o)
 .ARM.attributes
                0x000007fc       0x1c c:/program files (x86)/atmel/studio/7.0/toolchain/arm/arm-gnu-toolchain/bin/../lib/gcc/arm-none-eabi/4.9.3/../../../../arm-none-eabi/lib/armv7e-m\libc.a(lib_a-memcpy.o)
 .ARM.attributes
                0x00000818       0x2e c:/program files (x86)/atmel/studio/7.0/toolchain/arm/arm-gnu-toolchain/bin/../lib/gcc/arm-none-eabi/4.9.3/../../../../arm-none-eabi/lib/armv7e-m\libc.a(lib_a-memmove.o)
 .ARM.attributes
                0x00000846       0x2e c:/program files (x86)/atmel/studio/7.0/toolchain/arm/arm-gnu-toolchain/bin/../lib/gcc/arm-none-eabi/4.9.3/../../../../arm-none-eabi/lib/armv7e-m\libc.a(lib_a-mlock.o)
 .ARM.attributes
                0x00000874       0x2e c:/program files (x86)/atmel/studio/7.0/toolchain/arm/arm-gnu-toolchain/bin/../lib/gcc/arm-none-eabi/4.9.3/../../../../arm-none-eabi/lib/armv7e-m\libc.a(lib_a-mprec.o)
 .ARM.attributes
                0x000008a2       0x2e c:/program files (x86)/atmel/studio/7.0/toolchain/arm/arm-gnu-toolchain/bin/../lib/gcc/arm-none-eabi/4.9.3/../../../../arm-none-eabi/lib/armv7e-m\libc.a(lib_a-reallocr.o)
 .ARM.attributes
                0x000008d0       0x2e c:/program files (x86)/atmel/studio/7.0/toolchain/arm/arm-gnu-toolchain/bin/../lib/gcc/arm-none-eabi/4.9.3/../../../../arm-none-eabi/lib/armv7e-m\libc.a(lib_a-s_fpclassify.o)
 .ARM.attributes
                0x000008fe       0x2e c:/program files (x86)/atmel/studio/7.0/toolchain/arm/arm-gnu-toolchain/bin/../lib/gcc/arm-none-eabi/4.9.3/../../../../arm-none-eabi/lib/armv7e-m\libc.a(lib_a-sbrkr.o)
 .ARM.attributes
                0x0000092c       0x2e c:/program files (x86)/atmel/studio/7.0/toolchain/arm/arm-gnu-toolchain/bin/../lib/gcc/arm-none-eabi/4.9.3/../../../../arm-none-eabi/lib/armv7e-m\libc.a(lib_a-svfiprintf.o)
 .ARM.attributes
                0x0000095a       0x2e c:/program files (x86)/atmel/studio/7.0/toolchain/arm/arm-gnu-toolchain/bin/../lib/gcc/arm-none-eabi/4.9.3/../../../../arm-none-eabi/lib/armv7e-m\libc.a(lib_a-__atexit.o)
 .ARM.attributes
                0x00000988       0x2e c:/program files (x86)/atmel/studio/7.0/toolchain/arm/arm-gnu-toolchain/bin/../lib/gcc/arm-none-eabi/4.9.3/../../../../arm-none-eabi/lib/armv7e-m\libc.a(lib_a-callocr.o)
 .ARM.attributes
                0x000009b6       0x2e c:/program files (x86)/atmel/studio/7.0/toolchain/arm/arm-gnu-toolchain/bin/../lib/gcc/arm-none-eabi/4.9.3/../../../../arm-none-eabi/lib/armv7e-m\libc.a(lib_a-reent.o)
 .ARM.attributes
                0x000009e4       0x1e c:/program files (x86)/atmel/studio/7.0/toolchain/arm/arm-gnu-toolchain/bin/../lib/gcc/arm-none-eabi/4.9.3/armv7e-m\libgcc.a(_aeabi_uldivmod.o)
 .ARM.attributes
                0x00000a02       0x2e c:/program files (x86)/atmel/studio/7.0/toolchain/arm/arm-gnu-toolchain/bin/../lib/gcc/arm-none-eabi/4.9.3/armv7e-m\libgcc.a(bpabi.o)
 .ARM.attributes
                0x00000a30       0x1e c:/program files (x86)/atmel/studio/7.0/toolchain/arm/arm-gnu-toolchain/bin/../lib/gcc/arm-none-eabi/4.9.3/armv7e-m\libgcc.a(_dvmd_tls.o)
 .ARM.attributes
                0x00000a4e       0x2e c:/program files (x86)/atmel/studio/7.0/toolchain/arm/arm-gnu-toolchain/bin/../lib/gcc/arm-none-eabi/4.9.3/armv7e-m\libgcc.a(_divdi3.o)
 .ARM.attributes
                0x00000a7c       0x2e c:/program files (x86)/atmel/studio/7.0/toolchain/arm/arm-gnu-toolchain/bin/../lib/gcc/arm-none-eabi/4.9.3/armv7e-m\libgcc.a(_udivdi3.o)
 .ARM.attributes
                0x00000aaa       0x1e c:/program files (x86)/atmel/studio/7.0/toolchain/arm/arm-gnu-toolchain/bin/../lib/gcc/arm-none-eabi/4.9.3/armv7e-m/crtn.o

.comment        0x00000000       0x5b
 .comment       0x00000000       0x5b src/ASF/common/services/clock/sam4s/sysclk.o
                                 0x5c (size before relaxing)
 .comment       0x00000000       0x5c src/ASF/sam/boards/sam4s_ek2/init.o
 .comment       0x00000000       0x5c src/ASF/sam/components/display/aat31xx/aat31xx.o
 .comment       0x00000000       0x5c src/ASF/sam/components/display/ili93xx/ili93xx.o
 .comment       0x00000000       0x5c src/ASF/sam/drivers/adc/adc.o
 .comment       0x00000000       0x5c src/ASF/sam/drivers/ebi/smc/smc.o
 .comment       0x00000000       0x5c src/ASF/sam/drivers/pio/pio.o
 .comment       0x00000000       0x5c src/ASF/sam/drivers/pio/pio_handler.o
 .comment       0x00000000       0x5c src/ASF/sam/drivers/pmc/pmc.o
 .comment       0x00000000       0x5c src/ASF/sam/drivers/tc/tc.o
 .comment       0x00000000       0x5c src/ASF/sam/utils/cmsis/sam4s/source/templates/gcc/startup_sam4s.o
 .comment       0x00000000       0x5c src/ASF/sam/utils/cmsis/sam4s/source/templates/system_sam4s.o
 .comment       0x00000000       0x5c src/ASF/sam/utils/syscalls/gcc/syscalls.o
 .comment       0x00000000       0x5c src/ili93xx_example.o

.debug_info     0x00000000     0x9cc0
 .debug_info    0x00000000      0x68d src/ASF/common/services/clock/sam4s/sysclk.o
 .debug_info    0x0000068d      0x745 src/ASF/sam/boards/sam4s_ek2/init.o
 .debug_info    0x00000dd2      0x898 src/ASF/sam/components/display/aat31xx/aat31xx.o
 .debug_info    0x0000166a     0x1173 src/ASF/sam/components/display/ili93xx/ili93xx.o
 .debug_info    0x000027dd     0x10f2 src/ASF/sam/drivers/adc/adc.o
 .debug_info    0x000038cf      0x3e7 src/ASF/sam/drivers/ebi/smc/smc.o
 .debug_info    0x00003cb6     0x136b src/ASF/sam/drivers/pio/pio.o
 .debug_info    0x00005021      0xdde src/ASF/sam/drivers/pio/pio_handler.o
 .debug_info    0x00005dff     0x10ba src/ASF/sam/drivers/pmc/pmc.o
 .debug_info    0x00006eb9      0x93f src/ASF/sam/drivers/tc/tc.o
 .debug_info    0x000077f8      0x681 src/ASF/sam/utils/cmsis/sam4s/source/templates/gcc/startup_sam4s.o
 .debug_info    0x00007e79      0x46d src/ASF/sam/utils/cmsis/sam4s/source/templates/system_sam4s.o
 .debug_info    0x000082e6      0x434 src/ASF/sam/utils/syscalls/gcc/syscalls.o
 .debug_info    0x0000871a     0x15a6 src/ili93xx_example.o

.debug_abbrev   0x00000000     0x17b9
 .debug_abbrev  0x00000000      0x1b4 src/ASF/common/services/clock/sam4s/sysclk.o
 .debug_abbrev  0x000001b4      0x150 src/ASF/sam/boards/sam4s_ek2/init.o
 .debug_abbrev  0x00000304      0x205 src/ASF/sam/components/display/aat31xx/aat31xx.o
 .debug_abbrev  0x00000509      0x257 src/ASF/sam/components/display/ili93xx/ili93xx.o
 .debug_abbrev  0x00000760      0x1b1 src/ASF/sam/drivers/adc/adc.o
 .debug_abbrev  0x00000911      0x104 src/ASF/sam/drivers/ebi/smc/smc.o
 .debug_abbrev  0x00000a15      0x1c4 src/ASF/sam/drivers/pio/pio.o
 .debug_abbrev  0x00000bd9      0x229 src/ASF/sam/drivers/pio/pio_handler.o
 .debug_abbrev  0x00000e02      0x20d src/ASF/sam/drivers/pmc/pmc.o
 .debug_abbrev  0x0000100f      0x158 src/ASF/sam/drivers/tc/tc.o
 .debug_abbrev  0x00001167      0x15f src/ASF/sam/utils/cmsis/sam4s/source/templates/gcc/startup_sam4s.o
 .debug_abbrev  0x000012c6       0xf5 src/ASF/sam/utils/cmsis/sam4s/source/templates/system_sam4s.o
 .debug_abbrev  0x000013bb      0x11d src/ASF/sam/utils/syscalls/gcc/syscalls.o
 .debug_abbrev  0x000014d8      0x2e1 src/ili93xx_example.o

.debug_loc      0x00000000     0x606a
 .debug_loc     0x00000000      0x424 src/ASF/common/services/clock/sam4s/sysclk.o
 .debug_loc     0x00000424       0xa8 src/ASF/sam/boards/sam4s_ek2/init.o
 .debug_loc     0x000004cc       0xfc src/ASF/sam/components/display/aat31xx/aat31xx.o
 .debug_loc     0x000005c8      0xeec src/ASF/sam/components/display/ili93xx/ili93xx.o
 .debug_loc     0x000014b4     0x107c src/ASF/sam/drivers/adc/adc.o
 .debug_loc     0x00002530      0x284 src/ASF/sam/drivers/ebi/smc/smc.o
 .debug_loc     0x000027b4     0x1174 src/ASF/sam/drivers/pio/pio.o
 .debug_loc     0x00003928      0x390 src/ASF/sam/drivers/pio/pio_handler.o
 .debug_loc     0x00003cb8     0x1450 src/ASF/sam/drivers/pmc/pmc.o
 .debug_loc     0x00005108      0x844 src/ASF/sam/drivers/tc/tc.o
 .debug_loc     0x0000594c       0x64 src/ASF/sam/utils/cmsis/sam4s/source/templates/gcc/startup_sam4s.o
 .debug_loc     0x000059b0       0xe4 src/ASF/sam/utils/cmsis/sam4s/source/templates/system_sam4s.o
 .debug_loc     0x00005a94      0x300 src/ASF/sam/utils/syscalls/gcc/syscalls.o
 .debug_loc     0x00005d94      0x2d6 src/ili93xx_example.o

.debug_aranges  0x00000000      0xa88
 .debug_aranges
                0x00000000       0x88 src/ASF/common/services/clock/sam4s/sysclk.o
 .debug_aranges
                0x00000088       0x30 src/ASF/sam/boards/sam4s_ek2/init.o
 .debug_aranges
                0x000000b8       0x30 src/ASF/sam/components/display/aat31xx/aat31xx.o
 .debug_aranges
                0x000000e8      0x1a8 src/ASF/sam/components/display/ili93xx/ili93xx.o
 .debug_aranges
                0x00000290      0x188 src/ASF/sam/drivers/adc/adc.o
 .debug_aranges
                0x00000418       0x50 src/ASF/sam/drivers/ebi/smc/smc.o
 .debug_aranges
                0x00000468      0x1a8 src/ASF/sam/drivers/pio/pio.o
 .debug_aranges
                0x00000610       0x78 src/ASF/sam/drivers/pio/pio_handler.o
 .debug_aranges
                0x00000688      0x208 src/ASF/sam/drivers/pmc/pmc.o
 .debug_aranges
                0x00000890       0xd0 src/ASF/sam/drivers/tc/tc.o
 .debug_aranges
                0x00000960       0x28 src/ASF/sam/utils/cmsis/sam4s/source/templates/gcc/startup_sam4s.o
 .debug_aranges
                0x00000988       0x30 src/ASF/sam/utils/cmsis/sam4s/source/templates/system_sam4s.o
 .debug_aranges
                0x000009b8       0x60 src/ASF/sam/utils/syscalls/gcc/syscalls.o
 .debug_aranges
                0x00000a18       0x70 src/ili93xx_example.o

.debug_ranges   0x00000000      0x9a8
 .debug_ranges  0x00000000       0x78 src/ASF/common/services/clock/sam4s/sysclk.o
 .debug_ranges  0x00000078       0x20 src/ASF/sam/boards/sam4s_ek2/init.o
 .debug_ranges  0x00000098       0x20 src/ASF/sam/components/display/aat31xx/aat31xx.o
 .debug_ranges  0x000000b8      0x198 src/ASF/sam/components/display/ili93xx/ili93xx.o
 .debug_ranges  0x00000250      0x178 src/ASF/sam/drivers/adc/adc.o
 .debug_ranges  0x000003c8       0x40 src/ASF/sam/drivers/ebi/smc/smc.o
 .debug_ranges  0x00000408      0x198 src/ASF/sam/drivers/pio/pio.o
 .debug_ranges  0x000005a0       0x68 src/ASF/sam/drivers/pio/pio_handler.o
 .debug_ranges  0x00000608      0x1f8 src/ASF/sam/drivers/pmc/pmc.o
 .debug_ranges  0x00000800       0xc0 src/ASF/sam/drivers/tc/tc.o
 .debug_ranges  0x000008c0       0x18 src/ASF/sam/utils/cmsis/sam4s/source/templates/gcc/startup_sam4s.o
 .debug_ranges  0x000008d8       0x20 src/ASF/sam/utils/cmsis/sam4s/source/templates/system_sam4s.o
 .debug_ranges  0x000008f8       0x50 src/ASF/sam/utils/syscalls/gcc/syscalls.o
 .debug_ranges  0x00000948       0x60 src/ili93xx_example.o

.debug_macro    0x00000000    0x13e63
 .debug_macro   0x00000000      0x522 src/ASF/common/services/clock/sam4s/sysclk.o
 .debug_macro   0x00000522      0x89e src/ASF/common/services/clock/sam4s/sysclk.o
 .debug_macro   0x00000dc0      0x636 src/ASF/common/services/clock/sam4s/sysclk.o
 .debug_macro   0x000013f6       0x28 src/ASF/common/services/clock/sam4s/sysclk.o
 .debug_macro   0x0000141e      0x166 src/ASF/common/services/clock/sam4s/sysclk.o
 .debug_macro   0x00001584       0x76 src/ASF/common/services/clock/sam4s/sysclk.o
 .debug_macro   0x000015fa       0x16 src/ASF/common/services/clock/sam4s/sysclk.o
 .debug_macro   0x00001610      0x6e4 src/ASF/common/services/clock/sam4s/sysclk.o
 .debug_macro   0x00001cf4       0x22 src/ASF/common/services/clock/sam4s/sysclk.o
 .debug_macro   0x00001d16       0x44 src/ASF/common/services/clock/sam4s/sysclk.o
 .debug_macro   0x00001d5a       0x58 src/ASF/common/services/clock/sam4s/sysclk.o
 .debug_macro   0x00001db2       0x22 src/ASF/common/services/clock/sam4s/sysclk.o
 .debug_macro   0x00001dd4      0x1df src/ASF/common/services/clock/sam4s/sysclk.o
 .debug_macro   0x00001fb3       0x27 src/ASF/common/services/clock/sam4s/sysclk.o
 .debug_macro   0x00001fda       0x3b src/ASF/common/services/clock/sam4s/sysclk.o
 .debug_macro   0x00002015       0x2d src/ASF/common/services/clock/sam4s/sysclk.o
 .debug_macro   0x00002042       0x26 src/ASF/common/services/clock/sam4s/sysclk.o
 .debug_macro   0x00002068      0xbbf src/ASF/common/services/clock/sam4s/sysclk.o
 .debug_macro   0x00002c27      0x159 src/ASF/common/services/clock/sam4s/sysclk.o
 .debug_macro   0x00002d80      0xaaf src/ASF/common/services/clock/sam4s/sysclk.o
 .debug_macro   0x0000382f      0x284 src/ASF/common/services/clock/sam4s/sysclk.o
 .debug_macro   0x00003ab3      0x11e src/ASF/common/services/clock/sam4s/sysclk.o
 .debug_macro   0x00003bd1       0xac src/ASF/common/services/clock/sam4s/sysclk.o
 .debug_macro   0x00003c7d      0x401 src/ASF/common/services/clock/sam4s/sysclk.o
 .debug_macro   0x0000407e      0x106 src/ASF/common/services/clock/sam4s/sysclk.o
 .debug_macro   0x00004184       0x1c src/ASF/common/services/clock/sam4s/sysclk.o
 .debug_macro   0x000041a0      0x738 src/ASF/common/services/clock/sam4s/sysclk.o
 .debug_macro   0x000048d8      0x2d2 src/ASF/common/services/clock/sam4s/sysclk.o
 .debug_macro   0x00004baa       0xbe src/ASF/common/services/clock/sam4s/sysclk.o
 .debug_macro   0x00004c68     0x280b src/ASF/common/services/clock/sam4s/sysclk.o
 .debug_macro   0x00007473      0x777 src/ASF/common/services/clock/sam4s/sysclk.o
 .debug_macro   0x00007bea      0xa8e src/ASF/common/services/clock/sam4s/sysclk.o
 .debug_macro   0x00008678       0x9a src/ASF/common/services/clock/sam4s/sysclk.o
 .debug_macro   0x00008712      0x3d8 src/ASF/common/services/clock/sam4s/sysclk.o
 .debug_macro   0x00008aea       0x64 src/ASF/common/services/clock/sam4s/sysclk.o
 .debug_macro   0x00008b4e      0x1ae src/ASF/common/services/clock/sam4s/sysclk.o
 .debug_macro   0x00008cfc      0x386 src/ASF/common/services/clock/sam4s/sysclk.o
 .debug_macro   0x00009082      0x624 src/ASF/common/services/clock/sam4s/sysclk.o
 .debug_macro   0x000096a6      0x690 src/ASF/common/services/clock/sam4s/sysclk.o
 .debug_macro   0x00009d36      0x59f src/ASF/common/services/clock/sam4s/sysclk.o
 .debug_macro   0x0000a2d5      0x34d src/ASF/common/services/clock/sam4s/sysclk.o
 .debug_macro   0x0000a622      0x28c src/ASF/common/services/clock/sam4s/sysclk.o
 .debug_macro   0x0000a8ae      0x2d6 src/ASF/common/services/clock/sam4s/sysclk.o
 .debug_macro   0x0000ab84      0x6d9 src/ASF/common/services/clock/sam4s/sysclk.o
 .debug_macro   0x0000b25d       0x76 src/ASF/common/services/clock/sam4s/sysclk.o
 .debug_macro   0x0000b2d3       0xb8 src/ASF/common/services/clock/sam4s/sysclk.o
 .debug_macro   0x0000b38b       0xb2 src/ASF/common/services/clock/sam4s/sysclk.o
 .debug_macro   0x0000b43d       0x88 src/ASF/common/services/clock/sam4s/sysclk.o
 .debug_macro   0x0000b4c5      0x105 src/ASF/common/services/clock/sam4s/sysclk.o
 .debug_macro   0x0000b5ca      0x105 src/ASF/common/services/clock/sam4s/sysclk.o
 .debug_macro   0x0000b6cf       0x88 src/ASF/common/services/clock/sam4s/sysclk.o
 .debug_macro   0x0000b757       0x88 src/ASF/common/services/clock/sam4s/sysclk.o
 .debug_macro   0x0000b7df      0x2cd src/ASF/common/services/clock/sam4s/sysclk.o
 .debug_macro   0x0000baac       0xb2 src/ASF/common/services/clock/sam4s/sysclk.o
 .debug_macro   0x0000bb5e       0xb2 src/ASF/common/services/clock/sam4s/sysclk.o
 .debug_macro   0x0000bc10       0x52 src/ASF/common/services/clock/sam4s/sysclk.o
 .debug_macro   0x0000bc62       0xac src/ASF/common/services/clock/sam4s/sysclk.o
 .debug_macro   0x0000bd0e       0x7c src/ASF/common/services/clock/sam4s/sysclk.o
 .debug_macro   0x0000bd8a       0x40 src/ASF/common/services/clock/sam4s/sysclk.o
 .debug_macro   0x0000bdca       0x64 src/ASF/common/services/clock/sam4s/sysclk.o
 .debug_macro   0x0000be2e       0x46 src/ASF/common/services/clock/sam4s/sysclk.o
 .debug_macro   0x0000be74       0x88 src/ASF/common/services/clock/sam4s/sysclk.o
 .debug_macro   0x0000befc       0x4c src/ASF/common/services/clock/sam4s/sysclk.o
 .debug_macro   0x0000bf48       0xa6 src/ASF/common/services/clock/sam4s/sysclk.o
 .debug_macro   0x0000bfee       0x7c src/ASF/common/services/clock/sam4s/sysclk.o
 .debug_macro   0x0000c06a       0x16 src/ASF/common/services/clock/sam4s/sysclk.o
 .debug_macro   0x0000c080       0x7c src/ASF/common/services/clock/sam4s/sysclk.o
 .debug_macro   0x0000c0fc       0x22 src/ASF/common/services/clock/sam4s/sysclk.o
 .debug_macro   0x0000c11e       0x22 src/ASF/common/services/clock/sam4s/sysclk.o
 .debug_macro   0x0000c140      0x195 src/ASF/common/services/clock/sam4s/sysclk.o
 .debug_macro   0x0000c2d5      0x165 src/ASF/common/services/clock/sam4s/sysclk.o
 .debug_macro   0x0000c43a      0x165 src/ASF/common/services/clock/sam4s/sysclk.o
 .debug_macro   0x0000c59f       0x1c src/ASF/common/services/clock/sam4s/sysclk.o
 .debug_macro   0x0000c5bb       0x2e src/ASF/common/services/clock/sam4s/sysclk.o
 .debug_macro   0x0000c5e9       0x22 src/ASF/common/services/clock/sam4s/sysclk.o
 .debug_macro   0x0000c60b       0x1c src/ASF/common/services/clock/sam4s/sysclk.o
 .debug_macro   0x0000c627       0x52 src/ASF/common/services/clock/sam4s/sysclk.o
 .debug_macro   0x0000c679       0x10 src/ASF/common/services/clock/sam4s/sysclk.o
 .debug_macro   0x0000c689      0x234 src/ASF/common/services/clock/sam4s/sysclk.o
 .debug_macro   0x0000c8bd      0x938 src/ASF/common/services/clock/sam4s/sysclk.o
 .debug_macro   0x0000d1f5      0x12a src/ASF/common/services/clock/sam4s/sysclk.o
 .debug_macro   0x0000d31f       0x58 src/ASF/common/services/clock/sam4s/sysclk.o
 .debug_macro   0x0000d377       0x35 src/ASF/common/services/clock/sam4s/sysclk.o
 .debug_macro   0x0000d3ac       0x9c src/ASF/common/services/clock/sam4s/sysclk.o
 .debug_macro   0x0000d448       0x16 src/ASF/common/services/clock/sam4s/sysclk.o
 .debug_macro   0x0000d45e       0x35 src/ASF/common/services/clock/sam4s/sysclk.o
 .debug_macro   0x0000d493      0x29d src/ASF/common/services/clock/sam4s/sysclk.o
 .debug_macro   0x0000d730       0x10 src/ASF/common/services/clock/sam4s/sysclk.o
 .debug_macro   0x0000d740       0x52 src/ASF/common/services/clock/sam4s/sysclk.o
 .debug_macro   0x0000d792       0x16 src/ASF/common/services/clock/sam4s/sysclk.o
 .debug_macro   0x0000d7a8       0x43 src/ASF/common/services/clock/sam4s/sysclk.o
 .debug_macro   0x0000d7eb      0x180 src/ASF/common/services/clock/sam4s/sysclk.o
 .debug_macro   0x0000d96b       0x10 src/ASF/common/services/clock/sam4s/sysclk.o
 .debug_macro   0x0000d97b       0x22 src/ASF/common/services/clock/sam4s/sysclk.o
 .debug_macro   0x0000d99d       0xbe src/ASF/common/services/clock/sam4s/sysclk.o
 .debug_macro   0x0000da5b       0x16 src/ASF/common/services/clock/sam4s/sysclk.o
 .debug_macro   0x0000da71      0x197 src/ASF/common/services/clock/sam4s/sysclk.o
 .debug_macro   0x0000dc08       0x22 src/ASF/common/services/clock/sam4s/sysclk.o
 .debug_macro   0x0000dc2a       0x16 src/ASF/common/services/clock/sam4s/sysclk.o
 .debug_macro   0x0000dc40       0x16 src/ASF/common/services/clock/sam4s/sysclk.o
 .debug_macro   0x0000dc56       0x29 src/ASF/common/services/clock/sam4s/sysclk.o
 .debug_macro   0x0000dc7f       0x6e src/ASF/common/services/clock/sam4s/sysclk.o
 .debug_macro   0x0000dced       0x3f src/ASF/common/services/clock/sam4s/sysclk.o
 .debug_macro   0x0000dd2c      0x3ca src/ASF/common/services/clock/sam4s/sysclk.o
 .debug_macro   0x0000e0f6      0x288 src/ASF/common/services/clock/sam4s/sysclk.o
 .debug_macro   0x0000e37e      0xa49 src/ASF/common/services/clock/sam4s/sysclk.o
 .debug_macro   0x0000edc7       0x58 src/ASF/common/services/clock/sam4s/sysclk.o
 .debug_macro   0x0000ee1f       0x64 src/ASF/common/services/clock/sam4s/sysclk.o
 .debug_macro   0x0000ee83       0x46 src/ASF/common/services/clock/sam4s/sysclk.o
 .debug_macro   0x0000eec9       0x90 src/ASF/common/services/clock/sam4s/sysclk.o
 .debug_macro   0x0000ef59      0x561 src/ASF/sam/boards/sam4s_ek2/init.o
 .debug_macro   0x0000f4ba       0x22 src/ASF/sam/boards/sam4s_ek2/init.o
 .debug_macro   0x0000f4dc       0x94 src/ASF/sam/boards/sam4s_ek2/init.o
 .debug_macro   0x0000f570       0x40 src/ASF/sam/boards/sam4s_ek2/init.o
 .debug_macro   0x0000f5b0       0x82 src/ASF/sam/boards/sam4s_ek2/init.o
 .debug_macro   0x0000f632      0x570 src/ASF/sam/components/display/aat31xx/aat31xx.o
 .debug_macro   0x0000fba2       0x16 src/ASF/sam/components/display/aat31xx/aat31xx.o
 .debug_macro   0x0000fbb8      0x510 src/ASF/sam/components/display/ili93xx/ili93xx.o
 .debug_macro   0x000100c8       0x4a src/ASF/sam/components/display/ili93xx/ili93xx.o
 .debug_macro   0x00010112       0x10 src/ASF/sam/components/display/ili93xx/ili93xx.o
 .debug_macro   0x00010122       0x1c src/ASF/sam/components/display/ili93xx/ili93xx.o
 .debug_macro   0x0001013e       0x16 src/ASF/sam/components/display/ili93xx/ili93xx.o
 .debug_macro   0x00010154      0x14f src/ASF/sam/components/display/ili93xx/ili93xx.o
 .debug_macro   0x000102a3      0x287 src/ASF/sam/components/display/ili93xx/ili93xx.o
 .debug_macro   0x0001052a      0x7ed src/ASF/sam/components/display/ili93xx/ili93xx.o
 .debug_macro   0x00010d17      0x4c1 src/ASF/sam/drivers/adc/adc.o
 .debug_macro   0x000111d8       0x1c src/ASF/sam/drivers/adc/adc.o
 .debug_macro   0x000111f4      0x4d5 src/ASF/sam/drivers/ebi/smc/smc.o
 .debug_macro   0x000116c9      0x4bd src/ASF/sam/drivers/pio/pio.o
 .debug_macro   0x00011b86       0x8e src/ASF/sam/drivers/pio/pio.o
 .debug_macro   0x00011c14      0x4c7 src/ASF/sam/drivers/pio/pio_handler.o
 .debug_macro   0x000120db      0x4bd src/ASF/sam/drivers/pmc/pmc.o
 .debug_macro   0x00012598       0x52 src/ASF/sam/drivers/pmc/pmc.o
 .debug_macro   0x000125ea      0x4be src/ASF/sam/drivers/tc/tc.o
 .debug_macro   0x00012aa8      0x316 src/ASF/sam/utils/cmsis/sam4s/source/templates/gcc/startup_sam4s.o
 .debug_macro   0x00012dbe      0x31e src/ASF/sam/utils/cmsis/sam4s/source/templates/system_sam4s.o
 .debug_macro   0x000130dc      0x169 src/ASF/sam/utils/syscalls/gcc/syscalls.o
 .debug_macro   0x00013245       0x97 src/ASF/sam/utils/syscalls/gcc/syscalls.o
 .debug_macro   0x000132dc       0xef src/ASF/sam/utils/syscalls/gcc/syscalls.o
 .debug_macro   0x000133cb       0x52 src/ASF/sam/utils/syscalls/gcc/syscalls.o
 .debug_macro   0x0001341d       0x16 src/ASF/sam/utils/syscalls/gcc/syscalls.o
 .debug_macro   0x00013433       0x10 src/ASF/sam/utils/syscalls/gcc/syscalls.o
 .debug_macro   0x00013443       0x10 src/ASF/sam/utils/syscalls/gcc/syscalls.o
 .debug_macro   0x00013453       0x10 src/ASF/sam/utils/syscalls/gcc/syscalls.o
 .debug_macro   0x00013463       0x35 src/ASF/sam/utils/syscalls/gcc/syscalls.o
 .debug_macro   0x00013498      0x122 src/ASF/sam/utils/syscalls/gcc/syscalls.o
 .debug_macro   0x000135ba      0x6b8 src/ili93xx_example.o
 .debug_macro   0x00013c72       0x10 src/ili93xx_example.o
 .debug_macro   0x00013c82      0x1e1 src/ili93xx_example.o

.debug_line     0x00000000     0xaa3c
 .debug_line    0x00000000      0xc60 src/ASF/common/services/clock/sam4s/sysclk.o
 .debug_line    0x00000c60      0xc4a src/ASF/sam/boards/sam4s_ek2/init.o
 .debug_line    0x000018aa      0xc62 src/ASF/sam/components/display/aat31xx/aat31xx.o
 .debug_line    0x0000250c     0x127c src/ASF/sam/components/display/ili93xx/ili93xx.o
 .debug_line    0x00003788      0xe0a src/ASF/sam/drivers/adc/adc.o
 .debug_line    0x00004592      0xadc src/ASF/sam/drivers/ebi/smc/smc.o
 .debug_line    0x0000506e      0xe3a src/ASF/sam/drivers/pio/pio.o
 .debug_line    0x00005ea8      0xb2e src/ASF/sam/drivers/pio/pio_handler.o
 .debug_line    0x000069d6     0x1021 src/ASF/sam/drivers/pmc/pmc.o
 .debug_line    0x000079f7      0xbd3 src/ASF/sam/drivers/tc/tc.o
 .debug_line    0x000085ca      0x88c src/ASF/sam/utils/cmsis/sam4s/source/templates/gcc/startup_sam4s.o
 .debug_line    0x00008e56      0x8b3 src/ASF/sam/utils/cmsis/sam4s/source/templates/system_sam4s.o
 .debug_line    0x00009709      0x3a2 src/ASF/sam/utils/syscalls/gcc/syscalls.o
 .debug_line    0x00009aab      0xf91 src/ili93xx_example.o

.debug_str      0x00000000    0x59679
 .debug_str     0x00000000    0x4e4f2 src/ASF/common/services/clock/sam4s/sysclk.o
                              0x4e870 (size before relaxing)
 .debug_str     0x0004e4f2      0xbd1 src/ASF/sam/boards/sam4s_ek2/init.o
                              0x4f1b4 (size before relaxing)
 .debug_str     0x0004f0c3      0x224 src/ASF/sam/components/display/aat31xx/aat31xx.o
                              0x4ed1f (size before relaxing)
 .debug_str     0x0004f2e7     0x65cd src/ASF/sam/components/display/ili93xx/ili93xx.o
                              0x542c7 (size before relaxing)
 .debug_str     0x000558b4      0xa5d src/ASF/sam/drivers/adc/adc.o
                              0x4a6da (size before relaxing)
 .debug_str     0x00056311      0x190 src/ASF/sam/drivers/ebi/smc/smc.o
                              0x4dded (size before relaxing)
 .debug_str     0x000564a1      0x54c src/ASF/sam/drivers/pio/pio.o
                              0x4a822 (size before relaxing)
 .debug_str     0x000569ed      0x40b src/ASF/sam/drivers/pio/pio_handler.o
                              0x4a69d (size before relaxing)
 .debug_str     0x00056df8      0x6d5 src/ASF/sam/drivers/pmc/pmc.o
                              0x4a671 (size before relaxing)
 .debug_str     0x000574cd      0x2e2 src/ASF/sam/drivers/tc/tc.o
                              0x49f6d (size before relaxing)
 .debug_str     0x000577af      0x40e src/ASF/sam/utils/cmsis/sam4s/source/templates/gcc/startup_sam4s.o
                              0x3b47d (size before relaxing)
 .debug_str     0x00057bbd       0xf1 src/ASF/sam/utils/cmsis/sam4s/source/templates/system_sam4s.o
                              0x3b246 (size before relaxing)
 .debug_str     0x00057cae      0x850 src/ASF/sam/utils/syscalls/gcc/syscalls.o
                               0x6111 (size before relaxing)
 .debug_str     0x000584fe     0x117b src/ili93xx_example.o
                              0x566bd (size before relaxing)

.debug_frame    0x00000000     0x3898
 .debug_frame   0x00000000      0x200 src/ASF/common/services/clock/sam4s/sysclk.o
 .debug_frame   0x00000200       0x6c src/ASF/sam/boards/sam4s_ek2/init.o
 .debug_frame   0x0000026c       0x80 src/ASF/sam/components/display/aat31xx/aat31xx.o
 .debug_frame   0x000002ec      0x720 src/ASF/sam/components/display/ili93xx/ili93xx.o
 .debug_frame   0x00000a0c      0x740 src/ASF/sam/drivers/adc/adc.o
 .debug_frame   0x0000114c      0x128 src/ASF/sam/drivers/ebi/smc/smc.o
 .debug_frame   0x00001274      0x7c0 src/ASF/sam/drivers/pio/pio.o
 .debug_frame   0x00001a34      0x1c0 src/ASF/sam/drivers/pio/pio_handler.o
 .debug_frame   0x00001bf4      0x918 src/ASF/sam/drivers/pmc/pmc.o
 .debug_frame   0x0000250c      0x3a8 src/ASF/sam/drivers/tc/tc.o
 .debug_frame   0x000028b4       0x48 src/ASF/sam/utils/cmsis/sam4s/source/templates/gcc/startup_sam4s.o
 .debug_frame   0x000028fc       0x78 src/ASF/sam/utils/cmsis/sam4s/source/templates/system_sam4s.o
 .debug_frame   0x00002974      0x168 src/ASF/sam/utils/syscalls/gcc/syscalls.o
 .debug_frame   0x00002adc      0x188 src/ili93xx_example.o
 .debug_frame   0x00002c64       0x38 c:/program files (x86)/atmel/studio/7.0/toolchain/arm/arm-gnu-toolchain/bin/../lib/gcc/arm-none-eabi/4.9.3/../../../../arm-none-eabi/lib/armv7e-m\libm.a(lib_a-s_cos.o)
 .debug_frame   0x00002c9c       0x38 c:/program files (x86)/atmel/studio/7.0/toolchain/arm/arm-gnu-toolchain/bin/../lib/gcc/arm-none-eabi/4.9.3/../../../../arm-none-eabi/lib/armv7e-m\libm.a(lib_a-s_sin.o)
 .debug_frame   0x00002cd4       0x48 c:/program files (x86)/atmel/studio/7.0/toolchain/arm/arm-gnu-toolchain/bin/../lib/gcc/arm-none-eabi/4.9.3/../../../../arm-none-eabi/lib/armv7e-m\libm.a(lib_a-e_rem_pio2.o)
 .debug_frame   0x00002d1c       0x4c c:/program files (x86)/atmel/studio/7.0/toolchain/arm/arm-gnu-toolchain/bin/../lib/gcc/arm-none-eabi/4.9.3/../../../../arm-none-eabi/lib/armv7e-m\libm.a(lib_a-k_cos.o)
 .debug_frame   0x00002d68       0x54 c:/program files (x86)/atmel/studio/7.0/toolchain/arm/arm-gnu-toolchain/bin/../lib/gcc/arm-none-eabi/4.9.3/../../../../arm-none-eabi/lib/armv7e-m\libm.a(lib_a-k_rem_pio2.o)
 .debug_frame   0x00002dbc       0x48 c:/program files (x86)/atmel/studio/7.0/toolchain/arm/arm-gnu-toolchain/bin/../lib/gcc/arm-none-eabi/4.9.3/../../../../arm-none-eabi/lib/armv7e-m\libm.a(lib_a-k_sin.o)
 .debug_frame   0x00002e04       0x20 c:/program files (x86)/atmel/studio/7.0/toolchain/arm/arm-gnu-toolchain/bin/../lib/gcc/arm-none-eabi/4.9.3/../../../../arm-none-eabi/lib/armv7e-m\libm.a(lib_a-s_fabs.o)
 .debug_frame   0x00002e24       0x34 c:/program files (x86)/atmel/studio/7.0/toolchain/arm/arm-gnu-toolchain/bin/../lib/gcc/arm-none-eabi/4.9.3/../../../../arm-none-eabi/lib/armv7e-m\libm.a(lib_a-s_floor.o)
 .debug_frame   0x00002e58       0x30 c:/program files (x86)/atmel/studio/7.0/toolchain/arm/arm-gnu-toolchain/bin/../lib/gcc/arm-none-eabi/4.9.3/../../../../arm-none-eabi/lib/armv7e-m\libm.a(lib_a-s_scalbn.o)
 .debug_frame   0x00002e88       0x20 c:/program files (x86)/atmel/studio/7.0/toolchain/arm/arm-gnu-toolchain/bin/../lib/gcc/arm-none-eabi/4.9.3/../../../../arm-none-eabi/lib/armv7e-m\libm.a(lib_a-s_copysign.o)
 .debug_frame   0x00002ea8       0x2c c:/program files (x86)/atmel/studio/7.0/toolchain/arm/arm-gnu-toolchain/bin/../lib/gcc/arm-none-eabi/4.9.3/../../../../arm-none-eabi/lib/armv7e-m\libc.a(lib_a-init.o)
 .debug_frame   0x00002ed4       0x34 c:/program files (x86)/atmel/studio/7.0/toolchain/arm/arm-gnu-toolchain/bin/../lib/gcc/arm-none-eabi/4.9.3/../../../../arm-none-eabi/lib/armv7e-m\libc.a(lib_a-memset.o)
 .debug_frame   0x00002f08       0xd0 c:/program files (x86)/atmel/studio/7.0/toolchain/arm/arm-gnu-toolchain/bin/../lib/gcc/arm-none-eabi/4.9.3/../../../../arm-none-eabi/lib/armv7e-m\libc.a(lib_a-snprintf.o)
 .debug_frame   0x00002fd8       0x20 c:/program files (x86)/atmel/studio/7.0/toolchain/arm/arm-gnu-toolchain/bin/../lib/gcc/arm-none-eabi/4.9.3/../../../../arm-none-eabi/lib/armv7e-m\libc.a(lib_a-strlen.o)
 .debug_frame   0x00002ff8       0x40 c:/program files (x86)/atmel/studio/7.0/toolchain/arm/arm-gnu-toolchain/bin/../lib/gcc/arm-none-eabi/4.9.3/../../../../arm-none-eabi/lib/armv7e-m\libc.a(lib_a-svfprintf.o)
 .debug_frame   0x00003038       0x50 c:/program files (x86)/atmel/studio/7.0/toolchain/arm/arm-gnu-toolchain/bin/../lib/gcc/arm-none-eabi/4.9.3/../../../../arm-none-eabi/lib/armv7e-m\libc.a(lib_a-__call_atexit.o)
 .debug_frame   0x00003088       0x20 c:/program files (x86)/atmel/studio/7.0/toolchain/arm/arm-gnu-toolchain/bin/../lib/gcc/arm-none-eabi/4.9.3/../../../../arm-none-eabi/lib/armv7e-m\libc.a(lib_a-atexit.o)
 .debug_frame   0x000030a8       0x88 c:/program files (x86)/atmel/studio/7.0/toolchain/arm/arm-gnu-toolchain/bin/../lib/gcc/arm-none-eabi/4.9.3/../../../../arm-none-eabi/lib/armv7e-m\libc.a(lib_a-dtoa.o)
 .debug_frame   0x00003130       0x34 c:/program files (x86)/atmel/studio/7.0/toolchain/arm/arm-gnu-toolchain/bin/../lib/gcc/arm-none-eabi/4.9.3/../../../../arm-none-eabi/lib/armv7e-m\libc.a(lib_a-fini.o)
 .debug_frame   0x00003164       0x74 c:/program files (x86)/atmel/studio/7.0/toolchain/arm/arm-gnu-toolchain/bin/../lib/gcc/arm-none-eabi/4.9.3/../../../../arm-none-eabi/lib/armv7e-m\libc.a(lib_a-freer.o)
 .debug_frame   0x000031d8       0x9c c:/program files (x86)/atmel/studio/7.0/toolchain/arm/arm-gnu-toolchain/bin/../lib/gcc/arm-none-eabi/4.9.3/../../../../arm-none-eabi/lib/armv7e-m\libc.a(lib_a-locale.o)
 .debug_frame   0x00003274       0x58 c:/program files (x86)/atmel/studio/7.0/toolchain/arm/arm-gnu-toolchain/bin/../lib/gcc/arm-none-eabi/4.9.3/../../../../arm-none-eabi/lib/armv7e-m\libc.a(lib_a-mallocr.o)
 .debug_frame   0x000032cc       0x3c c:/program files (x86)/atmel/studio/7.0/toolchain/arm/arm-gnu-toolchain/bin/../lib/gcc/arm-none-eabi/4.9.3/../../../../arm-none-eabi/lib/armv7e-m\libc.a(lib_a-memchr.o)
 .debug_frame   0x00003308       0x30 c:/program files (x86)/atmel/studio/7.0/toolchain/arm/arm-gnu-toolchain/bin/../lib/gcc/arm-none-eabi/4.9.3/../../../../arm-none-eabi/lib/armv7e-m\libc.a(lib_a-memmove.o)
 .debug_frame   0x00003338       0x30 c:/program files (x86)/atmel/studio/7.0/toolchain/arm/arm-gnu-toolchain/bin/../lib/gcc/arm-none-eabi/4.9.3/../../../../arm-none-eabi/lib/armv7e-m\libc.a(lib_a-mlock.o)
 .debug_frame   0x00003368      0x268 c:/program files (x86)/atmel/studio/7.0/toolchain/arm/arm-gnu-toolchain/bin/../lib/gcc/arm-none-eabi/4.9.3/../../../../arm-none-eabi/lib/armv7e-m\libc.a(lib_a-mprec.o)
 .debug_frame   0x000035d0       0x60 c:/program files (x86)/atmel/studio/7.0/toolchain/arm/arm-gnu-toolchain/bin/../lib/gcc/arm-none-eabi/4.9.3/../../../../arm-none-eabi/lib/armv7e-m\libc.a(lib_a-reallocr.o)
 .debug_frame   0x00003630       0x34 c:/program files (x86)/atmel/studio/7.0/toolchain/arm/arm-gnu-toolchain/bin/../lib/gcc/arm-none-eabi/4.9.3/../../../../arm-none-eabi/lib/armv7e-m\libc.a(lib_a-s_fpclassify.o)
 .debug_frame   0x00003664       0x2c c:/program files (x86)/atmel/studio/7.0/toolchain/arm/arm-gnu-toolchain/bin/../lib/gcc/arm-none-eabi/4.9.3/../../../../arm-none-eabi/lib/armv7e-m\libc.a(lib_a-sbrkr.o)
 .debug_frame   0x00003690       0x78 c:/program files (x86)/atmel/studio/7.0/toolchain/arm/arm-gnu-toolchain/bin/../lib/gcc/arm-none-eabi/4.9.3/../../../../arm-none-eabi/lib/armv7e-m\libc.a(lib_a-svfiprintf.o)
 .debug_frame   0x00003708       0x34 c:/program files (x86)/atmel/studio/7.0/toolchain/arm/arm-gnu-toolchain/bin/../lib/gcc/arm-none-eabi/4.9.3/../../../../arm-none-eabi/lib/armv7e-m\libc.a(lib_a-__atexit.o)
 .debug_frame   0x0000373c       0x28 c:/program files (x86)/atmel/studio/7.0/toolchain/arm/arm-gnu-toolchain/bin/../lib/gcc/arm-none-eabi/4.9.3/../../../../arm-none-eabi/lib/armv7e-m\libc.a(lib_a-callocr.o)
 .debug_frame   0x00003764       0x58 c:/program files (x86)/atmel/studio/7.0/toolchain/arm/arm-gnu-toolchain/bin/../lib/gcc/arm-none-eabi/4.9.3/../../../../arm-none-eabi/lib/armv7e-m\libc.a(lib_a-reent.o)
 .debug_frame   0x000037bc       0x28 c:/program files (x86)/atmel/studio/7.0/toolchain/arm/arm-gnu-toolchain/bin/../lib/gcc/arm-none-eabi/4.9.3/armv7e-m\libgcc.a(_aeabi_uldivmod.o)
 .debug_frame   0x000037e4       0x50 c:/program files (x86)/atmel/studio/7.0/toolchain/arm/arm-gnu-toolchain/bin/../lib/gcc/arm-none-eabi/4.9.3/armv7e-m\libgcc.a(bpabi.o)
 .debug_frame   0x00003834       0x34 c:/program files (x86)/atmel/studio/7.0/toolchain/arm/arm-gnu-toolchain/bin/../lib/gcc/arm-none-eabi/4.9.3/armv7e-m\libgcc.a(_divdi3.o)
 .debug_frame   0x00003868       0x30 c:/program files (x86)/atmel/studio/7.0/toolchain/arm/arm-gnu-toolchain/bin/../lib/gcc/arm-none-eabi/4.9.3/armv7e-m\libgcc.a(_udivdi3.o)

Cross Reference Table

Symbol                                            File
ACC_Handler                                       src/ASF/sam/utils/cmsis/sam4s/source/templates/gcc/startup_sam4s.o
ADC_Handler                                       src/ili93xx_example.o
                                                  src/ASF/sam/utils/cmsis/sam4s/source/templates/gcc/startup_sam4s.o
BusFault_Handler                                  src/ASF/sam/utils/cmsis/sam4s/source/templates/gcc/startup_sam4s.o
CRCCU_Handler                                     src/ASF/sam/utils/cmsis/sam4s/source/templates/gcc/startup_sam4s.o
DACC_Handler                                      src/ASF/sam/utils/cmsis/sam4s/source/templates/gcc/startup_sam4s.o
DebugMon_Handler                                  src/ASF/sam/utils/cmsis/sam4s/source/templates/gcc/startup_sam4s.o
Dummy_Handler                                     src/ASF/sam/utils/cmsis/sam4s/source/templates/gcc/startup_sam4s.o
EFC0_Handler                                      src/ASF/sam/utils/cmsis/sam4s/source/templates/gcc/startup_sam4s.o
EFC1_Handler                                      src/ASF/sam/utils/cmsis/sam4s/source/templates/gcc/startup_sam4s.o